schema {
  query: Query
  mutation: Mutation
}

type CandidateLink {
  id: ID!
  projectId: String!
  sessionId: String!
  sourceCandidateRef: String!
  targetCandidateRef: String!
  linkType: CandidateLinkType!
  createdAt: DateTime!
}

"Aggregate coverage statistics for a project."
type CoverageSummary {
  totalRequirements: Int!
  coveredRequirements: Int!
  notCoveredRequirements: Int!
  coveragePercent: Float!
  orphanTests: Int!
}

"Indicates that creation of a single batch item failed."
type CreateScenarioError {
  code: String!
  message: String!
  field: String
}

"Payload returned by the createScenario mutation."
type CreateScenarioPayload {
  "The created scenario, or null if validation failed."
  scenario: Scenario
  "Validation errors that prevented creation."
  errors: [UserError!]!
  "Correlation ID for tracing this request in logs."
  correlationId: String!
}

"Indicates that a single batch item was successfully created."
type CreateScenarioSuccess {
  scenario: Scenario!
}

"Payload returned after a batch scenario creation attempt."
type CreateScenariosPayload {
  results: [CreateScenarioResult!]!
  successCount: Int!
  failureCount: Int!
  correlationId: String!
}

"Payload returned by the createTraceLink mutation."
type CreateTraceLinkPayload {
  "The created trace link, or null if validation failed."
  traceLink: TraceLink
  "Validation errors that prevented the link from being created."
  errors: [UserError!]!
  "Correlation ID for tracing this request in logs."
  correlationId: String!
}

type DeleteQaDeltaReviewPayload {
  deletedId: String
  success: Boolean!
  errors: [UserError!]!
  correlationId: String!
}

"Payload returned by the deleteScenario mutation."
type DeleteScenarioPayload {
  "The ID of the deleted scenario on success; null on failure."
  deletedId: ID
  "True when the scenario was successfully deleted."
  success: Boolean!
  "Business errors that prevented deletion."
  errors: [UserError!]!
  "Correlation ID for tracing this request in logs."
  correlationId: String!
}

"Payload returned by the deleteTraceLink mutation."
type DeleteTraceLinkPayload {
  "The ID of the deleted trace link, or null if deletion failed."
  deletedId: String
  "True when the trace link was successfully deleted."
  success: Boolean!
  "Errors that prevented deletion."
  errors: [UserError!]!
  "Correlation ID for tracing this request in logs."
  correlationId: String!
}

"Root mutation type."
type Mutation {
  "Creates a new scenario in the given project."
  createScenario(input: CreateScenarioInput!): CreateScenarioPayload! @cost(weight: "10")
  "Creates multiple scenarios from a completed extraction review session."
  createScenarios(input: CreateScenariosInput!): CreateScenariosPayload! @cost(weight: "10")
  "Persists the QA review decisions for all candidates in an extraction session."
  saveReviewedCandidates(input: SaveReviewedCandidatesInput!): SaveReviewedCandidatesPayload! @cost(weight: "10")
  "Deletes a scenario by ID."
  deleteScenario(id: ID!): DeleteScenarioPayload! @cost(weight: "10")
  "Persists the traceability links between candidates for an extraction session."
  saveCandidateLinks(input: SaveCandidateLinksInput!): SaveCandidateLinksPayload! @cost(weight: "10")
  "Saves a QA delta review from a specification comparison."
  saveQaDeltaReview(input: SaveQaDeltaReviewInput!): SaveQaDeltaReviewPayload! @cost(weight: "10")
  "Reorders TEST scenarios within a project by assigning display_order from the given ordered IDs."
  reorderTestScenarios(input: ReorderTestScenariosInput!): ReorderTestScenariosPayload! @cost(weight: "10")
  "Deletes a QA delta review by ID."
  deleteQaDeltaReview(id: ID!): DeleteQaDeltaReviewPayload! @cost(weight: "10")
  "Creates a trace link between two artifacts in the given project."
  createTraceLink(input: CreateTraceLinkInput!): CreateTraceLinkPayload! @cost(weight: "10")
  "Deletes a trace link by ID. ProjectId is required for safety scoping."
  deleteTraceLink(input: DeleteTraceLinkInput!): DeleteTraceLinkPayload! @cost(weight: "10")
}

"Represents a saved QA delta review from a specification comparison."
type QaDeltaReview {
  id: ID!
  title: String!
  projectId: String!
  createdAt: DateTime!
  oldSpecFileName: String
  newSpecFileName: String
  oldSpecHash: String
  newSpecHash: String
  oldSpecSize: Int
  newSpecSize: Int
  analysisProfile: String!
  summaryJson: String!
  deltaItemsJson: String!
}

"Root query type."
type Query {
  "Health-check; returns \"pong\"."
  ping: String
  "Returns all scenarios for the given project, newest first."
  scenarios(projectId: String!): [Scenario!]! @cost(weight: "10")
  "Returns reviewed candidates for the given project, optionally filtered by session."
  reviewedCandidates(projectId: String! sessionId: String): [ReviewedCandidate!]! @cost(weight: "10")
  "Returns candidate links for the given project, optionally filtered by session."
  candidateLinks(projectId: String! sessionId: String): [CandidateLink!]! @cost(weight: "10")
  "Returns all delta reviews for the given project, newest first."
  qaDeltaReviews(projectId: String!): [QaDeltaReview!]! @cost(weight: "10")
  "Returns a single delta review by ID, or null if not found."
  qaDeltaReview(id: ID!): QaDeltaReview @cost(weight: "10")
  "Returns the traceability matrix for the given project. Only Requirement and Test scenarios are included."
  traceabilityMatrix(projectId: String!): [TraceabilityMatrixRow!]! @cost(weight: "10")
  "Returns aggregate coverage statistics for the given project."
  coverageSummary(projectId: String!): CoverageSummary! @cost(weight: "10")
}

type ReorderTestScenariosPayload {
  success: Boolean!
  errors: [UserError!]!
  correlationId: String!
}

"A candidate extracted from a document with its QA review decision."
type ReviewedCandidate {
  id: ID!
  title: String!
  classification: ScenarioKind!
  reviewStatus: CandidateReviewStatus!
  sourceDocument: String
  sourceSection: String
  projectId: String!
  sessionId: String!
  reviewedBy: String!
  createdAt: DateTime!
  reviewedAt: DateTime
}

type SaveCandidateLinksPayload {
  savedCount: Int!
  correlationId: String!
}

type SaveQaDeltaReviewPayload {
  review: QaDeltaReview
  errors: [UserError!]!
  correlationId: String!
}

type SaveReviewedCandidatesPayload {
  savedCount: Int!
  correlationId: String!
}

"Represents a scenario used for specification and QA."
type Scenario {
  id: ID!
  title: String!
  description: String
  kind: ScenarioKind!
  projectId: String!
  createdAt: DateTime!
  displayOrder: Int!
}

"A directional link between two artifacts in BirkNext."
type TraceLink {
  id: ID!
  projectId: String!
  "The artifact that covers or links (v1: a Test Scenario's Id)."
  sourceId: ID!
  "Discriminates the source artifact type. See TraceLinkArtifactKind."
  sourceKind: String!
  "The artifact being covered or linked (v1: a Requirement Scenario's Id)."
  targetId: ID!
  "Discriminates the target artifact type. See TraceLinkArtifactKind."
  targetKind: String!
  linkType: TraceLinkType!
  createdAt: DateTime!
  createdBy: String
  notes: String
}

"A test scenario paired with the trace link that connects it to a requirement."
type TraceLinkWithTest {
  link: TraceLink!
  test: Scenario!
}

"A single row in the traceability matrix: one requirement and all tests that cover it."
type TraceabilityMatrixRow {
  requirement: Scenario!
  linkedTests: [TraceLinkWithTest!]!
  coverageStatus: CoverageStatus!
}

type UserError {
  code: String!
  message: String!
  field: String
}

"A discriminated result for a single item in a batch scenario creation."
union CreateScenarioResult = CreateScenarioSuccess | CreateScenarioError

"Input for the createScenario mutation."
input CreateScenarioInput {
  title: String!
  description: String
  kind: ScenarioKind!
  projectId: String!
}

"""
Input for creating multiple scenarios from a completed extraction review session.
Raw pasted specification text must not appear in any field of this input.
"""
input CreateScenariosInput {
  items: [CreateScenarioInput!]!
  extractionMetadata: ExtractionMetadataInput
}

"Input for the createTraceLink mutation."
input CreateTraceLinkInput {
  projectId: String!
  sourceId: String!
  sourceKind: String!
  targetId: String!
  targetKind: String!
  linkType: TraceLinkType!
  createdBy: String
  notes: String
}

"Input for the deleteTraceLink mutation."
input DeleteTraceLinkInput {
  id: String!
  projectId: String!
}

"""
Observability metadata forwarded from the Blazor WASM extraction pipeline to the server.
Privacy constraint: carries no text content — only numeric counts or opaque identifiers.
SessionId is a client-generated GUID that correlates events within one extraction session;
it must never be derived from pasted text and is intentionally omitted from server-side logs.
"""
input ExtractionMetadataInput {
  totalExtracted: Int!
  selectedCount: Int!
  extractionDurationMs: Int!
  sessionId: String!
}

input ReorderTestScenariosInput {
  projectId: String!
  orderedIds: [String!]!
}

input SaveCandidateLinkItemInput {
  sourceCandidateRef: String!
  targetCandidateRef: String!
  linkType: CandidateLinkType!
}

input SaveCandidateLinksInput {
  projectId: String!
  sessionId: String!
  links: [SaveCandidateLinkItemInput!]!
}

input SaveQaDeltaReviewInput {
  title: String!
  projectId: String!
  oldSpecFileName: String
  newSpecFileName: String
  oldSpecHash: String
  newSpecHash: String
  oldSpecSize: Int
  newSpecSize: Int
  analysisProfile: String!
  summaryJson: String!
  deltaItemsJson: String!
}

input SaveReviewedCandidateItemInput {
  title: String!
  classification: ScenarioKind!
  reviewStatus: CandidateReviewStatus!
  sourceDocument: String
  sourceSection: String
  projectId: String!
  reviewedBy: String
  reviewedAt: DateTime
}

input SaveReviewedCandidatesInput {
  items: [SaveReviewedCandidateItemInput!]!
  sessionId: String
}

enum CandidateLinkType {
  REQUIREMENT_TEST
  REQUIREMENT_CLARIFICATION
  TEST_CLARIFICATION
}

enum CandidateReviewStatus {
  NEW
  ACCEPTED
  REJECTED
  NEEDS_REVIEW
}

enum CoverageStatus {
  COVERED
  NOT_COVERED
}

enum ScenarioKind {
  REQUIREMENT
  TEST
  NEEDS_CLARIFICATION
}

enum TraceLinkType {
  COVERS
  RELATED_TO
}

"The purpose of the `cost` directive is to define a `weight` for GraphQL types, fields, and arguments. Static analysis can use these weights when calculating the overall cost of a query or response."
directive @cost("The `weight` argument defines what value to add to the overall cost for every appearance, or possible appearance, of a type, field, argument, etc." weight: String!) on SCALAR | OBJECT | FIELD_DEFINITION | ARGUMENT_DEFINITION | ENUM | INPUT_FIELD_DEFINITION

"The `@specifiedBy` directive is used within the type system definition language to provide a URL for specifying the behavior of custom scalar definitions."
directive @specifiedBy("The specifiedBy URL points to a human-readable specification. This field will only read a result for scalar types." url: String!) on SCALAR

"The `DateTime` scalar represents an ISO-8601 compliant date time type."
scalar DateTime @specifiedBy(url: "https:\/\/www.graphql-scalars.com\/date-time")
