schema {
  query: Query
  mutation: Mutation
}

type CandidateLink {
  id: ID!
  projectId: String!
  sessionId: String!
  sourceCandidateRef: String!
  targetCandidateRef: String!
  linkType: CandidateLinkType!
  createdAt: DateTime!
}

"Indicates that creation of a single batch item failed."
type CreateScenarioError {
  code: String!
  message: String!
  field: String
}

"Payload returned by the createScenario mutation."
type CreateScenarioPayload {
  "The created scenario, or null if validation failed."
  scenario: Scenario
  "Validation errors that prevented creation."
  errors: [UserError!]!
  "Correlation ID for tracing this request in logs."
  correlationId: String!
}

"Indicates that a single batch item was successfully created."
type CreateScenarioSuccess {
  scenario: Scenario!
}

"Payload returned after a batch scenario creation attempt."
type CreateScenariosPayload {
  results: [CreateScenarioResult!]!
  successCount: Int!
  failureCount: Int!
  correlationId: String!
}

"Payload returned by the deleteScenario mutation."
type DeleteScenarioPayload {
  "The ID of the deleted scenario on success; null on failure."
  deletedId: ID
  "True when the scenario was successfully deleted."
  success: Boolean!
  "Business errors that prevented deletion."
  errors: [UserError!]!
  "Correlation ID for tracing this request in logs."
  correlationId: String!
}

"Root mutation type."
type Mutation {
  "Creates a new scenario in the given project."
  createScenario(input: CreateScenarioInput!): CreateScenarioPayload! @cost(weight: "10")
  "Creates multiple scenarios from a completed extraction review session."
  createScenarios(input: CreateScenariosInput!): CreateScenariosPayload! @cost(weight: "10")
  "Persists the QA review decisions for all candidates in an extraction session."
  saveReviewedCandidates(input: SaveReviewedCandidatesInput!): SaveReviewedCandidatesPayload! @cost(weight: "10")
  "Deletes a scenario by ID."
  deleteScenario(id: ID!): DeleteScenarioPayload! @cost(weight: "10")
  "Persists the traceability links between candidates for an extraction session."
  saveCandidateLinks(input: SaveCandidateLinksInput!): SaveCandidateLinksPayload! @cost(weight: "10")
}

"Root query type."
type Query {
  "Health-check; returns \"pong\"."
  ping: String
  "Returns all scenarios for the given project, newest first."
  scenarios(projectId: String!): [Scenario!]! @cost(weight: "10")
  "Returns reviewed candidates for the given project, optionally filtered by session."
  reviewedCandidates(projectId: String! sessionId: String): [ReviewedCandidate!]! @cost(weight: "10")
  "Returns candidate links for the given project, optionally filtered by session."
  candidateLinks(projectId: String! sessionId: String): [CandidateLink!]! @cost(weight: "10")
}

"A candidate extracted from a document with its QA review decision."
type ReviewedCandidate {
  id: ID!
  title: String!
  classification: ScenarioKind!
  reviewStatus: CandidateReviewStatus!
  sourceDocument: String
  sourceSection: String
  projectId: String!
  sessionId: String!
  reviewedBy: String!
  createdAt: DateTime!
  reviewedAt: DateTime
}

type SaveCandidateLinksPayload {
  savedCount: Int!
  correlationId: String!
}

type SaveReviewedCandidatesPayload {
  savedCount: Int!
  correlationId: String!
}

"Represents a scenario used for specification and QA."
type Scenario {
  id: ID!
  title: String!
  description: String
  kind: ScenarioKind!
  projectId: String!
  createdAt: DateTime!
}

type UserError {
  code: String!
  message: String!
  field: String
}

"A discriminated result for a single item in a batch scenario creation."
union CreateScenarioResult = CreateScenarioSuccess | CreateScenarioError

"Input for the createScenario mutation."
input CreateScenarioInput {
  title: String!
  description: String
  kind: ScenarioKind!
  projectId: String!
}

"""
Input for creating multiple scenarios from a completed extraction review session.
Raw pasted specification text must not appear in any field of this input.
"""
input CreateScenariosInput {
  items: [CreateScenarioInput!]!
  extractionMetadata: ExtractionMetadataInput
}

"""
Observability metadata forwarded from the Blazor WASM extraction pipeline to the server.
Privacy constraint: carries no text content — only numeric counts or opaque identifiers.
SessionId is a client-generated GUID that correlates events within one extraction session;
it must never be derived from pasted text and is intentionally omitted from server-side logs.
"""
input ExtractionMetadataInput {
  totalExtracted: Int!
  selectedCount: Int!
  extractionDurationMs: Int!
  sessionId: String!
}

input SaveCandidateLinkItemInput {
  sourceCandidateRef: String!
  targetCandidateRef: String!
  linkType: CandidateLinkType!
}

input SaveCandidateLinksInput {
  projectId: String!
  sessionId: String!
  links: [SaveCandidateLinkItemInput!]!
}

input SaveReviewedCandidateItemInput {
  title: String!
  classification: ScenarioKind!
  reviewStatus: CandidateReviewStatus!
  sourceDocument: String
  sourceSection: String
  projectId: String!
  reviewedBy: String
  reviewedAt: DateTime
}

input SaveReviewedCandidatesInput {
  items: [SaveReviewedCandidateItemInput!]!
  sessionId: String
}

enum CandidateLinkType {
  REQUIREMENT_TEST
  REQUIREMENT_CLARIFICATION
  TEST_CLARIFICATION
}

enum CandidateReviewStatus {
  NEW
  ACCEPTED
  REJECTED
  NEEDS_REVIEW
}

enum ScenarioKind {
  REQUIREMENT
  TEST
  NEEDS_CLARIFICATION
}

"The purpose of the `cost` directive is to define a `weight` for GraphQL types, fields, and arguments. Static analysis can use these weights when calculating the overall cost of a query or response."
directive @cost("The `weight` argument defines what value to add to the overall cost for every appearance, or possible appearance, of a type, field, argument, etc." weight: String!) on SCALAR | OBJECT | FIELD_DEFINITION | ARGUMENT_DEFINITION | ENUM | INPUT_FIELD_DEFINITION

"The `@specifiedBy` directive is used within the type system definition language to provide a URL for specifying the behavior of custom scalar definitions."
directive @specifiedBy("The specifiedBy URL points to a human-readable specification. This field will only read a result for scalar types." url: String!) on SCALAR

"The `DateTime` scalar represents an ISO-8601 compliant date time type."
scalar DateTime @specifiedBy(url: "https:\/\/www.graphql-scalars.com\/date-time")
