<?xml version="1.0" encoding="utf-8"?>
<TestRun id="562f6c6e-4371-4e65-8540-a9e9f608ccce" name="ajaan@BUF-5CG4423FYV 2026-08-17 13:02:08" runUser="COMMON\ajaan" xmlns="http://microsoft.com/schemas/VisualStudio/TeamTest/2010">
  <Times creation="2026-08-17T13:02:08.5402350+02:00" queuing="2026-08-17T13:02:08.5402351+02:00" start="2026-08-17T13:02:04.4849354+02:00" finish="2026-08-17T13:02:08.7435992+02:00" />
  <TestSettings name="default" id="73e35280-968f-4a77-bc78-145aa6f98cf4">
    <Deployment runDeploymentRoot="ajaan_BUF-5CG4423FYV_2026-08-17_13_02_08" />
  </TestSettings>
  <Results>
    <UnitTestResult executionId="e5a86ca2-0a84-4879-8a7a-e4c87d0d061a" testId="28ab8b41-f96e-9198-b515-78d8e8f7d3db" testName="BirkNext.Web.Tests.Pages.DashboardPageTests.DashboardWorkflowMetric_UsesSharedReadinessForLoadedWorkspace" computerName="BUF-5CG4423FYV" duration="00:00:03.4698295" startTime="2026-08-17T13:02:08.5182257+02:00" endTime="2026-08-17T13:02:08.5182392+02:00" testType="13cdc9d9-ddb5-4fa4-a97d-d965ccfc6d4b" outcome="Passed" testListId="8c84fa94-04c1-424b-9868-57a2d4851a1d" relativeResultsDirectory="e5a86ca2-0a84-4879-8a7a-e4c87d0d061a" />
    <UnitTestResult executionId="fc685aec-46f4-47ad-b4f1-14e21430d154" testId="8777e29d-67ff-cb5d-1076-73f412cbb3e6" testName="BirkNext.Web.Tests.Components.ViewBehaviorTests.UserGuide_ExplainsRequirementVsUserStoryViews" computerName="BUF-5CG4423FYV" duration="00:00:00.0192200" startTime="2026-08-17T13:02:08.5371908+02:00" endTime="2026-08-17T13:02:08.5371909+02:00" testType="13cdc9d9-ddb5-4fa4-a97d-d965ccfc6d4b" outcome="Passed" testListId="8c84fa94-04c1-424b-9868-57a2d4851a1d" relativeResultsDirectory="fc685aec-46f4-47ad-b4f1-14e21430d154" />
    <UnitTestResult executionId="163a9bdd-fd65-4b87-963a-c1409d95bd73" testId="2b1a5a45-7893-9808-67cf-7c4d9949bddf" testName="BirkNext.Web.Tests.Components.ViewBehaviorTests.UserGuide_ExplainsImplementationCoverageVsValidationCoverage" computerName="BUF-5CG4423FYV" duration="00:00:00.0036617" startTime="2026-08-17T13:02:08.6115556+02:00" endTime="2026-08-17T13:02:08.6115557+02:00" testType="13cdc9d9-ddb5-4fa4-a97d-d965ccfc6d4b" outcome="Passed" testListId="8c84fa94-04c1-424b-9868-57a2d4851a1d" relativeResultsDirectory="163a9bdd-fd65-4b87-963a-c1409d95bd73" />
    <UnitTestResult executionId="5054e7f3-335a-412c-939f-8d12795369c4" testId="24b97a25-b10e-3305-7844-f267fd0df2ae" testName="BirkNext.Web.Tests.Components.ViewBehaviorTests.FlowView_UsesNormalizedArtifacts" computerName="BUF-5CG4423FYV" duration="00:00:00.0023552" startTime="2026-08-17T13:02:08.6053634+02:00" endTime="2026-08-17T13:02:08.6053636+02:00" testType="13cdc9d9-ddb5-4fa4-a97d-d965ccfc6d4b" outcome="Passed" testListId="8c84fa94-04c1-424b-9868-57a2d4851a1d" relativeResultsDirectory="5054e7f3-335a-412c-939f-8d12795369c4" />
    <UnitTestResult executionId="b7bdc8cd-60f3-4259-813b-5652e74ab0d2" testId="646a5d51-28d4-6d7b-b152-299419441dc3" testName="BirkNext.Web.Tests.Components.ViewBehaviorTests.UserGuide_ExplainsTraceabilityMetricNavigation" computerName="BUF-5CG4423FYV" duration="00:00:00.0030095" startTime="2026-08-17T13:02:08.6924507+02:00" endTime="2026-08-17T13:02:08.6924508+02:00" testType="13cdc9d9-ddb5-4fa4-a97d-d965ccfc6d4b" outcome="Passed" testListId="8c84fa94-04c1-424b-9868-57a2d4851a1d" relativeResultsDirectory="b7bdc8cd-60f3-4259-813b-5652e74ab0d2" />
    <UnitTestResult executionId="eabbd338-16ca-4b7c-a2d6-dad74caf8ed9" testId="abf04001-587d-c36b-6eb1-972db8d41f31" testName="BirkNext.Web.Tests.Components.ViewBehaviorTests.UserGuide_ExplainsFlowViewReadinessModel" computerName="BUF-5CG4423FYV" duration="00:00:00.0030651" startTime="2026-08-17T13:02:08.6704352+02:00" endTime="2026-08-17T13:02:08.6704353+02:00" testType="13cdc9d9-ddb5-4fa4-a97d-d965ccfc6d4b" outcome="Passed" testListId="8c84fa94-04c1-424b-9868-57a2d4851a1d" relativeResultsDirectory="eabbd338-16ca-4b7c-a2d6-dad74caf8ed9" />
    <UnitTestResult executionId="f7347909-2146-4c39-a60e-5bdfe3067cef" testId="d9e2449f-54c3-4777-5463-f960e1ef872a" testName="BirkNext.Web.Tests.Components.ViewBehaviorTests.FlowView_ReplacesAmbiguousWarningIcons" computerName="BUF-5CG4423FYV" duration="00:00:00.0029384" startTime="2026-08-17T13:02:08.6734560+02:00" endTime="2026-08-17T13:02:08.6734561+02:00" testType="13cdc9d9-ddb5-4fa4-a97d-d965ccfc6d4b" outcome="Passed" testListId="8c84fa94-04c1-424b-9868-57a2d4851a1d" relativeResultsDirectory="f7347909-2146-4c39-a60e-5bdfe3067cef" />
    <UnitTestResult executionId="45159a60-8628-44a7-80e6-9ae8200cfe5f" testId="e777a9bb-2b68-a4b8-e4bf-88ed0ce3d7ee" testName="BirkNext.Web.Tests.Pages.AnalysisNavigationTests.NoDuplicateSpecComparisonEntryExists" computerName="BUF-5CG4423FYV" duration="00:00:00.0025218" startTime="2026-08-17T13:02:08.5658808+02:00" endTime="2026-08-17T13:02:08.5658810+02:00" testType="13cdc9d9-ddb5-4fa4-a97d-d965ccfc6d4b" outcome="Passed" testListId="8c84fa94-04c1-424b-9868-57a2d4851a1d" relativeResultsDirectory="45159a60-8628-44a7-80e6-9ae8200cfe5f" />
    <UnitTestResult executionId="d85211ff-4f6a-4823-bb52-1c98bc1fa494" testId="2cb253d4-d14d-2d0a-bc8c-8ff0c2336a66" testName="BirkNext.Web.Tests.Layout.NavMenuTests.Navigation_ShowsAiReviewGroup_WhenFeatureFlagEnabled" computerName="BUF-5CG4423FYV" duration="00:00:00.0035050" startTime="2026-08-17T13:02:08.5592543+02:00" endTime="2026-08-17T13:02:08.5592545+02:00" testType="13cdc9d9-ddb5-4fa4-a97d-d965ccfc6d4b" outcome="Passed" testListId="8c84fa94-04c1-424b-9868-57a2d4851a1d" relativeResultsDirectory="d85211ff-4f6a-4823-bb52-1c98bc1fa494" />
    <UnitTestResult executionId="a936beb3-4835-42df-8a9a-dc12460d5ea8" testId="93a0b327-ac5e-59b8-d305-080059c26486" testName="BirkNext.Web.Tests.Components.ViewBehaviorTests.FlowView_ShowsSuccessCriteriaLane" computerName="BUF-5CG4423FYV" duration="00:00:00.0033575" startTime="2026-08-17T13:02:08.5974170+02:00" endTime="2026-08-17T13:02:08.5974171+02:00" testType="13cdc9d9-ddb5-4fa4-a97d-d965ccfc6d4b" outcome="Passed" testListId="8c84fa94-04c1-424b-9868-57a2d4851a1d" relativeResultsDirectory="a936beb3-4835-42df-8a9a-dc12460d5ea8" />
    <UnitTestResult executionId="d98f2ada-24bf-4057-a486-d4707005656a" testId="2ad2c5a7-7e33-01cf-1ed4-0420addf1d23" testName="BirkNext.Web.Tests.Pages.AnalysisNavigationTests.Navigation_ContainsOnlyFourAnalysisItems" computerName="BUF-5CG4423FYV" duration="00:00:03.4898863" startTime="2026-08-17T13:02:08.5363389+02:00" endTime="2026-08-17T13:02:08.5363391+02:00" testType="13cdc9d9-ddb5-4fa4-a97d-d965ccfc6d4b" outcome="Passed" testListId="8c84fa94-04c1-424b-9868-57a2d4851a1d" relativeResultsDirectory="d98f2ada-24bf-4057-a486-d4707005656a" />
    <UnitTestResult executionId="0b5bbbdc-0b98-4c7e-83c9-89d85793ba87" testId="60574d2f-17f2-af85-a932-0275e3dcf098" testName="BirkNext.Web.Tests.Components.ViewBehaviorTests.FlowView_QAWorkQueueDisplaysCounts" computerName="BUF-5CG4423FYV" duration="00:00:00.0052406" startTime="2026-08-17T13:02:08.6641433+02:00" endTime="2026-08-17T13:02:08.6641433+02:00" testType="13cdc9d9-ddb5-4fa4-a97d-d965ccfc6d4b" outcome="Passed" testListId="8c84fa94-04c1-424b-9868-57a2d4851a1d" relativeResultsDirectory="0b5bbbdc-0b98-4c7e-83c9-89d85793ba87" />
    <UnitTestResult executionId="704deb9a-8331-429a-bcbb-2d1ed2dac87d" testId="0a34a2eb-112d-16db-a40a-2c2ab7ab17bc" testName="BirkNext.Web.Tests.Components.ViewBehaviorTests.FlowView_ShowsTaskCoverageStatus" computerName="BUF-5CG4423FYV" duration="00:00:00.0024047" startTime="2026-08-17T13:02:08.6077427+02:00" endTime="2026-08-17T13:02:08.6077428+02:00" testType="13cdc9d9-ddb5-4fa4-a97d-d965ccfc6d4b" outcome="Passed" testListId="8c84fa94-04c1-424b-9868-57a2d4851a1d" relativeResultsDirectory="704deb9a-8331-429a-bcbb-2d1ed2dac87d" />
    <UnitTestResult executionId="0dd70116-07f1-4f9b-8a09-6446ef8235e1" testId="a81c388d-aa2b-554a-ebc5-ccdbb780d4eb" testName="BirkNext.Web.Tests.Pages.AnalysisNavigationTests.Sidebar_NoLegacyComparisonEntries" computerName="BUF-5CG4423FYV" duration="00:00:00.0028096" startTime="2026-08-17T13:02:08.5817469+02:00" endTime="2026-08-17T13:02:08.5817471+02:00" testType="13cdc9d9-ddb5-4fa4-a97d-d965ccfc6d4b" outcome="Passed" testListId="8c84fa94-04c1-424b-9868-57a2d4851a1d" relativeResultsDirectory="0dd70116-07f1-4f9b-8a09-6446ef8235e1" />
    <UnitTestResult executionId="32363bec-d6a0-48a5-a82e-b2da8cdb807d" testId="086a74d1-b04f-e1a5-d0e9-d90405ff9537" testName="BirkNext.Web.Tests.Layout.NavMenuTests.Navigation_ShowsLegacyTraceabilityGroup_WhenFeatureFlagEnabled" computerName="BUF-5CG4423FYV" duration="00:00:00.0037293" startTime="2026-08-17T13:02:08.5556808+02:00" endTime="2026-08-17T13:02:08.5556809+02:00" testType="13cdc9d9-ddb5-4fa4-a97d-d965ccfc6d4b" outcome="Passed" testListId="8c84fa94-04c1-424b-9868-57a2d4851a1d" relativeResultsDirectory="32363bec-d6a0-48a5-a82e-b2da8cdb807d" />
    <UnitTestResult executionId="f684b9ff-b9fe-45fd-93f6-2a3f18d5d69f" testId="a003c9c1-2421-6af6-70aa-7f8ff33737e4" testName="BirkNext.Web.Tests.Components.ViewBehaviorTests.FlowView_ShowsReadinessScore" computerName="BUF-5CG4423FYV" duration="00:00:00.0024567" startTime="2026-08-17T13:02:08.6815514+02:00" endTime="2026-08-17T13:02:08.6815515+02:00" testType="13cdc9d9-ddb5-4fa4-a97d-d965ccfc6d4b" outcome="Passed" testListId="8c84fa94-04c1-424b-9868-57a2d4851a1d" relativeResultsDirectory="f684b9ff-b9fe-45fd-93f6-2a3f18d5d69f" />
    <UnitTestResult executionId="2a91c320-426f-4154-9f04-f0623641f540" testId="230b6412-616d-3981-31c4-632cfa83ec6c" testName="BirkNext.Web.Tests.Components.ViewBehaviorTests.FlowView_DoesNotTreatSessionQaAsRequirements" computerName="BUF-5CG4423FYV" duration="00:00:03.4696260" startTime="2026-08-17T13:02:08.5201782+02:00" endTime="2026-08-17T13:02:08.5201784+02:00" testType="13cdc9d9-ddb5-4fa4-a97d-d965ccfc6d4b" outcome="Passed" testListId="8c84fa94-04c1-424b-9868-57a2d4851a1d" relativeResultsDirectory="2a91c320-426f-4154-9f04-f0623641f540" />
    <UnitTestResult executionId="7c7157c0-8dff-450b-b14f-462da61d79aa" testId="9ba76bdd-0c36-939b-87a6-9340d1dba021" testName="BirkNext.Web.Tests.Components.ViewBehaviorTests.FlowView_ShowsStoryHealthStatus" computerName="BUF-5CG4423FYV" duration="00:00:00.0025020" startTime="2026-08-17T13:02:08.6029130+02:00" endTime="2026-08-17T13:02:08.6029131+02:00" testType="13cdc9d9-ddb5-4fa4-a97d-d965ccfc6d4b" outcome="Passed" testListId="8c84fa94-04c1-424b-9868-57a2d4851a1d" relativeResultsDirectory="7c7157c0-8dff-450b-b14f-462da61d79aa" />
    <UnitTestResult executionId="4473f6b9-bdbc-42d2-97bf-0cc7942d393b" testId="ea22c5c4-e999-739d-c9f6-f1e1c7239022" testName="BirkNext.Web.Tests.Components.ViewBehaviorTests.FlowView_ShowsGlobalAndLocalCoverageSeparately" computerName="BUF-5CG4423FYV" duration="00:00:00.0192180" startTime="2026-08-17T13:02:08.5564996+02:00" endTime="2026-08-17T13:02:08.5565011+02:00" testType="13cdc9d9-ddb5-4fa4-a97d-d965ccfc6d4b" outcome="Passed" testListId="8c84fa94-04c1-424b-9868-57a2d4851a1d" relativeResultsDirectory="4473f6b9-bdbc-42d2-97bf-0cc7942d393b" />
    <UnitTestResult executionId="871fee59-c5e0-42ce-b9c9-85b35e4aa6de" testId="f8727b9b-c8dd-f240-4d3d-204bc5bebebf" testName="BirkNext.Web.Tests.Components.ViewBehaviorTests.FlowView_HighlightsMissingSuccessCriteria" computerName="BUF-5CG4423FYV" duration="00:00:00.0025215" startTime="2026-08-17T13:02:08.6893775+02:00" endTime="2026-08-17T13:02:08.6893776+02:00" testType="13cdc9d9-ddb5-4fa4-a97d-d965ccfc6d4b" outcome="Passed" testListId="8c84fa94-04c1-424b-9868-57a2d4851a1d" relativeResultsDirectory="871fee59-c5e0-42ce-b9c9-85b35e4aa6de" />
    <UnitTestResult executionId="c2e7643c-9bd0-4445-92d3-c9ed05a4fa11" testId="c0b2e209-ad2d-e6ed-ce20-7d39c313fc7e" testName="BirkNext.Web.Tests.Pages.DashboardPageTests.Dashboard_ApiFailure_ShowsInlineError" computerName="BUF-5CG4423FYV" duration="00:00:00.0032107" startTime="2026-08-17T13:02:08.5390109+02:00" endTime="2026-08-17T13:02:08.5390110+02:00" testType="13cdc9d9-ddb5-4fa4-a97d-d965ccfc6d4b" outcome="Passed" testListId="8c84fa94-04c1-424b-9868-57a2d4851a1d" relativeResultsDirectory="c2e7643c-9bd0-4445-92d3-c9ed05a4fa11" />
    <UnitTestResult executionId="8c33de1c-f3ba-44f7-a5e9-1ac63e95453f" testId="dc0718b4-ba00-043c-88e6-e501c5c09820" testName="BirkNext.Web.Tests.Pages.DashboardPageTests.DashboardRoute_RendersMetrics" computerName="BUF-5CG4423FYV" duration="00:00:00.0033465" startTime="2026-08-17T13:02:08.5349912+02:00" endTime="2026-08-17T13:02:08.5349915+02:00" testType="13cdc9d9-ddb5-4fa4-a97d-d965ccfc6d4b" outcome="Passed" testListId="8c84fa94-04c1-424b-9868-57a2d4851a1d" relativeResultsDirectory="8c33de1c-f3ba-44f7-a5e9-1ac63e95453f" />
    <UnitTestResult executionId="2c15a70a-12ff-4772-98e9-ef987858308b" testId="0321b7fd-f62a-6a1a-ddd2-0ae526774508" testName="BirkNext.Web.Tests.Pages.AnalysisNavigationTests.TaskDeltas_IsFullyRemoved" computerName="BUF-5CG4423FYV" duration="00:00:00.0030696" startTime="2026-08-17T13:02:08.5689941+02:00" endTime="2026-08-17T13:02:08.5689942+02:00" testType="13cdc9d9-ddb5-4fa4-a97d-d965ccfc6d4b" outcome="Passed" testListId="8c84fa94-04c1-424b-9868-57a2d4851a1d" relativeResultsDirectory="2c15a70a-12ff-4772-98e9-ef987858308b" />
    <UnitTestResult executionId="f58dab6a-1144-4457-af61-cdff1026a3ac" testId="d4e19682-c120-65dd-b288-774561a908b5" testName="BirkNext.Web.Tests.Components.ViewBehaviorTests.FlowView_DoesNotRenderSpecificationStructureGroups" computerName="BUF-5CG4423FYV" duration="00:00:00.0030802" startTime="2026-08-17T13:02:08.6672920+02:00" endTime="2026-08-17T13:02:08.6672924+02:00" testType="13cdc9d9-ddb5-4fa4-a97d-d965ccfc6d4b" outcome="Passed" testListId="8c84fa94-04c1-424b-9868-57a2d4851a1d" relativeResultsDirectory="f58dab6a-1144-4457-af61-cdff1026a3ac" />
    <UnitTestResult executionId="88f49003-82dc-4014-86c3-b30585fc0d55" testId="c8f1d771-d40b-e515-3f2b-392ff3c74963" testName="BirkNext.Web.Tests.Components.ViewBehaviorTests.UserGuide_DescribesStandardSpecificationReviewWorkflow" computerName="BUF-5CG4423FYV" duration="00:00:00.0195679" startTime="2026-08-17T13:02:08.6495806+02:00" endTime="2026-08-17T13:02:08.6495811+02:00" testType="13cdc9d9-ddb5-4fa4-a97d-d965ccfc6d4b" outcome="Passed" testListId="8c84fa94-04c1-424b-9868-57a2d4851a1d" relativeResultsDirectory="88f49003-82dc-4014-86c3-b30585fc0d55" />
    <UnitTestResult executionId="3252fdc5-c330-485e-b81f-1a62f8a77802" testId="c477c2a3-ee22-9598-8c1b-efd0c3595efb" testName="BirkNext.Web.Tests.Components.ViewBehaviorTests.FlowView_SortsStoriesByPriority" computerName="BUF-5CG4423FYV" duration="00:00:00.0051872" startTime="2026-08-17T13:02:08.6867994+02:00" endTime="2026-08-17T13:02:08.6867996+02:00" testType="13cdc9d9-ddb5-4fa4-a97d-d965ccfc6d4b" outcome="Passed" testListId="8c84fa94-04c1-424b-9868-57a2d4851a1d" relativeResultsDirectory="3252fdc5-c330-485e-b81f-1a62f8a77802" />
    <UnitTestResult executionId="a54f2fea-db9b-4c4b-ad7c-e2c65a6bbb83" testId="6744013c-4b40-f747-c9e6-49a0c0660276" testName="BirkNext.Web.Tests.Layout.NavMenuTests.LegacyTraceabilityRoutes_StillResolve" computerName="BUF-5CG4423FYV" duration="00:00:00.0016820" startTime="2026-08-17T13:02:08.5399190+02:00" endTime="2026-08-17T13:02:08.5399192+02:00" testType="13cdc9d9-ddb5-4fa4-a97d-d965ccfc6d4b" outcome="Passed" testListId="8c84fa94-04c1-424b-9868-57a2d4851a1d" relativeResultsDirectory="a54f2fea-db9b-4c4b-ad7c-e2c65a6bbb83" />
    <UnitTestResult executionId="211876fa-f01c-4759-b998-e5f3572f306e" testId="3b58b4d8-1a74-8213-b5e1-66a28e8ba381" testName="BirkNext.Web.Tests.Components.ViewBehaviorTests.FlowView_FiltersByGapType" computerName="BUF-5CG4423FYV" duration="00:00:00.0058664" startTime="2026-08-17T13:02:08.6588116+02:00" endTime="2026-08-17T13:02:08.6588117+02:00" testType="13cdc9d9-ddb5-4fa4-a97d-d965ccfc6d4b" outcome="Passed" testListId="8c84fa94-04c1-424b-9868-57a2d4851a1d" relativeResultsDirectory="211876fa-f01c-4759-b998-e5f3572f306e" />
    <UnitTestResult executionId="a8acf329-1149-4d60-8402-e414cde7ccd0" testId="4c585b52-7f74-8301-d1eb-5e641c76f0df" testName="BirkNext.Web.Tests.Components.ViewBehaviorTests.FlowView_ShowsRequirementTraceabilityCounts" computerName="BUF-5CG4423FYV" duration="00:00:00.0026876" startTime="2026-08-17T13:02:08.6142962+02:00" endTime="2026-08-17T13:02:08.6142963+02:00" testType="13cdc9d9-ddb5-4fa4-a97d-d965ccfc6d4b" outcome="Passed" testListId="8c84fa94-04c1-424b-9868-57a2d4851a1d" relativeResultsDirectory="a8acf329-1149-4d60-8402-e414cde7ccd0" />
    <UnitTestResult executionId="6f4e1422-d425-4258-8461-c409b92d982f" testId="40811ea2-25ea-301c-9a8d-de945d6b4c2c" testName="BirkNext.Web.Tests.Components.ViewBehaviorTests.UserGuide_DoesNotPointToLegacyTraceability" computerName="BUF-5CG4423FYV" duration="00:00:00.0032070" startTime="2026-08-17T13:02:08.6528569+02:00" endTime="2026-08-17T13:02:08.6528570+02:00" testType="13cdc9d9-ddb5-4fa4-a97d-d965ccfc6d4b" outcome="Passed" testListId="8c84fa94-04c1-424b-9868-57a2d4851a1d" relativeResultsDirectory="6f4e1422-d425-4258-8461-c409b92d982f" />
    <UnitTestResult executionId="5137857a-460b-4f3f-9a0a-8ae64ccb13fa" testId="2cac2a62-1429-c150-d3ff-4b9116c0d634" testName="BirkNext.Web.Tests.Components.ViewBehaviorTests.FlowView_ShowsTaskActionButtons" computerName="BUF-5CG4423FYV" duration="00:00:00.0117870" startTime="2026-08-17T13:02:08.6261773+02:00" endTime="2026-08-17T13:02:08.6261775+02:00" testType="13cdc9d9-ddb5-4fa4-a97d-d965ccfc6d4b" outcome="Passed" testListId="8c84fa94-04c1-424b-9868-57a2d4851a1d" relativeResultsDirectory="5137857a-460b-4f3f-9a0a-8ae64ccb13fa" />
    <UnitTestResult executionId="c4c54700-50d9-41a8-a53d-5c6276f6d9d0" testId="b1ea80e3-5eb8-cd16-e365-232d6f3c34fc" testName="BirkNext.Web.Tests.Pages.DashboardPageTests.DashboardMetrics_RenderHealthProgressRisksAndActivitySummary" computerName="BUF-5CG4423FYV" duration="00:00:00.0086578" startTime="2026-08-17T13:02:08.5315480+02:00" endTime="2026-08-17T13:02:08.5315482+02:00" testType="13cdc9d9-ddb5-4fa4-a97d-d965ccfc6d4b" outcome="Passed" testListId="8c84fa94-04c1-424b-9868-57a2d4851a1d" relativeResultsDirectory="c4c54700-50d9-41a8-a53d-5c6276f6d9d0" />
    <UnitTestResult executionId="54922607-56f5-4431-bd92-8080dd6c31a9" testId="5407f93e-de59-bf7b-97f2-06fe154670e3" testName="BirkNext.Web.Tests.Components.ViewBehaviorTests.FlowView_ShowsCollapsedStorySummary" computerName="BUF-5CG4423FYV" duration="00:00:00.0374476" startTime="2026-08-17T13:02:08.5940431+02:00" endTime="2026-08-17T13:02:08.5940436+02:00" testType="13cdc9d9-ddb5-4fa4-a97d-d965ccfc6d4b" outcome="Passed" testListId="8c84fa94-04c1-424b-9868-57a2d4851a1d" relativeResultsDirectory="54922607-56f5-4431-bd92-8080dd6c31a9" />
    <UnitTestResult executionId="b645e9f0-80b6-49ce-a8ca-1b3f8ae55f59" testId="d5366f2b-ded8-424e-616a-ef1c97e820ea" testName="BirkNext.Web.Tests.Pages.AnalysisNavigationTests.Sidebar_NoDeltaEntriesExist" computerName="BUF-5CG4423FYV" duration="00:00:00.0114033" startTime="2026-08-17T13:02:08.5515897+02:00" endTime="2026-08-17T13:02:08.5515901+02:00" testType="13cdc9d9-ddb5-4fa4-a97d-d965ccfc6d4b" outcome="Passed" testListId="8c84fa94-04c1-424b-9868-57a2d4851a1d" relativeResultsDirectory="b645e9f0-80b6-49ce-a8ca-1b3f8ae55f59" />
    <UnitTestResult executionId="d0fde4e2-f0b8-413c-805d-95a9f87398cb" testId="726e1857-87bd-258f-80b8-9e20d912fb77" testName="BirkNext.Web.Tests.Pages.AnalysisNavigationTests.Sidebar_IsConsistentWithNewModel" computerName="BUF-5CG4423FYV" duration="00:00:00.0028356" startTime="2026-08-17T13:02:08.5719144+02:00" endTime="2026-08-17T13:02:08.5719145+02:00" testType="13cdc9d9-ddb5-4fa4-a97d-d965ccfc6d4b" outcome="Passed" testListId="8c84fa94-04c1-424b-9868-57a2d4851a1d" relativeResultsDirectory="d0fde4e2-f0b8-413c-805d-95a9f87398cb" />
    <UnitTestResult executionId="c4e49be6-4573-47b9-9e36-2b990c7e2029" testId="f90c35e1-14aa-d4f7-9414-013cbdb6b705" testName="BirkNext.Web.Tests.Pages.AnalysisNavigationTests.Navigation_AllRoutesResolveToNewModel" computerName="BUF-5CG4423FYV" duration="00:00:00.0006963" startTime="2026-08-17T13:02:08.5757956+02:00" endTime="2026-08-17T13:02:08.5757957+02:00" testType="13cdc9d9-ddb5-4fa4-a97d-d965ccfc6d4b" outcome="Passed" testListId="8c84fa94-04c1-424b-9868-57a2d4851a1d" relativeResultsDirectory="c4e49be6-4573-47b9-9e36-2b990c7e2029" />
    <UnitTestResult executionId="e0fec166-bb41-4ac6-b98a-b3c60a6b5ba1" testId="826198e6-883b-f4e6-7b92-722301dab700" testName="BirkNext.Web.Tests.Components.ViewBehaviorTests.FlowView_DoesNotCreateGapsFromDecisions" computerName="BUF-5CG4423FYV" duration="00:00:00.0016903" startTime="2026-08-17T13:02:08.6790437+02:00" endTime="2026-08-17T13:02:08.6790438+02:00" testType="13cdc9d9-ddb5-4fa4-a97d-d965ccfc6d4b" outcome="Passed" testListId="8c84fa94-04c1-424b-9868-57a2d4851a1d" relativeResultsDirectory="e0fec166-bb41-4ac6-b98a-b3c60a6b5ba1" />
    <UnitTestResult executionId="e0309002-a12d-4028-a789-0eb8e3ecdd57" testId="b6c64fa7-3a8c-5e5a-bf53-516af1eb4f40" testName="BirkNext.Web.Tests.Components.ViewBehaviorTests.UserGuide_ExplainsSpecExplorerPurpose" computerName="BUF-5CG4423FYV" duration="00:00:00.0030299" startTime="2026-08-17T13:02:08.6955530+02:00" endTime="2026-08-17T13:02:08.6955532+02:00" testType="13cdc9d9-ddb5-4fa4-a97d-d965ccfc6d4b" outcome="Passed" testListId="8c84fa94-04c1-424b-9868-57a2d4851a1d" relativeResultsDirectory="e0309002-a12d-4028-a789-0eb8e3ecdd57" />
    <UnitTestResult executionId="1aa0f915-ee79-43c8-bce1-bb58eb206aa7" testId="4310a5f4-0e09-7b9a-1d8a-883ac517d53f" testName="BirkNext.Web.Tests.Pages.AnalysisNavigationTests.Sidebar_ContainsOnlyFourAnalysisItems" computerName="BUF-5CG4423FYV" duration="00:00:00.0030458" startTime="2026-08-17T13:02:08.5751610+02:00" endTime="2026-08-17T13:02:08.5751611+02:00" testType="13cdc9d9-ddb5-4fa4-a97d-d965ccfc6d4b" outcome="Passed" testListId="8c84fa94-04c1-424b-9868-57a2d4851a1d" relativeResultsDirectory="1aa0f915-ee79-43c8-bce1-bb58eb206aa7" />
    <UnitTestResult executionId="eaaeee8e-98c2-4c8f-9f18-4ab67f0d7231" testId="c686d409-3f51-bc47-c9a5-6dc93d4d319a" testName="BirkNext.Web.Tests.Components.ViewBehaviorTests.FlowView_ShowsCoverageSummary" computerName="BUF-5CG4423FYV" duration="00:00:00.0028292" startTime="2026-08-17T13:02:08.6003922+02:00" endTime="2026-08-17T13:02:08.6003923+02:00" testType="13cdc9d9-ddb5-4fa4-a97d-d965ccfc6d4b" outcome="Passed" testListId="8c84fa94-04c1-424b-9868-57a2d4851a1d" relativeResultsDirectory="eaaeee8e-98c2-4c8f-9f18-4ab67f0d7231" />
    <UnitTestResult executionId="6e956c6d-0d24-42ad-9a0b-fb900882cddb" testId="cbe349bd-855d-af59-fd00-bbca9d94a735" testName="BirkNext.Web.Tests.Pages.AnalysisNavigationTests.SpecDriftIsOnlySpecChangeEntryPoint" computerName="BUF-5CG4423FYV" duration="00:00:00.0029889" startTime="2026-08-17T13:02:08.5788454+02:00" endTime="2026-08-17T13:02:08.5788455+02:00" testType="13cdc9d9-ddb5-4fa4-a97d-d965ccfc6d4b" outcome="Passed" testListId="8c84fa94-04c1-424b-9868-57a2d4851a1d" relativeResultsDirectory="6e956c6d-0d24-42ad-9a0b-fb900882cddb" />
    <UnitTestResult executionId="87a1155a-8afa-459a-9abc-3773a180b57e" testId="65c719d6-8db7-31ec-ad65-a277948dcc0f" testName="BirkNext.Web.Tests.Pages.DashboardPageTests.DashboardMetrics_RenderWithEmptyData" computerName="BUF-5CG4423FYV" duration="00:00:00.0048545" startTime="2026-08-17T13:02:08.5266283+02:00" endTime="2026-08-17T13:02:08.5266284+02:00" testType="13cdc9d9-ddb5-4fa4-a97d-d965ccfc6d4b" outcome="Passed" testListId="8c84fa94-04c1-424b-9868-57a2d4851a1d" relativeResultsDirectory="87a1155a-8afa-459a-9abc-3773a180b57e" />
    <UnitTestResult executionId="def301a2-cec0-4fef-803b-56c2a69380c0" testId="af4324c1-b817-198c-1fc2-3ae7fc72e4f2" testName="BirkNext.Web.Tests.Layout.NavMenuTests.NavMenu_RendersMvpNavigation" computerName="BUF-5CG4423FYV" duration="00:00:03.4898939" startTime="2026-08-17T13:02:08.5381067+02:00" endTime="2026-08-17T13:02:08.5381068+02:00" testType="13cdc9d9-ddb5-4fa4-a97d-d965ccfc6d4b" outcome="Passed" testListId="8c84fa94-04c1-424b-9868-57a2d4851a1d" relativeResultsDirectory="def301a2-cec0-4fef-803b-56c2a69380c0" />
    <UnitTestResult executionId="59403c2f-3db4-4202-bd30-b6976ce6943c" testId="5b4913a9-eec2-c611-b832-c86910142f09" testName="BirkNext.Web.Tests.Components.ViewBehaviorTests.UserGuide_ClearlyDifferentiatesTraceabilityAndLibrary" computerName="BUF-5CG4423FYV" duration="00:00:00.0036932" startTime="2026-08-17T13:02:08.6299226+02:00" endTime="2026-08-17T13:02:08.6299228+02:00" testType="13cdc9d9-ddb5-4fa4-a97d-d965ccfc6d4b" outcome="Passed" testListId="8c84fa94-04c1-424b-9868-57a2d4851a1d" relativeResultsDirectory="59403c2f-3db4-4202-bd30-b6976ce6943c" />
    <UnitTestResult executionId="0e880ada-e9e8-4a54-9eed-c0326d0e436f" testId="9ad2d835-7073-a757-9e54-42e7d2c6ac1c" testName="BirkNext.Web.Tests.Components.ViewBehaviorTests.FlowView_groups_by_user_story_heading_not_by_candidate_classification" computerName="BUF-5CG4423FYV" duration="00:00:00.0037254" startTime="2026-08-17T13:02:08.6772855+02:00" endTime="2026-08-17T13:02:08.6772857+02:00" testType="13cdc9d9-ddb5-4fa4-a97d-d965ccfc6d4b" outcome="Passed" testListId="8c84fa94-04c1-424b-9868-57a2d4851a1d" relativeResultsDirectory="0e880ada-e9e8-4a54-9eed-c0326d0e436f" />
    <UnitTestResult executionId="55b10d7d-d29d-4cd5-9f2f-015609e940c4" testId="4c58cd0b-05ab-0757-1666-e841bee00ed5" testName="BirkNext.Web.Tests.Layout.NavMenuTests.TraceabilityNavigation_RendersCorrectHierarchy_WhenFeatureFlagEnabled" computerName="BUF-5CG4423FYV" duration="00:00:00.0119226" startTime="2026-08-17T13:02:08.5518369+02:00" endTime="2026-08-17T13:02:08.5518370+02:00" testType="13cdc9d9-ddb5-4fa4-a97d-d965ccfc6d4b" outcome="Passed" testListId="8c84fa94-04c1-424b-9868-57a2d4851a1d" relativeResultsDirectory="55b10d7d-d29d-4cd5-9f2f-015609e940c4" />
    <UnitTestResult executionId="8546f21f-a776-423d-99ae-e8bf8faa1e59" testId="9bfb8581-9a7a-39ee-4971-9104b14c9d27" testName="BirkNext.Web.Tests.Pages.AnalysisNavigationTests.OldRoutes_RedirectToSpecDrift" computerName="BUF-5CG4423FYV" duration="00:00:00.0035950" startTime="2026-08-17T13:02:08.5400040+02:00" endTime="2026-08-17T13:02:08.5400041+02:00" testType="13cdc9d9-ddb5-4fa4-a97d-d965ccfc6d4b" outcome="Passed" testListId="8c84fa94-04c1-424b-9868-57a2d4851a1d" relativeResultsDirectory="8546f21f-a776-423d-99ae-e8bf8faa1e59" />
    <UnitTestResult executionId="d2d049f3-d678-4e5c-82dc-b973f0ed232e" testId="8dd55530-9f32-f449-755c-2ca1119f43e9" testName="BirkNext.Web.Tests.Layout.NavMenuTests.Navigation_HidesLegacyTraceabilityGroupByDefault" computerName="BUF-5CG4423FYV" duration="00:00:00.0030423" startTime="2026-08-17T13:02:08.5624408+02:00" endTime="2026-08-17T13:02:08.5624410+02:00" testType="13cdc9d9-ddb5-4fa4-a97d-d965ccfc6d4b" outcome="Passed" testListId="8c84fa94-04c1-424b-9868-57a2d4851a1d" relativeResultsDirectory="d2d049f3-d678-4e5c-82dc-b973f0ed232e" />
    <UnitTestResult executionId="f6bbabb9-f0ef-4bed-939a-fb55474533f4" testId="77e583ad-6fdc-3047-8ac4-4c23f99f53dc" testName="BirkNext.Web.Tests.Pages.AnalysisNavigationTests.SpecDrift_IncludesChangesTab" computerName="BUF-5CG4423FYV" duration="00:00:00.0116228" startTime="2026-08-17T13:02:08.5632815+02:00" endTime="2026-08-17T13:02:08.5632817+02:00" testType="13cdc9d9-ddb5-4fa4-a97d-d965ccfc6d4b" outcome="Passed" testListId="8c84fa94-04c1-424b-9868-57a2d4851a1d" relativeResultsDirectory="f6bbabb9-f0ef-4bed-939a-fb55474533f4" />
  </Results>
  <TestDefinitions>
    <UnitTest name="BirkNext.Web.Tests.Components.ViewBehaviorTests.FlowView_SortsStoriesByPriority" storage="c:\users\ajaan\source\sdd-repos\birknext\aiassisted\frontend\birknext.web.tests\bin\debug\net8.0\birknext.web.tests.dll" id="c477c2a3-ee22-9598-8c1b-efd0c3595efb">
      <Execution id="3252fdc5-c330-485e-b81f-1a62f8a77802" />
      <TestMethod codeBase="C:\Users\ajaan\source\sdd-repos\BirkNext\AIAssisted\frontend\BirkNext.Web.Tests\bin\Debug\net8.0\BirkNext.Web.Tests.dll" adapterTypeName="executor://xunit/VsTestRunner2/netcoreapp" className="BirkNext.Web.Tests.Components.ViewBehaviorTests" name="FlowView_SortsStoriesByPriority" />
    </UnitTest>
    <UnitTest name="BirkNext.Web.Tests.Components.ViewBehaviorTests.FlowView_DoesNotTreatSessionQaAsRequirements" storage="c:\users\ajaan\source\sdd-repos\birknext\aiassisted\frontend\birknext.web.tests\bin\debug\net8.0\birknext.web.tests.dll" id="230b6412-616d-3981-31c4-632cfa83ec6c">
      <Execution id="2a91c320-426f-4154-9f04-f0623641f540" />
      <TestMethod codeBase="C:\Users\ajaan\source\sdd-repos\BirkNext\AIAssisted\frontend\BirkNext.Web.Tests\bin\Debug\net8.0\BirkNext.Web.Tests.dll" adapterTypeName="executor://xunit/VsTestRunner2/netcoreapp" className="BirkNext.Web.Tests.Components.ViewBehaviorTests" name="FlowView_DoesNotTreatSessionQaAsRequirements" />
    </UnitTest>
    <UnitTest name="BirkNext.Web.Tests.Components.ViewBehaviorTests.FlowView_ShowsCollapsedStorySummary" storage="c:\users\ajaan\source\sdd-repos\birknext\aiassisted\frontend\birknext.web.tests\bin\debug\net8.0\birknext.web.tests.dll" id="5407f93e-de59-bf7b-97f2-06fe154670e3">
      <Execution id="54922607-56f5-4431-bd92-8080dd6c31a9" />
      <TestMethod codeBase="C:\Users\ajaan\source\sdd-repos\BirkNext\AIAssisted\frontend\BirkNext.Web.Tests\bin\Debug\net8.0\BirkNext.Web.Tests.dll" adapterTypeName="executor://xunit/VsTestRunner2/netcoreapp" className="BirkNext.Web.Tests.Components.ViewBehaviorTests" name="FlowView_ShowsCollapsedStorySummary" />
    </UnitTest>
    <UnitTest name="BirkNext.Web.Tests.Components.ViewBehaviorTests.FlowView_HighlightsMissingSuccessCriteria" storage="c:\users\ajaan\source\sdd-repos\birknext\aiassisted\frontend\birknext.web.tests\bin\debug\net8.0\birknext.web.tests.dll" id="f8727b9b-c8dd-f240-4d3d-204bc5bebebf">
      <Execution id="871fee59-c5e0-42ce-b9c9-85b35e4aa6de" />
      <TestMethod codeBase="C:\Users\ajaan\source\sdd-repos\BirkNext\AIAssisted\frontend\BirkNext.Web.Tests\bin\Debug\net8.0\BirkNext.Web.Tests.dll" adapterTypeName="executor://xunit/VsTestRunner2/netcoreapp" className="BirkNext.Web.Tests.Components.ViewBehaviorTests" name="FlowView_HighlightsMissingSuccessCriteria" />
    </UnitTest>
    <UnitTest name="BirkNext.Web.Tests.Components.ViewBehaviorTests.FlowView_ShowsTaskCoverageStatus" storage="c:\users\ajaan\source\sdd-repos\birknext\aiassisted\frontend\birknext.web.tests\bin\debug\net8.0\birknext.web.tests.dll" id="0a34a2eb-112d-16db-a40a-2c2ab7ab17bc">
      <Execution id="704deb9a-8331-429a-bcbb-2d1ed2dac87d" />
      <TestMethod codeBase="C:\Users\ajaan\source\sdd-repos\BirkNext\AIAssisted\frontend\BirkNext.Web.Tests\bin\Debug\net8.0\BirkNext.Web.Tests.dll" adapterTypeName="executor://xunit/VsTestRunner2/netcoreapp" className="BirkNext.Web.Tests.Components.ViewBehaviorTests" name="FlowView_ShowsTaskCoverageStatus" />
    </UnitTest>
    <UnitTest name="BirkNext.Web.Tests.Components.ViewBehaviorTests.FlowView_UsesNormalizedArtifacts" storage="c:\users\ajaan\source\sdd-repos\birknext\aiassisted\frontend\birknext.web.tests\bin\debug\net8.0\birknext.web.tests.dll" id="24b97a25-b10e-3305-7844-f267fd0df2ae">
      <Execution id="5054e7f3-335a-412c-939f-8d12795369c4" />
      <TestMethod codeBase="C:\Users\ajaan\source\sdd-repos\BirkNext\AIAssisted\frontend\BirkNext.Web.Tests\bin\Debug\net8.0\BirkNext.Web.Tests.dll" adapterTypeName="executor://xunit/VsTestRunner2/netcoreapp" className="BirkNext.Web.Tests.Components.ViewBehaviorTests" name="FlowView_UsesNormalizedArtifacts" />
    </UnitTest>
    <UnitTest name="BirkNext.Web.Tests.Layout.NavMenuTests.Navigation_HidesLegacyTraceabilityGroupByDefault" storage="c:\users\ajaan\source\sdd-repos\birknext\aiassisted\frontend\birknext.web.tests\bin\debug\net8.0\birknext.web.tests.dll" id="8dd55530-9f32-f449-755c-2ca1119f43e9">
      <Execution id="d2d049f3-d678-4e5c-82dc-b973f0ed232e" />
      <TestMethod codeBase="C:\Users\ajaan\source\sdd-repos\BirkNext\AIAssisted\frontend\BirkNext.Web.Tests\bin\Debug\net8.0\BirkNext.Web.Tests.dll" adapterTypeName="executor://xunit/VsTestRunner2/netcoreapp" className="BirkNext.Web.Tests.Layout.NavMenuTests" name="Navigation_HidesLegacyTraceabilityGroupByDefault" />
    </UnitTest>
    <UnitTest name="BirkNext.Web.Tests.Components.ViewBehaviorTests.UserGuide_ExplainsRequirementVsUserStoryViews" storage="c:\users\ajaan\source\sdd-repos\birknext\aiassisted\frontend\birknext.web.tests\bin\debug\net8.0\birknext.web.tests.dll" id="8777e29d-67ff-cb5d-1076-73f412cbb3e6">
      <Execution id="fc685aec-46f4-47ad-b4f1-14e21430d154" />
      <TestMethod codeBase="C:\Users\ajaan\source\sdd-repos\BirkNext\AIAssisted\frontend\BirkNext.Web.Tests\bin\Debug\net8.0\BirkNext.Web.Tests.dll" adapterTypeName="executor://xunit/VsTestRunner2/netcoreapp" className="BirkNext.Web.Tests.Components.ViewBehaviorTests" name="UserGuide_ExplainsRequirementVsUserStoryViews" />
    </UnitTest>
    <UnitTest name="BirkNext.Web.Tests.Components.ViewBehaviorTests.FlowView_ShowsSuccessCriteriaLane" storage="c:\users\ajaan\source\sdd-repos\birknext\aiassisted\frontend\birknext.web.tests\bin\debug\net8.0\birknext.web.tests.dll" id="93a0b327-ac5e-59b8-d305-080059c26486">
      <Execution id="a936beb3-4835-42df-8a9a-dc12460d5ea8" />
      <TestMethod codeBase="C:\Users\ajaan\source\sdd-repos\BirkNext\AIAssisted\frontend\BirkNext.Web.Tests\bin\Debug\net8.0\BirkNext.Web.Tests.dll" adapterTypeName="executor://xunit/VsTestRunner2/netcoreapp" className="BirkNext.Web.Tests.Components.ViewBehaviorTests" name="FlowView_ShowsSuccessCriteriaLane" />
    </UnitTest>
    <UnitTest name="BirkNext.Web.Tests.Pages.AnalysisNavigationTests.Sidebar_NoLegacyComparisonEntries" storage="c:\users\ajaan\source\sdd-repos\birknext\aiassisted\frontend\birknext.web.tests\bin\debug\net8.0\birknext.web.tests.dll" id="a81c388d-aa2b-554a-ebc5-ccdbb780d4eb">
      <Execution id="0dd70116-07f1-4f9b-8a09-6446ef8235e1" />
      <TestMethod codeBase="C:\Users\ajaan\source\sdd-repos\BirkNext\AIAssisted\frontend\BirkNext.Web.Tests\bin\Debug\net8.0\BirkNext.Web.Tests.dll" adapterTypeName="executor://xunit/VsTestRunner2/netcoreapp" className="BirkNext.Web.Tests.Pages.AnalysisNavigationTests" name="Sidebar_NoLegacyComparisonEntries" />
    </UnitTest>
    <UnitTest name="BirkNext.Web.Tests.Pages.DashboardPageTests.DashboardMetrics_RenderHealthProgressRisksAndActivitySummary" storage="c:\users\ajaan\source\sdd-repos\birknext\aiassisted\frontend\birknext.web.tests\bin\debug\net8.0\birknext.web.tests.dll" id="b1ea80e3-5eb8-cd16-e365-232d6f3c34fc">
      <Execution id="c4c54700-50d9-41a8-a53d-5c6276f6d9d0" />
      <TestMethod codeBase="C:\Users\ajaan\source\sdd-repos\BirkNext\AIAssisted\frontend\BirkNext.Web.Tests\bin\Debug\net8.0\BirkNext.Web.Tests.dll" adapterTypeName="executor://xunit/VsTestRunner2/netcoreapp" className="BirkNext.Web.Tests.Pages.DashboardPageTests" name="DashboardMetrics_RenderHealthProgressRisksAndActivitySummary" />
    </UnitTest>
    <UnitTest name="BirkNext.Web.Tests.Pages.AnalysisNavigationTests.Sidebar_IsConsistentWithNewModel" storage="c:\users\ajaan\source\sdd-repos\birknext\aiassisted\frontend\birknext.web.tests\bin\debug\net8.0\birknext.web.tests.dll" id="726e1857-87bd-258f-80b8-9e20d912fb77">
      <Execution id="d0fde4e2-f0b8-413c-805d-95a9f87398cb" />
      <TestMethod codeBase="C:\Users\ajaan\source\sdd-repos\BirkNext\AIAssisted\frontend\BirkNext.Web.Tests\bin\Debug\net8.0\BirkNext.Web.Tests.dll" adapterTypeName="executor://xunit/VsTestRunner2/netcoreapp" className="BirkNext.Web.Tests.Pages.AnalysisNavigationTests" name="Sidebar_IsConsistentWithNewModel" />
    </UnitTest>
    <UnitTest name="BirkNext.Web.Tests.Components.ViewBehaviorTests.FlowView_QAWorkQueueDisplaysCounts" storage="c:\users\ajaan\source\sdd-repos\birknext\aiassisted\frontend\birknext.web.tests\bin\debug\net8.0\birknext.web.tests.dll" id="60574d2f-17f2-af85-a932-0275e3dcf098">
      <Execution id="0b5bbbdc-0b98-4c7e-83c9-89d85793ba87" />
      <TestMethod codeBase="C:\Users\ajaan\source\sdd-repos\BirkNext\AIAssisted\frontend\BirkNext.Web.Tests\bin\Debug\net8.0\BirkNext.Web.Tests.dll" adapterTypeName="executor://xunit/VsTestRunner2/netcoreapp" className="BirkNext.Web.Tests.Components.ViewBehaviorTests" name="FlowView_QAWorkQueueDisplaysCounts" />
    </UnitTest>
    <UnitTest name="BirkNext.Web.Tests.Layout.NavMenuTests.Navigation_ShowsAiReviewGroup_WhenFeatureFlagEnabled" storage="c:\users\ajaan\source\sdd-repos\birknext\aiassisted\frontend\birknext.web.tests\bin\debug\net8.0\birknext.web.tests.dll" id="2cb253d4-d14d-2d0a-bc8c-8ff0c2336a66">
      <Execution id="d85211ff-4f6a-4823-bb52-1c98bc1fa494" />
      <TestMethod codeBase="C:\Users\ajaan\source\sdd-repos\BirkNext\AIAssisted\frontend\BirkNext.Web.Tests\bin\Debug\net8.0\BirkNext.Web.Tests.dll" adapterTypeName="executor://xunit/VsTestRunner2/netcoreapp" className="BirkNext.Web.Tests.Layout.NavMenuTests" name="Navigation_ShowsAiReviewGroup_WhenFeatureFlagEnabled" />
    </UnitTest>
    <UnitTest name="BirkNext.Web.Tests.Layout.NavMenuTests.Navigation_ShowsLegacyTraceabilityGroup_WhenFeatureFlagEnabled" storage="c:\users\ajaan\source\sdd-repos\birknext\aiassisted\frontend\birknext.web.tests\bin\debug\net8.0\birknext.web.tests.dll" id="086a74d1-b04f-e1a5-d0e9-d90405ff9537">
      <Execution id="32363bec-d6a0-48a5-a82e-b2da8cdb807d" />
      <TestMethod codeBase="C:\Users\ajaan\source\sdd-repos\BirkNext\AIAssisted\frontend\BirkNext.Web.Tests\bin\Debug\net8.0\BirkNext.Web.Tests.dll" adapterTypeName="executor://xunit/VsTestRunner2/netcoreapp" className="BirkNext.Web.Tests.Layout.NavMenuTests" name="Navigation_ShowsLegacyTraceabilityGroup_WhenFeatureFlagEnabled" />
    </UnitTest>
    <UnitTest name="BirkNext.Web.Tests.Pages.DashboardPageTests.DashboardMetrics_RenderWithEmptyData" storage="c:\users\ajaan\source\sdd-repos\birknext\aiassisted\frontend\birknext.web.tests\bin\debug\net8.0\birknext.web.tests.dll" id="65c719d6-8db7-31ec-ad65-a277948dcc0f">
      <Execution id="87a1155a-8afa-459a-9abc-3773a180b57e" />
      <TestMethod codeBase="C:\Users\ajaan\source\sdd-repos\BirkNext\AIAssisted\frontend\BirkNext.Web.Tests\bin\Debug\net8.0\BirkNext.Web.Tests.dll" adapterTypeName="executor://xunit/VsTestRunner2/netcoreapp" className="BirkNext.Web.Tests.Pages.DashboardPageTests" name="DashboardMetrics_RenderWithEmptyData" />
    </UnitTest>
    <UnitTest name="BirkNext.Web.Tests.Components.ViewBehaviorTests.UserGuide_ExplainsImplementationCoverageVsValidationCoverage" storage="c:\users\ajaan\source\sdd-repos\birknext\aiassisted\frontend\birknext.web.tests\bin\debug\net8.0\birknext.web.tests.dll" id="2b1a5a45-7893-9808-67cf-7c4d9949bddf">
      <Execution id="163a9bdd-fd65-4b87-963a-c1409d95bd73" />
      <TestMethod codeBase="C:\Users\ajaan\source\sdd-repos\BirkNext\AIAssisted\frontend\BirkNext.Web.Tests\bin\Debug\net8.0\BirkNext.Web.Tests.dll" adapterTypeName="executor://xunit/VsTestRunner2/netcoreapp" className="BirkNext.Web.Tests.Components.ViewBehaviorTests" name="UserGuide_ExplainsImplementationCoverageVsValidationCoverage" />
    </UnitTest>
    <UnitTest name="BirkNext.Web.Tests.Components.ViewBehaviorTests.FlowView_ReplacesAmbiguousWarningIcons" storage="c:\users\ajaan\source\sdd-repos\birknext\aiassisted\frontend\birknext.web.tests\bin\debug\net8.0\birknext.web.tests.dll" id="d9e2449f-54c3-4777-5463-f960e1ef872a">
      <Execution id="f7347909-2146-4c39-a60e-5bdfe3067cef" />
      <TestMethod codeBase="C:\Users\ajaan\source\sdd-repos\BirkNext\AIAssisted\frontend\BirkNext.Web.Tests\bin\Debug\net8.0\BirkNext.Web.Tests.dll" adapterTypeName="executor://xunit/VsTestRunner2/netcoreapp" className="BirkNext.Web.Tests.Components.ViewBehaviorTests" name="FlowView_ReplacesAmbiguousWarningIcons" />
    </UnitTest>
    <UnitTest name="BirkNext.Web.Tests.Components.ViewBehaviorTests.UserGuide_DescribesStandardSpecificationReviewWorkflow" storage="c:\users\ajaan\source\sdd-repos\birknext\aiassisted\frontend\birknext.web.tests\bin\debug\net8.0\birknext.web.tests.dll" id="c8f1d771-d40b-e515-3f2b-392ff3c74963">
      <Execution id="88f49003-82dc-4014-86c3-b30585fc0d55" />
      <TestMethod codeBase="C:\Users\ajaan\source\sdd-repos\BirkNext\AIAssisted\frontend\BirkNext.Web.Tests\bin\Debug\net8.0\BirkNext.Web.Tests.dll" adapterTypeName="executor://xunit/VsTestRunner2/netcoreapp" className="BirkNext.Web.Tests.Components.ViewBehaviorTests" name="UserGuide_DescribesStandardSpecificationReviewWorkflow" />
    </UnitTest>
    <UnitTest name="BirkNext.Web.Tests.Layout.NavMenuTests.TraceabilityNavigation_RendersCorrectHierarchy_WhenFeatureFlagEnabled" storage="c:\users\ajaan\source\sdd-repos\birknext\aiassisted\frontend\birknext.web.tests\bin\debug\net8.0\birknext.web.tests.dll" id="4c58cd0b-05ab-0757-1666-e841bee00ed5">
      <Execution id="55b10d7d-d29d-4cd5-9f2f-015609e940c4" />
      <TestMethod codeBase="C:\Users\ajaan\source\sdd-repos\BirkNext\AIAssisted\frontend\BirkNext.Web.Tests\bin\Debug\net8.0\BirkNext.Web.Tests.dll" adapterTypeName="executor://xunit/VsTestRunner2/netcoreapp" className="BirkNext.Web.Tests.Layout.NavMenuTests" name="TraceabilityNavigation_RendersCorrectHierarchy_WhenFeatureFlagEnabled" />
    </UnitTest>
    <UnitTest name="BirkNext.Web.Tests.Pages.AnalysisNavigationTests.NoDuplicateSpecComparisonEntryExists" storage="c:\users\ajaan\source\sdd-repos\birknext\aiassisted\frontend\birknext.web.tests\bin\debug\net8.0\birknext.web.tests.dll" id="e777a9bb-2b68-a4b8-e4bf-88ed0ce3d7ee">
      <Execution id="45159a60-8628-44a7-80e6-9ae8200cfe5f" />
      <TestMethod codeBase="C:\Users\ajaan\source\sdd-repos\BirkNext\AIAssisted\frontend\BirkNext.Web.Tests\bin\Debug\net8.0\BirkNext.Web.Tests.dll" adapterTypeName="executor://xunit/VsTestRunner2/netcoreapp" className="BirkNext.Web.Tests.Pages.AnalysisNavigationTests" name="NoDuplicateSpecComparisonEntryExists" />
    </UnitTest>
    <UnitTest name="BirkNext.Web.Tests.Components.ViewBehaviorTests.FlowView_ShowsTaskActionButtons" storage="c:\users\ajaan\source\sdd-repos\birknext\aiassisted\frontend\birknext.web.tests\bin\debug\net8.0\birknext.web.tests.dll" id="2cac2a62-1429-c150-d3ff-4b9116c0d634">
      <Execution id="5137857a-460b-4f3f-9a0a-8ae64ccb13fa" />
      <TestMethod codeBase="C:\Users\ajaan\source\sdd-repos\BirkNext\AIAssisted\frontend\BirkNext.Web.Tests\bin\Debug\net8.0\BirkNext.Web.Tests.dll" adapterTypeName="executor://xunit/VsTestRunner2/netcoreapp" className="BirkNext.Web.Tests.Components.ViewBehaviorTests" name="FlowView_ShowsTaskActionButtons" />
    </UnitTest>
    <UnitTest name="BirkNext.Web.Tests.Components.ViewBehaviorTests.UserGuide_ClearlyDifferentiatesTraceabilityAndLibrary" storage="c:\users\ajaan\source\sdd-repos\birknext\aiassisted\frontend\birknext.web.tests\bin\debug\net8.0\birknext.web.tests.dll" id="5b4913a9-eec2-c611-b832-c86910142f09">
      <Execution id="59403c2f-3db4-4202-bd30-b6976ce6943c" />
      <TestMethod codeBase="C:\Users\ajaan\source\sdd-repos\BirkNext\AIAssisted\frontend\BirkNext.Web.Tests\bin\Debug\net8.0\BirkNext.Web.Tests.dll" adapterTypeName="executor://xunit/VsTestRunner2/netcoreapp" className="BirkNext.Web.Tests.Components.ViewBehaviorTests" name="UserGuide_ClearlyDifferentiatesTraceabilityAndLibrary" />
    </UnitTest>
    <UnitTest name="BirkNext.Web.Tests.Components.ViewBehaviorTests.UserGuide_ExplainsSpecExplorerPurpose" storage="c:\users\ajaan\source\sdd-repos\birknext\aiassisted\frontend\birknext.web.tests\bin\debug\net8.0\birknext.web.tests.dll" id="b6c64fa7-3a8c-5e5a-bf53-516af1eb4f40">
      <Execution id="e0309002-a12d-4028-a789-0eb8e3ecdd57" />
      <TestMethod codeBase="C:\Users\ajaan\source\sdd-repos\BirkNext\AIAssisted\frontend\BirkNext.Web.Tests\bin\Debug\net8.0\BirkNext.Web.Tests.dll" adapterTypeName="executor://xunit/VsTestRunner2/netcoreapp" className="BirkNext.Web.Tests.Components.ViewBehaviorTests" name="UserGuide_ExplainsSpecExplorerPurpose" />
    </UnitTest>
    <UnitTest name="BirkNext.Web.Tests.Pages.DashboardPageTests.DashboardRoute_RendersMetrics" storage="c:\users\ajaan\source\sdd-repos\birknext\aiassisted\frontend\birknext.web.tests\bin\debug\net8.0\birknext.web.tests.dll" id="dc0718b4-ba00-043c-88e6-e501c5c09820">
      <Execution id="8c33de1c-f3ba-44f7-a5e9-1ac63e95453f" />
      <TestMethod codeBase="C:\Users\ajaan\source\sdd-repos\BirkNext\AIAssisted\frontend\BirkNext.Web.Tests\bin\Debug\net8.0\BirkNext.Web.Tests.dll" adapterTypeName="executor://xunit/VsTestRunner2/netcoreapp" className="BirkNext.Web.Tests.Pages.DashboardPageTests" name="DashboardRoute_RendersMetrics" />
    </UnitTest>
    <UnitTest name="BirkNext.Web.Tests.Components.ViewBehaviorTests.FlowView_DoesNotRenderSpecificationStructureGroups" storage="c:\users\ajaan\source\sdd-repos\birknext\aiassisted\frontend\birknext.web.tests\bin\debug\net8.0\birknext.web.tests.dll" id="d4e19682-c120-65dd-b288-774561a908b5">
      <Execution id="f58dab6a-1144-4457-af61-cdff1026a3ac" />
      <TestMethod codeBase="C:\Users\ajaan\source\sdd-repos\BirkNext\AIAssisted\frontend\BirkNext.Web.Tests\bin\Debug\net8.0\BirkNext.Web.Tests.dll" adapterTypeName="executor://xunit/VsTestRunner2/netcoreapp" className="BirkNext.Web.Tests.Components.ViewBehaviorTests" name="FlowView_DoesNotRenderSpecificationStructureGroups" />
    </UnitTest>
    <UnitTest name="BirkNext.Web.Tests.Components.ViewBehaviorTests.FlowView_ShowsReadinessScore" storage="c:\users\ajaan\source\sdd-repos\birknext\aiassisted\frontend\birknext.web.tests\bin\debug\net8.0\birknext.web.tests.dll" id="a003c9c1-2421-6af6-70aa-7f8ff33737e4">
      <Execution id="f684b9ff-b9fe-45fd-93f6-2a3f18d5d69f" />
      <TestMethod codeBase="C:\Users\ajaan\source\sdd-repos\BirkNext\AIAssisted\frontend\BirkNext.Web.Tests\bin\Debug\net8.0\BirkNext.Web.Tests.dll" adapterTypeName="executor://xunit/VsTestRunner2/netcoreapp" className="BirkNext.Web.Tests.Components.ViewBehaviorTests" name="FlowView_ShowsReadinessScore" />
    </UnitTest>
    <UnitTest name="BirkNext.Web.Tests.Pages.AnalysisNavigationTests.SpecDrift_IncludesChangesTab" storage="c:\users\ajaan\source\sdd-repos\birknext\aiassisted\frontend\birknext.web.tests\bin\debug\net8.0\birknext.web.tests.dll" id="77e583ad-6fdc-3047-8ac4-4c23f99f53dc">
      <Execution id="f6bbabb9-f0ef-4bed-939a-fb55474533f4" />
      <TestMethod codeBase="C:\Users\ajaan\source\sdd-repos\BirkNext\AIAssisted\frontend\BirkNext.Web.Tests\bin\Debug\net8.0\BirkNext.Web.Tests.dll" adapterTypeName="executor://xunit/VsTestRunner2/netcoreapp" className="BirkNext.Web.Tests.Pages.AnalysisNavigationTests" name="SpecDrift_IncludesChangesTab" />
    </UnitTest>
    <UnitTest name="BirkNext.Web.Tests.Components.ViewBehaviorTests.UserGuide_DoesNotPointToLegacyTraceability" storage="c:\users\ajaan\source\sdd-repos\birknext\aiassisted\frontend\birknext.web.tests\bin\debug\net8.0\birknext.web.tests.dll" id="40811ea2-25ea-301c-9a8d-de945d6b4c2c">
      <Execution id="6f4e1422-d425-4258-8461-c409b92d982f" />
      <TestMethod codeBase="C:\Users\ajaan\source\sdd-repos\BirkNext\AIAssisted\frontend\BirkNext.Web.Tests\bin\Debug\net8.0\BirkNext.Web.Tests.dll" adapterTypeName="executor://xunit/VsTestRunner2/netcoreapp" className="BirkNext.Web.Tests.Components.ViewBehaviorTests" name="UserGuide_DoesNotPointToLegacyTraceability" />
    </UnitTest>
    <UnitTest name="BirkNext.Web.Tests.Pages.AnalysisNavigationTests.TaskDeltas_IsFullyRemoved" storage="c:\users\ajaan\source\sdd-repos\birknext\aiassisted\frontend\birknext.web.tests\bin\debug\net8.0\birknext.web.tests.dll" id="0321b7fd-f62a-6a1a-ddd2-0ae526774508">
      <Execution id="2c15a70a-12ff-4772-98e9-ef987858308b" />
      <TestMethod codeBase="C:\Users\ajaan\source\sdd-repos\BirkNext\AIAssisted\frontend\BirkNext.Web.Tests\bin\Debug\net8.0\BirkNext.Web.Tests.dll" adapterTypeName="executor://xunit/VsTestRunner2/netcoreapp" className="BirkNext.Web.Tests.Pages.AnalysisNavigationTests" name="TaskDeltas_IsFullyRemoved" />
    </UnitTest>
    <UnitTest name="BirkNext.Web.Tests.Pages.AnalysisNavigationTests.Sidebar_NoDeltaEntriesExist" storage="c:\users\ajaan\source\sdd-repos\birknext\aiassisted\frontend\birknext.web.tests\bin\debug\net8.0\birknext.web.tests.dll" id="d5366f2b-ded8-424e-616a-ef1c97e820ea">
      <Execution id="b645e9f0-80b6-49ce-a8ca-1b3f8ae55f59" />
      <TestMethod codeBase="C:\Users\ajaan\source\sdd-repos\BirkNext\AIAssisted\frontend\BirkNext.Web.Tests\bin\Debug\net8.0\BirkNext.Web.Tests.dll" adapterTypeName="executor://xunit/VsTestRunner2/netcoreapp" className="BirkNext.Web.Tests.Pages.AnalysisNavigationTests" name="Sidebar_NoDeltaEntriesExist" />
    </UnitTest>
    <UnitTest name="BirkNext.Web.Tests.Layout.NavMenuTests.LegacyTraceabilityRoutes_StillResolve" storage="c:\users\ajaan\source\sdd-repos\birknext\aiassisted\frontend\birknext.web.tests\bin\debug\net8.0\birknext.web.tests.dll" id="6744013c-4b40-f747-c9e6-49a0c0660276">
      <Execution id="a54f2fea-db9b-4c4b-ad7c-e2c65a6bbb83" />
      <TestMethod codeBase="C:\Users\ajaan\source\sdd-repos\BirkNext\AIAssisted\frontend\BirkNext.Web.Tests\bin\Debug\net8.0\BirkNext.Web.Tests.dll" adapterTypeName="executor://xunit/VsTestRunner2/netcoreapp" className="BirkNext.Web.Tests.Layout.NavMenuTests" name="LegacyTraceabilityRoutes_StillResolve" />
    </UnitTest>
    <UnitTest name="BirkNext.Web.Tests.Components.ViewBehaviorTests.FlowView_groups_by_user_story_heading_not_by_candidate_classification" storage="c:\users\ajaan\source\sdd-repos\birknext\aiassisted\frontend\birknext.web.tests\bin\debug\net8.0\birknext.web.tests.dll" id="9ad2d835-7073-a757-9e54-42e7d2c6ac1c">
      <Execution id="0e880ada-e9e8-4a54-9eed-c0326d0e436f" />
      <TestMethod codeBase="C:\Users\ajaan\source\sdd-repos\BirkNext\AIAssisted\frontend\BirkNext.Web.Tests\bin\Debug\net8.0\BirkNext.Web.Tests.dll" adapterTypeName="executor://xunit/VsTestRunner2/netcoreapp" className="BirkNext.Web.Tests.Components.ViewBehaviorTests" name="FlowView_groups_by_user_story_heading_not_by_candidate_classification" />
    </UnitTest>
    <UnitTest name="BirkNext.Web.Tests.Pages.DashboardPageTests.DashboardWorkflowMetric_UsesSharedReadinessForLoadedWorkspace" storage="c:\users\ajaan\source\sdd-repos\birknext\aiassisted\frontend\birknext.web.tests\bin\debug\net8.0\birknext.web.tests.dll" id="28ab8b41-f96e-9198-b515-78d8e8f7d3db">
      <Execution id="e5a86ca2-0a84-4879-8a7a-e4c87d0d061a" />
      <TestMethod codeBase="C:\Users\ajaan\source\sdd-repos\BirkNext\AIAssisted\frontend\BirkNext.Web.Tests\bin\Debug\net8.0\BirkNext.Web.Tests.dll" adapterTypeName="executor://xunit/VsTestRunner2/netcoreapp" className="BirkNext.Web.Tests.Pages.DashboardPageTests" name="DashboardWorkflowMetric_UsesSharedReadinessForLoadedWorkspace" />
    </UnitTest>
    <UnitTest name="BirkNext.Web.Tests.Components.ViewBehaviorTests.FlowView_FiltersByGapType" storage="c:\users\ajaan\source\sdd-repos\birknext\aiassisted\frontend\birknext.web.tests\bin\debug\net8.0\birknext.web.tests.dll" id="3b58b4d8-1a74-8213-b5e1-66a28e8ba381">
      <Execution id="211876fa-f01c-4759-b998-e5f3572f306e" />
      <TestMethod codeBase="C:\Users\ajaan\source\sdd-repos\BirkNext\AIAssisted\frontend\BirkNext.Web.Tests\bin\Debug\net8.0\BirkNext.Web.Tests.dll" adapterTypeName="executor://xunit/VsTestRunner2/netcoreapp" className="BirkNext.Web.Tests.Components.ViewBehaviorTests" name="FlowView_FiltersByGapType" />
    </UnitTest>
    <UnitTest name="BirkNext.Web.Tests.Pages.AnalysisNavigationTests.OldRoutes_RedirectToSpecDrift" storage="c:\users\ajaan\source\sdd-repos\birknext\aiassisted\frontend\birknext.web.tests\bin\debug\net8.0\birknext.web.tests.dll" id="9bfb8581-9a7a-39ee-4971-9104b14c9d27">
      <Execution id="8546f21f-a776-423d-99ae-e8bf8faa1e59" />
      <TestMethod codeBase="C:\Users\ajaan\source\sdd-repos\BirkNext\AIAssisted\frontend\BirkNext.Web.Tests\bin\Debug\net8.0\BirkNext.Web.Tests.dll" adapterTypeName="executor://xunit/VsTestRunner2/netcoreapp" className="BirkNext.Web.Tests.Pages.AnalysisNavigationTests" name="OldRoutes_RedirectToSpecDrift" />
    </UnitTest>
    <UnitTest name="BirkNext.Web.Tests.Layout.NavMenuTests.NavMenu_RendersMvpNavigation" storage="c:\users\ajaan\source\sdd-repos\birknext\aiassisted\frontend\birknext.web.tests\bin\debug\net8.0\birknext.web.tests.dll" id="af4324c1-b817-198c-1fc2-3ae7fc72e4f2">
      <Execution id="def301a2-cec0-4fef-803b-56c2a69380c0" />
      <TestMethod codeBase="C:\Users\ajaan\source\sdd-repos\BirkNext\AIAssisted\frontend\BirkNext.Web.Tests\bin\Debug\net8.0\BirkNext.Web.Tests.dll" adapterTypeName="executor://xunit/VsTestRunner2/netcoreapp" className="BirkNext.Web.Tests.Layout.NavMenuTests" name="NavMenu_RendersMvpNavigation" />
    </UnitTest>
    <UnitTest name="BirkNext.Web.Tests.Components.ViewBehaviorTests.FlowView_ShowsGlobalAndLocalCoverageSeparately" storage="c:\users\ajaan\source\sdd-repos\birknext\aiassisted\frontend\birknext.web.tests\bin\debug\net8.0\birknext.web.tests.dll" id="ea22c5c4-e999-739d-c9f6-f1e1c7239022">
      <Execution id="4473f6b9-bdbc-42d2-97bf-0cc7942d393b" />
      <TestMethod codeBase="C:\Users\ajaan\source\sdd-repos\BirkNext\AIAssisted\frontend\BirkNext.Web.Tests\bin\Debug\net8.0\BirkNext.Web.Tests.dll" adapterTypeName="executor://xunit/VsTestRunner2/netcoreapp" className="BirkNext.Web.Tests.Components.ViewBehaviorTests" name="FlowView_ShowsGlobalAndLocalCoverageSeparately" />
    </UnitTest>
    <UnitTest name="BirkNext.Web.Tests.Components.ViewBehaviorTests.FlowView_DoesNotCreateGapsFromDecisions" storage="c:\users\ajaan\source\sdd-repos\birknext\aiassisted\frontend\birknext.web.tests\bin\debug\net8.0\birknext.web.tests.dll" id="826198e6-883b-f4e6-7b92-722301dab700">
      <Execution id="e0fec166-bb41-4ac6-b98a-b3c60a6b5ba1" />
      <TestMethod codeBase="C:\Users\ajaan\source\sdd-repos\BirkNext\AIAssisted\frontend\BirkNext.Web.Tests\bin\Debug\net8.0\BirkNext.Web.Tests.dll" adapterTypeName="executor://xunit/VsTestRunner2/netcoreapp" className="BirkNext.Web.Tests.Components.ViewBehaviorTests" name="FlowView_DoesNotCreateGapsFromDecisions" />
    </UnitTest>
    <UnitTest name="BirkNext.Web.Tests.Components.ViewBehaviorTests.FlowView_ShowsStoryHealthStatus" storage="c:\users\ajaan\source\sdd-repos\birknext\aiassisted\frontend\birknext.web.tests\bin\debug\net8.0\birknext.web.tests.dll" id="9ba76bdd-0c36-939b-87a6-9340d1dba021">
      <Execution id="7c7157c0-8dff-450b-b14f-462da61d79aa" />
      <TestMethod codeBase="C:\Users\ajaan\source\sdd-repos\BirkNext\AIAssisted\frontend\BirkNext.Web.Tests\bin\Debug\net8.0\BirkNext.Web.Tests.dll" adapterTypeName="executor://xunit/VsTestRunner2/netcoreapp" className="BirkNext.Web.Tests.Components.ViewBehaviorTests" name="FlowView_ShowsStoryHealthStatus" />
    </UnitTest>
    <UnitTest name="BirkNext.Web.Tests.Components.ViewBehaviorTests.UserGuide_ExplainsTraceabilityMetricNavigation" storage="c:\users\ajaan\source\sdd-repos\birknext\aiassisted\frontend\birknext.web.tests\bin\debug\net8.0\birknext.web.tests.dll" id="646a5d51-28d4-6d7b-b152-299419441dc3">
      <Execution id="b7bdc8cd-60f3-4259-813b-5652e74ab0d2" />
      <TestMethod codeBase="C:\Users\ajaan\source\sdd-repos\BirkNext\AIAssisted\frontend\BirkNext.Web.Tests\bin\Debug\net8.0\BirkNext.Web.Tests.dll" adapterTypeName="executor://xunit/VsTestRunner2/netcoreapp" className="BirkNext.Web.Tests.Components.ViewBehaviorTests" name="UserGuide_ExplainsTraceabilityMetricNavigation" />
    </UnitTest>
    <UnitTest name="BirkNext.Web.Tests.Pages.DashboardPageTests.Dashboard_ApiFailure_ShowsInlineError" storage="c:\users\ajaan\source\sdd-repos\birknext\aiassisted\frontend\birknext.web.tests\bin\debug\net8.0\birknext.web.tests.dll" id="c0b2e209-ad2d-e6ed-ce20-7d39c313fc7e">
      <Execution id="c2e7643c-9bd0-4445-92d3-c9ed05a4fa11" />
      <TestMethod codeBase="C:\Users\ajaan\source\sdd-repos\BirkNext\AIAssisted\frontend\BirkNext.Web.Tests\bin\Debug\net8.0\BirkNext.Web.Tests.dll" adapterTypeName="executor://xunit/VsTestRunner2/netcoreapp" className="BirkNext.Web.Tests.Pages.DashboardPageTests" name="Dashboard_ApiFailure_ShowsInlineError" />
    </UnitTest>
    <UnitTest name="BirkNext.Web.Tests.Components.ViewBehaviorTests.FlowView_ShowsCoverageSummary" storage="c:\users\ajaan\source\sdd-repos\birknext\aiassisted\frontend\birknext.web.tests\bin\debug\net8.0\birknext.web.tests.dll" id="c686d409-3f51-bc47-c9a5-6dc93d4d319a">
      <Execution id="eaaeee8e-98c2-4c8f-9f18-4ab67f0d7231" />
      <TestMethod codeBase="C:\Users\ajaan\source\sdd-repos\BirkNext\AIAssisted\frontend\BirkNext.Web.Tests\bin\Debug\net8.0\BirkNext.Web.Tests.dll" adapterTypeName="executor://xunit/VsTestRunner2/netcoreapp" className="BirkNext.Web.Tests.Components.ViewBehaviorTests" name="FlowView_ShowsCoverageSummary" />
    </UnitTest>
    <UnitTest name="BirkNext.Web.Tests.Pages.AnalysisNavigationTests.SpecDriftIsOnlySpecChangeEntryPoint" storage="c:\users\ajaan\source\sdd-repos\birknext\aiassisted\frontend\birknext.web.tests\bin\debug\net8.0\birknext.web.tests.dll" id="cbe349bd-855d-af59-fd00-bbca9d94a735">
      <Execution id="6e956c6d-0d24-42ad-9a0b-fb900882cddb" />
      <TestMethod codeBase="C:\Users\ajaan\source\sdd-repos\BirkNext\AIAssisted\frontend\BirkNext.Web.Tests\bin\Debug\net8.0\BirkNext.Web.Tests.dll" adapterTypeName="executor://xunit/VsTestRunner2/netcoreapp" className="BirkNext.Web.Tests.Pages.AnalysisNavigationTests" name="SpecDriftIsOnlySpecChangeEntryPoint" />
    </UnitTest>
    <UnitTest name="BirkNext.Web.Tests.Components.ViewBehaviorTests.UserGuide_ExplainsFlowViewReadinessModel" storage="c:\users\ajaan\source\sdd-repos\birknext\aiassisted\frontend\birknext.web.tests\bin\debug\net8.0\birknext.web.tests.dll" id="abf04001-587d-c36b-6eb1-972db8d41f31">
      <Execution id="eabbd338-16ca-4b7c-a2d6-dad74caf8ed9" />
      <TestMethod codeBase="C:\Users\ajaan\source\sdd-repos\BirkNext\AIAssisted\frontend\BirkNext.Web.Tests\bin\Debug\net8.0\BirkNext.Web.Tests.dll" adapterTypeName="executor://xunit/VsTestRunner2/netcoreapp" className="BirkNext.Web.Tests.Components.ViewBehaviorTests" name="UserGuide_ExplainsFlowViewReadinessModel" />
    </UnitTest>
    <UnitTest name="BirkNext.Web.Tests.Pages.AnalysisNavigationTests.Navigation_ContainsOnlyFourAnalysisItems" storage="c:\users\ajaan\source\sdd-repos\birknext\aiassisted\frontend\birknext.web.tests\bin\debug\net8.0\birknext.web.tests.dll" id="2ad2c5a7-7e33-01cf-1ed4-0420addf1d23">
      <Execution id="d98f2ada-24bf-4057-a486-d4707005656a" />
      <TestMethod codeBase="C:\Users\ajaan\source\sdd-repos\BirkNext\AIAssisted\frontend\BirkNext.Web.Tests\bin\Debug\net8.0\BirkNext.Web.Tests.dll" adapterTypeName="executor://xunit/VsTestRunner2/netcoreapp" className="BirkNext.Web.Tests.Pages.AnalysisNavigationTests" name="Navigation_ContainsOnlyFourAnalysisItems" />
    </UnitTest>
    <UnitTest name="BirkNext.Web.Tests.Components.ViewBehaviorTests.FlowView_ShowsRequirementTraceabilityCounts" storage="c:\users\ajaan\source\sdd-repos\birknext\aiassisted\frontend\birknext.web.tests\bin\debug\net8.0\birknext.web.tests.dll" id="4c585b52-7f74-8301-d1eb-5e641c76f0df">
      <Execution id="a8acf329-1149-4d60-8402-e414cde7ccd0" />
      <TestMethod codeBase="C:\Users\ajaan\source\sdd-repos\BirkNext\AIAssisted\frontend\BirkNext.Web.Tests\bin\Debug\net8.0\BirkNext.Web.Tests.dll" adapterTypeName="executor://xunit/VsTestRunner2/netcoreapp" className="BirkNext.Web.Tests.Components.ViewBehaviorTests" name="FlowView_ShowsRequirementTraceabilityCounts" />
    </UnitTest>
    <UnitTest name="BirkNext.Web.Tests.Pages.AnalysisNavigationTests.Sidebar_ContainsOnlyFourAnalysisItems" storage="c:\users\ajaan\source\sdd-repos\birknext\aiassisted\frontend\birknext.web.tests\bin\debug\net8.0\birknext.web.tests.dll" id="4310a5f4-0e09-7b9a-1d8a-883ac517d53f">
      <Execution id="1aa0f915-ee79-43c8-bce1-bb58eb206aa7" />
      <TestMethod codeBase="C:\Users\ajaan\source\sdd-repos\BirkNext\AIAssisted\frontend\BirkNext.Web.Tests\bin\Debug\net8.0\BirkNext.Web.Tests.dll" adapterTypeName="executor://xunit/VsTestRunner2/netcoreapp" className="BirkNext.Web.Tests.Pages.AnalysisNavigationTests" name="Sidebar_ContainsOnlyFourAnalysisItems" />
    </UnitTest>
    <UnitTest name="BirkNext.Web.Tests.Pages.AnalysisNavigationTests.Navigation_AllRoutesResolveToNewModel" storage="c:\users\ajaan\source\sdd-repos\birknext\aiassisted\frontend\birknext.web.tests\bin\debug\net8.0\birknext.web.tests.dll" id="f90c35e1-14aa-d4f7-9414-013cbdb6b705">
      <Execution id="c4e49be6-4573-47b9-9e36-2b990c7e2029" />
      <TestMethod codeBase="C:\Users\ajaan\source\sdd-repos\BirkNext\AIAssisted\frontend\BirkNext.Web.Tests\bin\Debug\net8.0\BirkNext.Web.Tests.dll" adapterTypeName="executor://xunit/VsTestRunner2/netcoreapp" className="BirkNext.Web.Tests.Pages.AnalysisNavigationTests" name="Navigation_AllRoutesResolveToNewModel" />
    </UnitTest>
  </TestDefinitions>
  <TestEntries>
    <TestEntry testId="28ab8b41-f96e-9198-b515-78d8e8f7d3db" executionId="e5a86ca2-0a84-4879-8a7a-e4c87d0d061a" testListId="8c84fa94-04c1-424b-9868-57a2d4851a1d" />
    <TestEntry testId="8777e29d-67ff-cb5d-1076-73f412cbb3e6" executionId="fc685aec-46f4-47ad-b4f1-14e21430d154" testListId="8c84fa94-04c1-424b-9868-57a2d4851a1d" />
    <TestEntry testId="2b1a5a45-7893-9808-67cf-7c4d9949bddf" executionId="163a9bdd-fd65-4b87-963a-c1409d95bd73" testListId="8c84fa94-04c1-424b-9868-57a2d4851a1d" />
    <TestEntry testId="24b97a25-b10e-3305-7844-f267fd0df2ae" executionId="5054e7f3-335a-412c-939f-8d12795369c4" testListId="8c84fa94-04c1-424b-9868-57a2d4851a1d" />
    <TestEntry testId="646a5d51-28d4-6d7b-b152-299419441dc3" executionId="b7bdc8cd-60f3-4259-813b-5652e74ab0d2" testListId="8c84fa94-04c1-424b-9868-57a2d4851a1d" />
    <TestEntry testId="abf04001-587d-c36b-6eb1-972db8d41f31" executionId="eabbd338-16ca-4b7c-a2d6-dad74caf8ed9" testListId="8c84fa94-04c1-424b-9868-57a2d4851a1d" />
    <TestEntry testId="d9e2449f-54c3-4777-5463-f960e1ef872a" executionId="f7347909-2146-4c39-a60e-5bdfe3067cef" testListId="8c84fa94-04c1-424b-9868-57a2d4851a1d" />
    <TestEntry testId="e777a9bb-2b68-a4b8-e4bf-88ed0ce3d7ee" executionId="45159a60-8628-44a7-80e6-9ae8200cfe5f" testListId="8c84fa94-04c1-424b-9868-57a2d4851a1d" />
    <TestEntry testId="2cb253d4-d14d-2d0a-bc8c-8ff0c2336a66" executionId="d85211ff-4f6a-4823-bb52-1c98bc1fa494" testListId="8c84fa94-04c1-424b-9868-57a2d4851a1d" />
    <TestEntry testId="93a0b327-ac5e-59b8-d305-080059c26486" executionId="a936beb3-4835-42df-8a9a-dc12460d5ea8" testListId="8c84fa94-04c1-424b-9868-57a2d4851a1d" />
    <TestEntry testId="2ad2c5a7-7e33-01cf-1ed4-0420addf1d23" executionId="d98f2ada-24bf-4057-a486-d4707005656a" testListId="8c84fa94-04c1-424b-9868-57a2d4851a1d" />
    <TestEntry testId="60574d2f-17f2-af85-a932-0275e3dcf098" executionId="0b5bbbdc-0b98-4c7e-83c9-89d85793ba87" testListId="8c84fa94-04c1-424b-9868-57a2d4851a1d" />
    <TestEntry testId="0a34a2eb-112d-16db-a40a-2c2ab7ab17bc" executionId="704deb9a-8331-429a-bcbb-2d1ed2dac87d" testListId="8c84fa94-04c1-424b-9868-57a2d4851a1d" />
    <TestEntry testId="a81c388d-aa2b-554a-ebc5-ccdbb780d4eb" executionId="0dd70116-07f1-4f9b-8a09-6446ef8235e1" testListId="8c84fa94-04c1-424b-9868-57a2d4851a1d" />
    <TestEntry testId="086a74d1-b04f-e1a5-d0e9-d90405ff9537" executionId="32363bec-d6a0-48a5-a82e-b2da8cdb807d" testListId="8c84fa94-04c1-424b-9868-57a2d4851a1d" />
    <TestEntry testId="a003c9c1-2421-6af6-70aa-7f8ff33737e4" executionId="f684b9ff-b9fe-45fd-93f6-2a3f18d5d69f" testListId="8c84fa94-04c1-424b-9868-57a2d4851a1d" />
    <TestEntry testId="230b6412-616d-3981-31c4-632cfa83ec6c" executionId="2a91c320-426f-4154-9f04-f0623641f540" testListId="8c84fa94-04c1-424b-9868-57a2d4851a1d" />
    <TestEntry testId="9ba76bdd-0c36-939b-87a6-9340d1dba021" executionId="7c7157c0-8dff-450b-b14f-462da61d79aa" testListId="8c84fa94-04c1-424b-9868-57a2d4851a1d" />
    <TestEntry testId="ea22c5c4-e999-739d-c9f6-f1e1c7239022" executionId="4473f6b9-bdbc-42d2-97bf-0cc7942d393b" testListId="8c84fa94-04c1-424b-9868-57a2d4851a1d" />
    <TestEntry testId="f8727b9b-c8dd-f240-4d3d-204bc5bebebf" executionId="871fee59-c5e0-42ce-b9c9-85b35e4aa6de" testListId="8c84fa94-04c1-424b-9868-57a2d4851a1d" />
    <TestEntry testId="c0b2e209-ad2d-e6ed-ce20-7d39c313fc7e" executionId="c2e7643c-9bd0-4445-92d3-c9ed05a4fa11" testListId="8c84fa94-04c1-424b-9868-57a2d4851a1d" />
    <TestEntry testId="dc0718b4-ba00-043c-88e6-e501c5c09820" executionId="8c33de1c-f3ba-44f7-a5e9-1ac63e95453f" testListId="8c84fa94-04c1-424b-9868-57a2d4851a1d" />
    <TestEntry testId="0321b7fd-f62a-6a1a-ddd2-0ae526774508" executionId="2c15a70a-12ff-4772-98e9-ef987858308b" testListId="8c84fa94-04c1-424b-9868-57a2d4851a1d" />
    <TestEntry testId="d4e19682-c120-65dd-b288-774561a908b5" executionId="f58dab6a-1144-4457-af61-cdff1026a3ac" testListId="8c84fa94-04c1-424b-9868-57a2d4851a1d" />
    <TestEntry testId="c8f1d771-d40b-e515-3f2b-392ff3c74963" executionId="88f49003-82dc-4014-86c3-b30585fc0d55" testListId="8c84fa94-04c1-424b-9868-57a2d4851a1d" />
    <TestEntry testId="c477c2a3-ee22-9598-8c1b-efd0c3595efb" executionId="3252fdc5-c330-485e-b81f-1a62f8a77802" testListId="8c84fa94-04c1-424b-9868-57a2d4851a1d" />
    <TestEntry testId="6744013c-4b40-f747-c9e6-49a0c0660276" executionId="a54f2fea-db9b-4c4b-ad7c-e2c65a6bbb83" testListId="8c84fa94-04c1-424b-9868-57a2d4851a1d" />
    <TestEntry testId="3b58b4d8-1a74-8213-b5e1-66a28e8ba381" executionId="211876fa-f01c-4759-b998-e5f3572f306e" testListId="8c84fa94-04c1-424b-9868-57a2d4851a1d" />
    <TestEntry testId="4c585b52-7f74-8301-d1eb-5e641c76f0df" executionId="a8acf329-1149-4d60-8402-e414cde7ccd0" testListId="8c84fa94-04c1-424b-9868-57a2d4851a1d" />
    <TestEntry testId="40811ea2-25ea-301c-9a8d-de945d6b4c2c" executionId="6f4e1422-d425-4258-8461-c409b92d982f" testListId="8c84fa94-04c1-424b-9868-57a2d4851a1d" />
    <TestEntry testId="2cac2a62-1429-c150-d3ff-4b9116c0d634" executionId="5137857a-460b-4f3f-9a0a-8ae64ccb13fa" testListId="8c84fa94-04c1-424b-9868-57a2d4851a1d" />
    <TestEntry testId="b1ea80e3-5eb8-cd16-e365-232d6f3c34fc" executionId="c4c54700-50d9-41a8-a53d-5c6276f6d9d0" testListId="8c84fa94-04c1-424b-9868-57a2d4851a1d" />
    <TestEntry testId="5407f93e-de59-bf7b-97f2-06fe154670e3" executionId="54922607-56f5-4431-bd92-8080dd6c31a9" testListId="8c84fa94-04c1-424b-9868-57a2d4851a1d" />
    <TestEntry testId="d5366f2b-ded8-424e-616a-ef1c97e820ea" executionId="b645e9f0-80b6-49ce-a8ca-1b3f8ae55f59" testListId="8c84fa94-04c1-424b-9868-57a2d4851a1d" />
    <TestEntry testId="726e1857-87bd-258f-80b8-9e20d912fb77" executionId="d0fde4e2-f0b8-413c-805d-95a9f87398cb" testListId="8c84fa94-04c1-424b-9868-57a2d4851a1d" />
    <TestEntry testId="f90c35e1-14aa-d4f7-9414-013cbdb6b705" executionId="c4e49be6-4573-47b9-9e36-2b990c7e2029" testListId="8c84fa94-04c1-424b-9868-57a2d4851a1d" />
    <TestEntry testId="826198e6-883b-f4e6-7b92-722301dab700" executionId="e0fec166-bb41-4ac6-b98a-b3c60a6b5ba1" testListId="8c84fa94-04c1-424b-9868-57a2d4851a1d" />
    <TestEntry testId="b6c64fa7-3a8c-5e5a-bf53-516af1eb4f40" executionId="e0309002-a12d-4028-a789-0eb8e3ecdd57" testListId="8c84fa94-04c1-424b-9868-57a2d4851a1d" />
    <TestEntry testId="4310a5f4-0e09-7b9a-1d8a-883ac517d53f" executionId="1aa0f915-ee79-43c8-bce1-bb58eb206aa7" testListId="8c84fa94-04c1-424b-9868-57a2d4851a1d" />
    <TestEntry testId="c686d409-3f51-bc47-c9a5-6dc93d4d319a" executionId="eaaeee8e-98c2-4c8f-9f18-4ab67f0d7231" testListId="8c84fa94-04c1-424b-9868-57a2d4851a1d" />
    <TestEntry testId="cbe349bd-855d-af59-fd00-bbca9d94a735" executionId="6e956c6d-0d24-42ad-9a0b-fb900882cddb" testListId="8c84fa94-04c1-424b-9868-57a2d4851a1d" />
    <TestEntry testId="65c719d6-8db7-31ec-ad65-a277948dcc0f" executionId="87a1155a-8afa-459a-9abc-3773a180b57e" testListId="8c84fa94-04c1-424b-9868-57a2d4851a1d" />
    <TestEntry testId="af4324c1-b817-198c-1fc2-3ae7fc72e4f2" executionId="def301a2-cec0-4fef-803b-56c2a69380c0" testListId="8c84fa94-04c1-424b-9868-57a2d4851a1d" />
    <TestEntry testId="5b4913a9-eec2-c611-b832-c86910142f09" executionId="59403c2f-3db4-4202-bd30-b6976ce6943c" testListId="8c84fa94-04c1-424b-9868-57a2d4851a1d" />
    <TestEntry testId="9ad2d835-7073-a757-9e54-42e7d2c6ac1c" executionId="0e880ada-e9e8-4a54-9eed-c0326d0e436f" testListId="8c84fa94-04c1-424b-9868-57a2d4851a1d" />
    <TestEntry testId="4c58cd0b-05ab-0757-1666-e841bee00ed5" executionId="55b10d7d-d29d-4cd5-9f2f-015609e940c4" testListId="8c84fa94-04c1-424b-9868-57a2d4851a1d" />
    <TestEntry testId="9bfb8581-9a7a-39ee-4971-9104b14c9d27" executionId="8546f21f-a776-423d-99ae-e8bf8faa1e59" testListId="8c84fa94-04c1-424b-9868-57a2d4851a1d" />
    <TestEntry testId="8dd55530-9f32-f449-755c-2ca1119f43e9" executionId="d2d049f3-d678-4e5c-82dc-b973f0ed232e" testListId="8c84fa94-04c1-424b-9868-57a2d4851a1d" />
    <TestEntry testId="77e583ad-6fdc-3047-8ac4-4c23f99f53dc" executionId="f6bbabb9-f0ef-4bed-939a-fb55474533f4" testListId="8c84fa94-04c1-424b-9868-57a2d4851a1d" />
  </TestEntries>
  <TestLists>
    <TestList name="Results Not in a List" id="8c84fa94-04c1-424b-9868-57a2d4851a1d" />
    <TestList name="All Loaded Results" id="19431567-8539-422a-85d7-44ee4e166bda" />
  </TestLists>
  <ResultSummary outcome="Completed">
    <Counters total="49" executed="49" passed="49" failed="0" error="0" timeout="0" aborted="0" inconclusive="0" passedButRunAborted="0" notRunnable="0" notExecuted="0" disconnected="0" warning="0" completed="0" inProgress="0" pending="0" />
    <Output>
      <StdOut>[xUnit.net 00:00:00.00] xUnit.net VSTest Adapter v2.5.3.1+6b60a9e56a (64-bit .NET 8.0.16)&#xD;
[xUnit.net 00:00:00.07]   Discovering: BirkNext.Web.Tests&#xD;
[xUnit.net 00:00:00.19]   Discovered:  BirkNext.Web.Tests&#xD;
[xUnit.net 00:00:00.19]   Starting:    BirkNext.Web.Tests&#xD;
     Warning:&#xD;
     The component "Fluent Assertions" is governed by the rules defined in the Xceed License Agreement and&#xD;
     the Xceed Fluent Assertions Community License. You may use Fluent Assertions free of charge for&#xD;
     non-commercial use only. An active subscription is required to use Fluent Assertions for commercial use.&#xD;
     Please contact Xceed Sales mailto:sales@xceed.com to acquire a subscription at a very low cost.&#xD;
     A paid commercial license supports the development and continued increasing support of&#xD;
     Fluent Assertions users under both commercial and community licenses. Help us&#xD;
     keep Fluent Assertions at the forefront of unit testing.&#xD;
     For more information, visit https://xceed.com/products/unit-testing/fluent-assertions/&#xD;
[xUnit.net 00:00:03.87]   Finished:    BirkNext.Web.Tests&#xD;
</StdOut>
    </Output>
  </ResultSummary>
</TestRun>