<?xml version="1.0" encoding="utf-8"?>
<TestRun id="6ccfd6b3-368a-45e0-b7c7-836c182f7f93" name="ajaan@BUF-5CG4423FYV 2026-08-17 11:57:35" runUser="COMMON\ajaan" xmlns="http://microsoft.com/schemas/VisualStudio/TeamTest/2010">
  <Times creation="2026-08-17T11:57:35.9679421+02:00" queuing="2026-08-17T11:57:35.9679423+02:00" start="2026-08-17T11:57:27.1423977+02:00" finish="2026-08-17T11:57:38.2666470+02:00" />
  <TestSettings name="default" id="3bf3f0f3-77cd-466e-b814-f8c2ffa11b45">
    <Deployment runDeploymentRoot="ajaan_BUF-5CG4423FYV_2026-08-17_11_57_35" />
  </TestSettings>
  <Results>
    <UnitTestResult executionId="8ccd553f-46a0-46f2-96a7-bd746227f46f" testId="98f5c6b4-9483-7f80-0586-8f1d8565e4cd" testName="BirkNext.Web.Tests.Pages.SpecificationExplorerSampleProjectTests.SpecificationExplorer_DoesNotUseWorkspaceAsAutomaticSource" computerName="BUF-5CG4423FYV" duration="00:00:00.0022565" startTime="2026-08-17T11:57:38.1387832+02:00" endTime="2026-08-17T11:57:38.1387833+02:00" testType="13cdc9d9-ddb5-4fa4-a97d-d965ccfc6d4b" outcome="Passed" testListId="8c84fa94-04c1-424b-9868-57a2d4851a1d" relativeResultsDirectory="8ccd553f-46a0-46f2-96a7-bd746227f46f" />
    <UnitTestResult executionId="8cf3226f-c6f4-4d25-83fd-5ea27c8f3a69" testId="a7269637-39b5-7aab-6f72-76469ab2d538" testName="BirkNext.Web.Tests.Pages.PlanExplorerSampleProjectTests.PlanExplorer_ReloadsSameProjectWithoutDuplication" computerName="BUF-5CG4423FYV" duration="00:00:00.0053283" startTime="2026-08-17T11:57:38.1007866+02:00" endTime="2026-08-17T11:57:38.1007867+02:00" testType="13cdc9d9-ddb5-4fa4-a97d-d965ccfc6d4b" outcome="Passed" testListId="8c84fa94-04c1-424b-9868-57a2d4851a1d" relativeResultsDirectory="8cf3226f-c6f4-4d25-83fd-5ea27c8f3a69" />
    <UnitTestResult executionId="b3501f65-b771-42e1-bda7-c0b88505da0d" testId="a5dd1463-501f-4b2b-6e11-7b1056736328" testName="BirkNext.Web.Tests.Pages.DataModelExplorerSampleProjectTests.DataModelExplorer_LoadsFromSelectedSampleProject" computerName="BUF-5CG4423FYV" duration="00:00:00.0018254" startTime="2026-08-17T11:57:38.1090776+02:00" endTime="2026-08-17T11:57:38.1090778+02:00" testType="13cdc9d9-ddb5-4fa4-a97d-d965ccfc6d4b" outcome="Passed" testListId="8c84fa94-04c1-424b-9868-57a2d4851a1d" relativeResultsDirectory="b3501f65-b771-42e1-bda7-c0b88505da0d" />
    <UnitTestResult executionId="554858dc-7505-4b6e-be63-a588617fc27a" testId="210a0a54-cc52-8377-c39c-b079d2a02e0c" testName="BirkNext.Web.Tests.Pages.SampleProjectsNavigationTests.ReviewerClickFetchesEachSupportedFileOnlyOnce" computerName="BUF-5CG4423FYV" duration="00:00:03.7021250" startTime="2026-08-17T11:57:38.1674026+02:00" endTime="2026-08-17T11:57:38.1674027+02:00" testType="13cdc9d9-ddb5-4fa4-a97d-d965ccfc6d4b" outcome="Passed" testListId="8c84fa94-04c1-424b-9868-57a2d4851a1d" relativeResultsDirectory="554858dc-7505-4b6e-be63-a588617fc27a" />
    <UnitTestResult executionId="f62517ed-8363-432d-81b1-ff447e79ab60" testId="c0330d5a-9aa3-5902-d854-34ef809951c9" testName="BirkNext.Web.Tests.Pages.ExplorerPageSourceOfTruthTests.ConstitutionExplorer_UsesSampleProjectBeforeWorkspaceAndStandaloneStorage" computerName="BUF-5CG4423FYV" duration="00:00:00.0337394" startTime="2026-08-17T11:57:38.1433202+02:00" endTime="2026-08-17T11:57:38.1433203+02:00" testType="13cdc9d9-ddb5-4fa4-a97d-d965ccfc6d4b" outcome="Passed" testListId="8c84fa94-04c1-424b-9868-57a2d4851a1d" relativeResultsDirectory="f62517ed-8363-432d-81b1-ff447e79ab60" />
    <UnitTestResult executionId="bb204b18-9623-4d9f-97d9-17181ae54587" testId="285468a1-255d-a8c0-9516-b54e7d8a61af" testName="BirkNext.Web.Tests.Pages.SpecificationExplorerSampleProjectTests.SpecificationExplorer_ReloadsSameProjectWithoutDuplication" computerName="BUF-5CG4423FYV" duration="00:00:00.0021257" startTime="2026-08-17T11:57:38.1433482+02:00" endTime="2026-08-17T11:57:38.1433482+02:00" testType="13cdc9d9-ddb5-4fa4-a97d-d965ccfc6d4b" outcome="Passed" testListId="8c84fa94-04c1-424b-9868-57a2d4851a1d" relativeResultsDirectory="bb204b18-9623-4d9f-97d9-17181ae54587" />
    <UnitTestResult executionId="330ce6e3-61e5-4443-bf7c-7e94c7a65f77" testId="53bf0c73-4540-8f6e-25e2-c9c31a025c5c" testName="BirkNext.Web.Tests.Pages.SampleProjectsNavigationTests.ProjectSwitchingReplacesAllWorkspaceArtifacts" computerName="BUF-5CG4423FYV" duration="00:00:00.0233879" startTime="2026-08-17T11:57:38.2111680+02:00" endTime="2026-08-17T11:57:38.2111680+02:00" testType="13cdc9d9-ddb5-4fa4-a97d-d965ccfc6d4b" outcome="Passed" testListId="8c84fa94-04c1-424b-9868-57a2d4851a1d" relativeResultsDirectory="330ce6e3-61e5-4443-bf7c-7e94c7a65f77" />
    <UnitTestResult executionId="703f2a4d-0a96-44a9-babe-45793e59fd86" testId="d95a531c-3e7d-063e-7bf7-6be34dc86b11" testName="BirkNext.Web.Tests.Pages.SpecificationExplorerSampleProjectTests.SpecificationExplorer_SwitchesProjects" computerName="BUF-5CG4423FYV" duration="00:00:00.0022509" startTime="2026-08-17T11:57:38.1411547+02:00" endTime="2026-08-17T11:57:38.1411548+02:00" testType="13cdc9d9-ddb5-4fa4-a97d-d965ccfc6d4b" outcome="Passed" testListId="8c84fa94-04c1-424b-9868-57a2d4851a1d" relativeResultsDirectory="703f2a4d-0a96-44a9-babe-45793e59fd86" />
    <UnitTestResult executionId="2f7c769d-7f46-41c1-95c4-6b7d89fd7cb2" testId="c90edb55-07b9-1fca-bb4a-871e9064928e" testName="BirkNext.Web.Tests.Services.ConstitutionSampleProjectResolverTests.SetSelectedProject_UpdatesContext" computerName="BUF-5CG4423FYV" duration="00:00:00.0100908" startTime="2026-08-17T11:57:35.9468853+02:00" endTime="2026-08-17T11:57:35.9468858+02:00" testType="13cdc9d9-ddb5-4fa4-a97d-d965ccfc6d4b" outcome="Passed" testListId="8c84fa94-04c1-424b-9868-57a2d4851a1d" relativeResultsDirectory="2f7c769d-7f46-41c1-95c4-6b7d89fd7cb2" />
    <UnitTestResult executionId="0a922d5b-545a-4ea9-8f36-9de37dab33f3" testId="86a2de7f-f961-bf03-d8df-0e0feaaab9f1" testName="BirkNext.Web.Tests.Pages.SpecificationExplorerSampleProjectTests.SpecificationExplorer_HandlesEmptySelectedProject" computerName="BUF-5CG4423FYV" duration="00:00:00.0015918" startTime="2026-08-17T11:57:38.1223401+02:00" endTime="2026-08-17T11:57:38.1223403+02:00" testType="13cdc9d9-ddb5-4fa4-a97d-d965ccfc6d4b" outcome="Passed" testListId="8c84fa94-04c1-424b-9868-57a2d4851a1d" relativeResultsDirectory="0a922d5b-545a-4ea9-8f36-9de37dab33f3" />
    <UnitTestResult executionId="ccef2799-19f0-4ae8-be84-19b68534544d" testId="3f7c9673-fb34-3ebc-3549-71605be8ddc3" testName="BirkNext.Web.Tests.Pages.SampleProjectsNavigationTests.ManualLoadSupportedArtifactsStillLoadsWorkspace" computerName="BUF-5CG4423FYV" duration="00:00:00.0052214" startTime="2026-08-17T11:57:38.2232413+02:00" endTime="2026-08-17T11:57:38.2232413+02:00" testType="13cdc9d9-ddb5-4fa4-a97d-d965ccfc6d4b" outcome="Passed" testListId="8c84fa94-04c1-424b-9868-57a2d4851a1d" relativeResultsDirectory="ccef2799-19f0-4ae8-be84-19b68534544d" />
    <UnitTestResult executionId="65664444-8d2b-4298-8825-fa32fb7dce20" testId="de7b7f6f-ee56-7c22-3c30-ae59500068f4" testName="BirkNext.Web.Tests.Pages.ExplorerPageSourceOfTruthTests.PlanExplorer_DoesNotRequireProjectDocumentApiFallback" computerName="BUF-5CG4423FYV" duration="00:00:03.6295566" startTime="2026-08-17T11:57:38.0949046+02:00" endTime="2026-08-17T11:57:38.0949048+02:00" testType="13cdc9d9-ddb5-4fa4-a97d-d965ccfc6d4b" outcome="Passed" testListId="8c84fa94-04c1-424b-9868-57a2d4851a1d" relativeResultsDirectory="65664444-8d2b-4298-8825-fa32fb7dce20" />
    <UnitTestResult executionId="c9db0f86-2e57-4510-8f2b-f7f6a0658ede" testId="e7db4ed3-cc9d-cc70-87ed-17664c9c575e" testName="BirkNext.Web.Tests.Services.ConstitutionSampleProjectResolverTests.ResolveAsync_Constitution_ReturnsSelectedProjectFile" computerName="BUF-5CG4423FYV" duration="00:00:01.4667330" startTime="2026-08-17T11:57:35.9355656+02:00" endTime="2026-08-17T11:57:35.9355792+02:00" testType="13cdc9d9-ddb5-4fa4-a97d-d965ccfc6d4b" outcome="Passed" testListId="8c84fa94-04c1-424b-9868-57a2d4851a1d" relativeResultsDirectory="c9db0f86-2e57-4510-8f2b-f7f6a0658ede" />
    <UnitTestResult executionId="81265417-5e3a-4d6d-9541-f8218f714516" testId="8c7a33d3-0135-dbcf-86fc-2bae288cf064" testName="BirkNext.Web.Tests.Pages.PlanExplorerSampleProjectTests.PlanExplorer_DoesNotUseWorkspaceAsAutomaticSource" computerName="BUF-5CG4423FYV" duration="00:00:00.0016482" startTime="2026-08-17T11:57:38.1062110+02:00" endTime="2026-08-17T11:57:38.1062111+02:00" testType="13cdc9d9-ddb5-4fa4-a97d-d965ccfc6d4b" outcome="Passed" testListId="8c84fa94-04c1-424b-9868-57a2d4851a1d" relativeResultsDirectory="81265417-5e3a-4d6d-9541-f8218f714516" />
    <UnitTestResult executionId="cbea7c65-f585-4202-a9b7-4e54a40f50a6" testId="e9d08b8c-5fee-a912-b302-12d5a96562cc" testName="BirkNext.Web.Tests.Pages.ExplorerPageSourceOfTruthTests.ExplorerPages_UseStandaloneScratchWhenWorkspaceIsEmpty(storageKey: &quot;te-standalone-tasks&quot;, kind: Tasks, text: &quot;# Standalone Tasks&quot;)" computerName="BUF-5CG4423FYV" duration="00:00:00.0031922" startTime="2026-08-17T11:57:38.1086146+02:00" endTime="2026-08-17T11:57:38.1086148+02:00" testType="13cdc9d9-ddb5-4fa4-a97d-d965ccfc6d4b" outcome="Passed" testListId="8c84fa94-04c1-424b-9868-57a2d4851a1d" relativeResultsDirectory="cbea7c65-f585-4202-a9b7-4e54a40f50a6" />
    <UnitTestResult executionId="d5aacd4e-35f4-4de6-aac5-f3f49d1c309c" testId="1e841182-3e62-1b91-1d2b-78ba3be65986" testName="BirkNext.Web.Tests.Pages.TaskExplorerSampleProjectTests.TaskExplorer_SwitchesProjects" computerName="BUF-5CG4423FYV" duration="00:00:00.0019692" startTime="2026-08-17T11:57:38.1619965+02:00" endTime="2026-08-17T11:57:38.1619966+02:00" testType="13cdc9d9-ddb5-4fa4-a97d-d965ccfc6d4b" outcome="Passed" testListId="8c84fa94-04c1-424b-9868-57a2d4851a1d" relativeResultsDirectory="d5aacd4e-35f4-4de6-aac5-f3f49d1c309c" />
    <UnitTestResult executionId="f459fca6-26e4-4222-ada9-659837816282" testId="0b7ce24a-8b43-b28f-8855-601482aeeafe" testName="BirkNext.Web.Tests.Pages.ExplorerPageSourceOfTruthTests.ConstitutionExplorer_StaysEmptyWhenWorkspaceAndStandaloneScratchAreEmpty" computerName="BUF-5CG4423FYV" duration="00:00:00.0010832" startTime="2026-08-17T11:57:38.1499050+02:00" endTime="2026-08-17T11:57:38.1499051+02:00" testType="13cdc9d9-ddb5-4fa4-a97d-d965ccfc6d4b" outcome="Passed" testListId="8c84fa94-04c1-424b-9868-57a2d4851a1d" relativeResultsDirectory="f459fca6-26e4-4222-ada9-659837816282" />
    <UnitTestResult executionId="d003fde4-9f14-44cc-bbad-fa8f5eae9813" testId="b6c2c4fe-31df-1c6f-ec94-0ab141847c62" testName="BirkNext.Web.Tests.Pages.SampleProjectsNavigationTests.ReviewerLinksLoadSelectedProjectBeforeNavigating(reviewerName: &quot;Specification Review&quot;, expectedRoute: &quot;/extract&quot;, expectedKind: Specification, expectedText: &quot;PERSON spec.md&quot;)" computerName="BUF-5CG4423FYV" duration="00:00:00.0037109" startTime="2026-08-17T11:57:38.1802926+02:00" endTime="2026-08-17T11:57:38.1802928+02:00" testType="13cdc9d9-ddb5-4fa4-a97d-d965ccfc6d4b" outcome="Passed" testListId="8c84fa94-04c1-424b-9868-57a2d4851a1d" relativeResultsDirectory="d003fde4-9f14-44cc-bbad-fa8f5eae9813" />
    <UnitTestResult executionId="c9bfedb9-9b42-4461-9e47-e7c6fe8647cf" testId="4dc64b36-df70-577e-a208-c27c7d897ca0" testName="BirkNext.Web.Tests.Services.ConstitutionSampleProjectResolverTests.GetAvailableProjectsAsync_ReturnsOnlySampleDataProjects" computerName="BUF-5CG4423FYV" duration="00:00:00.0030722" startTime="2026-08-17T11:57:35.9499850+02:00" endTime="2026-08-17T11:57:35.9499852+02:00" testType="13cdc9d9-ddb5-4fa4-a97d-d965ccfc6d4b" outcome="Passed" testListId="8c84fa94-04c1-424b-9868-57a2d4851a1d" relativeResultsDirectory="c9bfedb9-9b42-4461-9e47-e7c6fe8647cf" />
    <UnitTestResult executionId="02bf3d1c-21b9-40ce-be3d-ded54e8f292f" testId="6d79443a-1b89-96ae-8f2f-89168be6dd6c" testName="BirkNext.Web.Tests.Pages.PlanExplorerSampleProjectTests.PlanExplorer_SwitchesProjects" computerName="BUF-5CG4423FYV" duration="00:00:00.0017366" startTime="2026-08-17T11:57:38.1094144+02:00" endTime="2026-08-17T11:57:38.1094145+02:00" testType="13cdc9d9-ddb5-4fa4-a97d-d965ccfc6d4b" outcome="Passed" testListId="8c84fa94-04c1-424b-9868-57a2d4851a1d" relativeResultsDirectory="02bf3d1c-21b9-40ce-be3d-ded54e8f292f" />
    <UnitTestResult executionId="26d91ae8-7687-4dd2-86c2-b13c50913cc5" testId="ac1ac52e-e7eb-adad-58b4-c99b214e77b8" testName="BirkNext.Web.Tests.Pages.TaskExplorerSampleProjectTests.TaskExplorer_HandlesEmptySelectedProject" computerName="BUF-5CG4423FYV" duration="00:00:00.0011005" startTime="2026-08-17T11:57:38.1578191+02:00" endTime="2026-08-17T11:57:38.1578192+02:00" testType="13cdc9d9-ddb5-4fa4-a97d-d965ccfc6d4b" outcome="Passed" testListId="8c84fa94-04c1-424b-9868-57a2d4851a1d" relativeResultsDirectory="26d91ae8-7687-4dd2-86c2-b13c50913cc5" />
    <UnitTestResult executionId="47c1a5b1-dcd6-48b0-af99-2a0c3c56591a" testId="ffc29bf8-f3dd-b510-ce83-47285427af94" testName="BirkNext.Web.Tests.Services.ConstitutionSampleProjectResolverTests.WorkspaceCache_DoesNotOverrideSelectedProject_PolicyEnforcement" computerName="BUF-5CG4423FYV" duration="00:00:00.0017339" startTime="2026-08-17T11:57:35.9558997+02:00" endTime="2026-08-17T11:57:35.9558998+02:00" testType="13cdc9d9-ddb5-4fa4-a97d-d965ccfc6d4b" outcome="Passed" testListId="8c84fa94-04c1-424b-9868-57a2d4851a1d" relativeResultsDirectory="47c1a5b1-dcd6-48b0-af99-2a0c3c56591a" />
    <UnitTestResult executionId="c6918d6c-12ac-483a-b65d-dc426c021283" testId="15cd6928-1add-eb11-822d-3e560fe58255" testName="BirkNext.Web.Tests.Pages.ExplorerPageSourceOfTruthTests.ExplorerPages_UseStandaloneScratchWhenWorkspaceIsEmpty(storageKey: &quot;pe-standalone-plan&quot;, kind: Plan, text: &quot;# Standalone Plan&quot;)" computerName="BUF-5CG4423FYV" duration="00:00:00.0090937" startTime="2026-08-17T11:57:38.1040711+02:00" endTime="2026-08-17T11:57:38.1040712+02:00" testType="13cdc9d9-ddb5-4fa4-a97d-d965ccfc6d4b" outcome="Passed" testListId="8c84fa94-04c1-424b-9868-57a2d4851a1d" relativeResultsDirectory="c6918d6c-12ac-483a-b65d-dc426c021283" />
    <UnitTestResult executionId="31705312-1f6d-45d0-9c87-2db94159630f" testId="d423bedd-f4cc-c836-de95-67a83cd9df10" testName="BirkNext.Web.Tests.Pages.TaskExplorerSampleProjectTests.TaskExplorer_DifferentTaskIDsDoNotLeakBetweenProjects" computerName="BUF-5CG4423FYV" duration="00:00:00.0021086" startTime="2026-08-17T11:57:38.1599546+02:00" endTime="2026-08-17T11:57:38.1599547+02:00" testType="13cdc9d9-ddb5-4fa4-a97d-d965ccfc6d4b" outcome="Passed" testListId="8c84fa94-04c1-424b-9868-57a2d4851a1d" relativeResultsDirectory="31705312-1f6d-45d0-9c87-2db94159630f" />
    <UnitTestResult executionId="73167671-1f95-4c8c-a97b-a4099d5d2182" testId="ce146397-3612-bb8d-7a38-aa5137b3866d" testName="BirkNext.Web.Tests.Pages.TaskExplorerSampleProjectTests.TaskExplorer_ClearsProjectHeaderOnProjectDeselection" computerName="BUF-5CG4423FYV" duration="00:00:00.0018105" startTime="2026-08-17T11:57:38.1544815+02:00" endTime="2026-08-17T11:57:38.1544816+02:00" testType="13cdc9d9-ddb5-4fa4-a97d-d965ccfc6d4b" outcome="Passed" testListId="8c84fa94-04c1-424b-9868-57a2d4851a1d" relativeResultsDirectory="73167671-1f95-4c8c-a97b-a4099d5d2182" />
    <UnitTestResult executionId="aa035305-ea39-4c3c-bce8-511c8905e053" testId="fddf3bb8-b4cf-bba8-7c93-5d1fad41ba51" testName="BirkNext.Web.Tests.Pages.ExplorerPageSourceOfTruthTests.DataModelExplorer_DoesNotRequireProjectDocumentApiFallback" computerName="BUF-5CG4423FYV" duration="00:00:00.0019419" startTime="2026-08-17T11:57:38.1464649+02:00" endTime="2026-08-17T11:57:38.1464650+02:00" testType="13cdc9d9-ddb5-4fa4-a97d-d965ccfc6d4b" outcome="Passed" testListId="8c84fa94-04c1-424b-9868-57a2d4851a1d" relativeResultsDirectory="aa035305-ea39-4c3c-bce8-511c8905e053" />
    <UnitTestResult executionId="2b68337b-7ca5-4306-b2fe-a55fb14e2870" testId="d8249221-1eb5-2d07-b8ed-c5a903842fc4" testName="BirkNext.Web.Tests.Pages.ExplorerPageSourceOfTruthTests.TaskExplorer_DoesNotRequireProjectDocumentApiFallback" computerName="BUF-5CG4423FYV" duration="00:00:00.0011364" startTime="2026-08-17T11:57:38.1444335+02:00" endTime="2026-08-17T11:57:38.1444337+02:00" testType="13cdc9d9-ddb5-4fa4-a97d-d965ccfc6d4b" outcome="Passed" testListId="8c84fa94-04c1-424b-9868-57a2d4851a1d" relativeResultsDirectory="2b68337b-7ca5-4306-b2fe-a55fb14e2870" />
    <UnitTestResult executionId="f3b8594c-9c5b-438a-952f-d4705a4572f6" testId="3fe1ae01-e415-f82b-ed7d-ff059eaf1f48" testName="BirkNext.Web.Tests.Pages.ExplorerPageSourceOfTruthTests.ExplorerPages_UseStandaloneScratchWhenWorkspaceIsEmpty(storageKey: &quot;dme-standalone-datamodel&quot;, kind: DataModel, text: &quot;# Standalone Data Model&quot;)" computerName="BUF-5CG4423FYV" duration="00:00:00.0020522" startTime="2026-08-17T11:57:38.1094380+02:00" endTime="2026-08-17T11:57:38.1094384+02:00" testType="13cdc9d9-ddb5-4fa4-a97d-d965ccfc6d4b" outcome="Passed" testListId="8c84fa94-04c1-424b-9868-57a2d4851a1d" relativeResultsDirectory="f3b8594c-9c5b-438a-952f-d4705a4572f6" />
    <UnitTestResult executionId="287fbf60-87d5-4c78-8bd8-a619b8a6c199" testId="24c241a0-e179-101a-b5c8-31bc312ac61d" testName="BirkNext.Web.Tests.Pages.DataModelExplorerSampleProjectTests.DataModelExplorer_SwitchesProjects" computerName="BUF-5CG4423FYV" duration="00:00:00.0017767" startTime="2026-08-17T11:57:38.1236650+02:00" endTime="2026-08-17T11:57:38.1236651+02:00" testType="13cdc9d9-ddb5-4fa4-a97d-d965ccfc6d4b" outcome="Passed" testListId="8c84fa94-04c1-424b-9868-57a2d4851a1d" relativeResultsDirectory="287fbf60-87d5-4c78-8bd8-a619b8a6c199" />
    <UnitTestResult executionId="49da2091-8529-4319-bdf6-f4e54eba34f6" testId="9dc270a1-be65-185d-ec4a-acf87eab7425" testName="BirkNext.Web.Tests.Pages.DataModelExplorerSampleProjectTests.DataModelExplorer_ReloadsSameProjectWithoutDuplication" computerName="BUF-5CG4423FYV" duration="00:00:00.0110189" startTime="2026-08-17T11:57:38.1201915+02:00" endTime="2026-08-17T11:57:38.1201917+02:00" testType="13cdc9d9-ddb5-4fa4-a97d-d965ccfc6d4b" outcome="Passed" testListId="8c84fa94-04c1-424b-9868-57a2d4851a1d" relativeResultsDirectory="49da2091-8529-4319-bdf6-f4e54eba34f6" />
    <UnitTestResult executionId="59386ee6-b6cc-490f-b088-8d0a1f11f650" testId="f431a49d-ede1-daa5-a835-253630a6b4a6" testName="BirkNext.Web.Tests.Pages.TaskExplorerSampleProjectTests.TaskExplorer_DoesNotUseWorkspaceAsAutomaticSource" computerName="BUF-5CG4423FYV" duration="00:00:03.6421400" startTime="2026-08-17T11:57:38.1086576+02:00" endTime="2026-08-17T11:57:38.1086577+02:00" testType="13cdc9d9-ddb5-4fa4-a97d-d965ccfc6d4b" outcome="Passed" testListId="8c84fa94-04c1-424b-9868-57a2d4851a1d" relativeResultsDirectory="59386ee6-b6cc-490f-b088-8d0a1f11f650" />
    <UnitTestResult executionId="041b8ad7-bd20-404a-b412-d9f409854659" testId="67831d69-4acb-1b28-4813-e4bcfe01c753" testName="BirkNext.Web.Tests.Pages.SampleProjectsNavigationTests.ReviewerLinksLoadSelectedProjectBeforeNavigating(reviewerName: &quot;Constitution Explorer&quot;, expectedRoute: &quot;/constitution-explorer&quot;, expectedKind: Constitution, expectedText: &quot;PERSON constitution.md&quot;)" computerName="BUF-5CG4423FYV" duration="00:00:00.0037124" startTime="2026-08-17T11:57:38.1841006+02:00" endTime="2026-08-17T11:57:38.1841007+02:00" testType="13cdc9d9-ddb5-4fa4-a97d-d965ccfc6d4b" outcome="Passed" testListId="8c84fa94-04c1-424b-9868-57a2d4851a1d" relativeResultsDirectory="041b8ad7-bd20-404a-b412-d9f409854659" />
    <UnitTestResult executionId="f7e21a4b-63f2-431e-a4aa-4fab993c2668" testId="d9d2d2c2-8f06-f6f8-3199-a330e46f746f" testName="BirkNext.Web.Tests.Pages.PlanExplorerSampleProjectTests.PlanExplorer_HandlesEmptySelectedProject" computerName="BUF-5CG4423FYV" duration="00:00:00.0013494" startTime="2026-08-17T11:57:38.1086952+02:00" endTime="2026-08-17T11:57:38.1086953+02:00" testType="13cdc9d9-ddb5-4fa4-a97d-d965ccfc6d4b" outcome="Passed" testListId="8c84fa94-04c1-424b-9868-57a2d4851a1d" relativeResultsDirectory="f7e21a4b-63f2-431e-a4aa-4fab993c2668" />
    <UnitTestResult executionId="2875f86f-96eb-4d41-a267-0144af4f7984" testId="da3f82c4-3f5a-3ce6-c628-3622499f8417" testName="BirkNext.Web.Tests.Pages.SpecificationExplorerSampleProjectTests.SpecificationExplorer_LoadsFromSelectedSampleProject" computerName="BUF-5CG4423FYV" duration="00:00:00.0127661" startTime="2026-08-17T11:57:38.1351830+02:00" endTime="2026-08-17T11:57:38.1351831+02:00" testType="13cdc9d9-ddb5-4fa4-a97d-d965ccfc6d4b" outcome="Passed" testListId="8c84fa94-04c1-424b-9868-57a2d4851a1d" relativeResultsDirectory="2875f86f-96eb-4d41-a267-0144af4f7984" />
    <UnitTestResult executionId="da095570-49c7-4385-98f5-da9fda0589fe" testId="d3ae7e0e-185a-47a8-b3bf-d341692dfc80" testName="BirkNext.Web.Tests.Pages.DataModelExplorerSampleProjectTests.DataModelExplorer_ClearsProjectHeaderOnProjectDeselection" computerName="BUF-5CG4423FYV" duration="00:00:00.0015787" startTime="2026-08-17T11:57:38.1219030+02:00" endTime="2026-08-17T11:57:38.1219034+02:00" testType="13cdc9d9-ddb5-4fa4-a97d-d965ccfc6d4b" outcome="Passed" testListId="8c84fa94-04c1-424b-9868-57a2d4851a1d" relativeResultsDirectory="da095570-49c7-4385-98f5-da9fda0589fe" />
    <UnitTestResult executionId="d3eddff4-e491-4134-a837-9a7dd3531e25" testId="52cf2472-99ae-5b57-c080-cfa737263999" testName="BirkNext.Web.Tests.Pages.DataModelExplorerSampleProjectTests.DataModelExplorer_ShowsMissingStateWhenDataModelNotFound" computerName="BUF-5CG4423FYV" duration="00:00:00.0011442" startTime="2026-08-17T11:57:38.1275648+02:00" endTime="2026-08-17T11:57:38.1275649+02:00" testType="13cdc9d9-ddb5-4fa4-a97d-d965ccfc6d4b" outcome="Passed" testListId="8c84fa94-04c1-424b-9868-57a2d4851a1d" relativeResultsDirectory="d3eddff4-e491-4134-a837-9a7dd3531e25" />
    <UnitTestResult executionId="f40419fd-21e2-4fd1-aed5-6cfb4dd551b6" testId="d724eea0-90bf-50a9-fcd3-dfa7e6ad7789" testName="BirkNext.Web.Tests.Pages.DataModelExplorerSampleProjectTests.DataModelExplorer_DoesNotUseWorkspaceAsAutomaticSource" computerName="BUF-5CG4423FYV" duration="00:00:00.0013018" startTime="2026-08-17T11:57:38.1264078+02:00" endTime="2026-08-17T11:57:38.1264079+02:00" testType="13cdc9d9-ddb5-4fa4-a97d-d965ccfc6d4b" outcome="Passed" testListId="8c84fa94-04c1-424b-9868-57a2d4851a1d" relativeResultsDirectory="f40419fd-21e2-4fd1-aed5-6cfb4dd551b6" />
    <UnitTestResult executionId="d3091020-3863-42d4-968c-6bf98da8eafe" testId="af29c175-8d65-4ec5-1060-8fd2ce3c4950" testName="BirkNext.Web.Tests.Pages.TaskExplorerSampleProjectTests.TaskExplorer_ReloadsSameProjectWithoutDuplication" computerName="BUF-5CG4423FYV" duration="00:00:00.0021581" startTime="2026-08-17T11:57:38.1566994+02:00" endTime="2026-08-17T11:57:38.1566995+02:00" testType="13cdc9d9-ddb5-4fa4-a97d-d965ccfc6d4b" outcome="Passed" testListId="8c84fa94-04c1-424b-9868-57a2d4851a1d" relativeResultsDirectory="d3091020-3863-42d4-968c-6bf98da8eafe" />
    <UnitTestResult executionId="65a91ea4-b491-43fe-a23a-e58e1cee6ded" testId="6de0d571-848a-ecb0-ab60-525436eee8c3" testName="BirkNext.Web.Tests.Pages.SampleProjectsNavigationTests.ReviewerLinksLoadSelectedProjectBeforeNavigating(reviewerName: &quot;Data Model Explorer&quot;, expectedRoute: &quot;/data-model-explorer&quot;, expectedKind: DataModel, expectedText: &quot;PERSON data-model.md&quot;)" computerName="BUF-5CG4423FYV" duration="00:00:00.0036054" startTime="2026-08-17T11:57:38.1877555+02:00" endTime="2026-08-17T11:57:38.1877556+02:00" testType="13cdc9d9-ddb5-4fa4-a97d-d965ccfc6d4b" outcome="Passed" testListId="8c84fa94-04c1-424b-9868-57a2d4851a1d" relativeResultsDirectory="65a91ea4-b491-43fe-a23a-e58e1cee6ded" />
    <UnitTestResult executionId="9d8f1d63-be4d-4778-90ab-333d3d2c9e9f" testId="6664db61-527e-d74c-bb53-bded492adedd" testName="BirkNext.Web.Tests.Services.ConstitutionSampleProjectResolverTests.ResolveAsync_SwitchProjects_ClearsOldContent" computerName="BUF-5CG4423FYV" duration="00:00:00.0009460" startTime="2026-08-17T11:57:35.9560479+02:00" endTime="2026-08-17T11:57:35.9560480+02:00" testType="13cdc9d9-ddb5-4fa4-a97d-d965ccfc6d4b" outcome="Passed" testListId="8c84fa94-04c1-424b-9868-57a2d4851a1d" relativeResultsDirectory="9d8f1d63-be4d-4778-90ab-333d3d2c9e9f" />
    <UnitTestResult executionId="1086ebab-9da6-4f1c-926a-d9120cfa884f" testId="c68c50ce-25fd-8602-4f14-05b23856e6d4" testName="BirkNext.Web.Tests.Pages.PlanExplorerSampleProjectTests.PlanExplorer_ShowsMissingStateWhenPlanNotFound" computerName="BUF-5CG4423FYV" duration="00:00:00.0017920" startTime="2026-08-17T11:57:38.1023186+02:00" endTime="2026-08-17T11:57:38.1023188+02:00" testType="13cdc9d9-ddb5-4fa4-a97d-d965ccfc6d4b" outcome="Passed" testListId="8c84fa94-04c1-424b-9868-57a2d4851a1d" relativeResultsDirectory="1086ebab-9da6-4f1c-926a-d9120cfa884f" />
    <UnitTestResult executionId="11a1ebfe-d370-4643-92d9-cfe172f4a7c1" testId="aa5841b6-9f68-7b8a-4f0d-ff5c4c9ae13a" testName="BirkNext.Web.Tests.Pages.SampleProjectsNavigationTests.ReviewerLinksLoadSelectedProjectBeforeNavigating(reviewerName: &quot;Plan Explorer&quot;, expectedRoute: &quot;/plan-explorer&quot;, expectedKind: Plan, expectedText: &quot;PERSON plan.md&quot;)" computerName="BUF-5CG4423FYV" duration="00:00:00.0043681" startTime="2026-08-17T11:57:38.1765383+02:00" endTime="2026-08-17T11:57:38.1765384+02:00" testType="13cdc9d9-ddb5-4fa4-a97d-d965ccfc6d4b" outcome="Passed" testListId="8c84fa94-04c1-424b-9868-57a2d4851a1d" relativeResultsDirectory="11a1ebfe-d370-4643-92d9-cfe172f4a7c1" />
    <UnitTestResult executionId="c59b2e7d-96c4-4701-8f88-bcaf0be163a1" testId="6b4ca3d7-8a60-225a-1fd5-cda22794b3bc" testName="BirkNext.Web.Tests.Pages.SpecificationExplorerSampleProjectTests.SpecificationExplorer_ClearsProjectHeaderOnProjectDeselection" computerName="BUF-5CG4423FYV" duration="00:00:03.6554211" startTime="2026-08-17T11:57:38.1207125+02:00" endTime="2026-08-17T11:57:38.1207127+02:00" testType="13cdc9d9-ddb5-4fa4-a97d-d965ccfc6d4b" outcome="Passed" testListId="8c84fa94-04c1-424b-9868-57a2d4851a1d" relativeResultsDirectory="c59b2e7d-96c4-4701-8f88-bcaf0be163a1" />
    <UnitTestResult executionId="16779217-4056-47dc-a37c-c6b35cfc17cc" testId="c35ab415-83bc-20b2-a92c-df1979a35f02" testName="BirkNext.Web.Tests.Pages.TaskExplorerSampleProjectTests.TaskExplorer_ShowsMissingStateWhenTasksNotFound" computerName="BUF-5CG4423FYV" duration="00:00:00.0011902" startTime="2026-08-17T11:57:38.1087424+02:00" endTime="2026-08-17T11:57:38.1087425+02:00" testType="13cdc9d9-ddb5-4fa4-a97d-d965ccfc6d4b" outcome="Passed" testListId="8c84fa94-04c1-424b-9868-57a2d4851a1d" relativeResultsDirectory="16779217-4056-47dc-a37c-c6b35cfc17cc" />
    <UnitTestResult executionId="76d26b81-d77f-4c67-9bac-cd50a94fc2f7" testId="0a4d6b64-3ec5-0804-bb1d-ad3cf97d6653" testName="BirkNext.Web.Tests.Pages.PlanExplorerSampleProjectTests.PlanExplorer_ClearsProjectHeaderOnProjectDeselection" computerName="BUF-5CG4423FYV" duration="00:00:00.0021756" startTime="2026-08-17T11:57:38.1046969+02:00" endTime="2026-08-17T11:57:38.1046970+02:00" testType="13cdc9d9-ddb5-4fa4-a97d-d965ccfc6d4b" outcome="Passed" testListId="8c84fa94-04c1-424b-9868-57a2d4851a1d" relativeResultsDirectory="76d26b81-d77f-4c67-9bac-cd50a94fc2f7" />
    <UnitTestResult executionId="849ac223-a329-4bda-b317-c8ffc5a48fe7" testId="8f00e84b-4dad-f948-eac0-34b2255a3a21" testName="BirkNext.Web.Tests.Pages.SampleProjectsNavigationTests.ReviewerLinksLoadSelectedProjectBeforeNavigating(reviewerName: &quot;Task Explorer&quot;, expectedRoute: &quot;/task-explorer&quot;, expectedKind: Tasks, expectedText: &quot;PERSON tasks.md&quot;)" computerName="BUF-5CG4423FYV" duration="00:00:00.0046767" startTime="2026-08-17T11:57:38.1722056+02:00" endTime="2026-08-17T11:57:38.1722057+02:00" testType="13cdc9d9-ddb5-4fa4-a97d-d965ccfc6d4b" outcome="Passed" testListId="8c84fa94-04c1-424b-9868-57a2d4851a1d" relativeResultsDirectory="849ac223-a329-4bda-b317-c8ffc5a48fe7" />
    <UnitTestResult executionId="d3e6d8c9-219c-4383-8165-ce8df77f538a" testId="31ffab3f-3d8b-a8d7-0147-c12629662658" testName="BirkNext.Web.Tests.Pages.DataModelExplorerSampleProjectTests.DataModelExplorer_DifferentDataModelsDoNotLeakBetweenProjects" computerName="BUF-5CG4423FYV" duration="00:00:03.6419289" startTime="2026-08-17T11:57:38.1072559+02:00" endTime="2026-08-17T11:57:38.1072561+02:00" testType="13cdc9d9-ddb5-4fa4-a97d-d965ccfc6d4b" outcome="Passed" testListId="8c84fa94-04c1-424b-9868-57a2d4851a1d" relativeResultsDirectory="d3e6d8c9-219c-4383-8165-ce8df77f538a" />
    <UnitTestResult executionId="3f6ba7e2-cd0d-497a-87e8-86e619efa2fd" testId="ecbd8a29-c620-a079-1aaf-86d7f1f936f3" testName="BirkNext.Web.Tests.Pages.DataModelExplorerSampleProjectTests.DataModelExplorer_HandlesEmptySelectedProject" computerName="BUF-5CG4423FYV" duration="00:00:00.0010349" startTime="2026-08-17T11:57:38.1247101+02:00" endTime="2026-08-17T11:57:38.1247101+02:00" testType="13cdc9d9-ddb5-4fa4-a97d-d965ccfc6d4b" outcome="Passed" testListId="8c84fa94-04c1-424b-9868-57a2d4851a1d" relativeResultsDirectory="3f6ba7e2-cd0d-497a-87e8-86e619efa2fd" />
    <UnitTestResult executionId="1104053a-1d1a-457a-a463-c5fa761caf2a" testId="44dedde2-76e5-5ca4-7218-eb44e8b008dd" testName="BirkNext.Web.Tests.Pages.ExplorerPageSourceOfTruthTests.ConstitutionExplorer_UsesStandaloneScratchWhenWorkspaceIsEmpty" computerName="BUF-5CG4423FYV" duration="00:00:00.0022918" startTime="2026-08-17T11:57:38.1488152+02:00" endTime="2026-08-17T11:57:38.1488153+02:00" testType="13cdc9d9-ddb5-4fa4-a97d-d965ccfc6d4b" outcome="Passed" testListId="8c84fa94-04c1-424b-9868-57a2d4851a1d" relativeResultsDirectory="1104053a-1d1a-457a-a463-c5fa761caf2a" />
    <UnitTestResult executionId="e6e8c34c-2a84-479b-aa57-30910ff47e05" testId="58bc011a-9089-4334-d3ca-2478e3f66da2" testName="BirkNext.Web.Tests.Pages.TaskExplorerSampleProjectTests.TaskExplorer_LoadsFromSelectedSampleProject" computerName="BUF-5CG4423FYV" duration="00:00:00.0438578" startTime="2026-08-17T11:57:38.1526148+02:00" endTime="2026-08-17T11:57:38.1526149+02:00" testType="13cdc9d9-ddb5-4fa4-a97d-d965ccfc6d4b" outcome="Passed" testListId="8c84fa94-04c1-424b-9868-57a2d4851a1d" relativeResultsDirectory="e6e8c34c-2a84-479b-aa57-30910ff47e05" />
    <UnitTestResult executionId="bf34c00d-a888-4532-b699-4a0f6a2d2078" testId="5c3c67e4-75c1-0363-ba13-68db69f9ef5f" testName="BirkNext.Web.Tests.Pages.SampleProjectsNavigationTests.FailedReviewerLoadDoesNotNavigateAndClearsStaleWorkspace" computerName="BUF-5CG4423FYV" duration="00:00:00.0066436" startTime="2026-08-17T11:57:38.2179367+02:00" endTime="2026-08-17T11:57:38.2179368+02:00" testType="13cdc9d9-ddb5-4fa4-a97d-d965ccfc6d4b" outcome="Passed" testListId="8c84fa94-04c1-424b-9868-57a2d4851a1d" relativeResultsDirectory="bf34c00d-a888-4532-b699-4a0f6a2d2078" />
    <UnitTestResult executionId="1b65cfdb-78a7-4d13-9398-f3b6b2b0a408" testId="0ae1576b-e762-21a4-2222-3fdc03eb3b42" testName="BirkNext.Web.Tests.Pages.SpecificationExplorerSampleProjectTests.SpecificationExplorer_ShowsMissingStateWhenSpecNotFound" computerName="BUF-5CG4423FYV" duration="00:00:00.0012108" startTime="2026-08-17T11:57:38.1363948+02:00" endTime="2026-08-17T11:57:38.1363950+02:00" testType="13cdc9d9-ddb5-4fa4-a97d-d965ccfc6d4b" outcome="Passed" testListId="8c84fa94-04c1-424b-9868-57a2d4851a1d" relativeResultsDirectory="1b65cfdb-78a7-4d13-9398-f3b6b2b0a408" />
    <UnitTestResult executionId="b32da8c7-431d-4265-a3dd-58e7d7d25c95" testId="f145a492-2976-4d4a-b5ce-57eb5e1ef727" testName="BirkNext.Web.Tests.Services.ConstitutionSampleProjectResolverTests.ResolveAsync_MissingDocument_ReturnsNotFoundNotFallback" computerName="BUF-5CG4423FYV" duration="00:00:00.0007266" startTime="2026-08-17T11:57:35.9560261+02:00" endTime="2026-08-17T11:57:35.9560262+02:00" testType="13cdc9d9-ddb5-4fa4-a97d-d965ccfc6d4b" outcome="Passed" testListId="8c84fa94-04c1-424b-9868-57a2d4851a1d" relativeResultsDirectory="b32da8c7-431d-4265-a3dd-58e7d7d25c95" />
    <UnitTestResult executionId="3c271012-7704-46cc-9fb5-df7e5e2a26ac" testId="47a95918-18ba-a459-fdc1-db35919eab54" testName="BirkNext.Web.Tests.Services.ConstitutionSampleProjectResolverTests.ResolveAsync_InvalidProject_ReturnsError" computerName="BUF-5CG4423FYV" duration="00:00:00.0013799" startTime="2026-08-17T11:57:35.9374671+02:00" endTime="2026-08-17T11:57:35.9374672+02:00" testType="13cdc9d9-ddb5-4fa4-a97d-d965ccfc6d4b" outcome="Passed" testListId="8c84fa94-04c1-424b-9868-57a2d4851a1d" relativeResultsDirectory="3c271012-7704-46cc-9fb5-df7e5e2a26ac" />
    <UnitTestResult executionId="28dad088-baa1-4862-8bf0-a38294c920fb" testId="361d28a4-5784-5d97-d94e-cae21b8f6c51" testName="BirkNext.Web.Tests.Pages.PlanExplorerSampleProjectTests.PlanExplorer_LoadsFromSelectedSampleProject" computerName="BUF-5CG4423FYV" duration="00:00:03.6296466" startTime="2026-08-17T11:57:38.0949501+02:00" endTime="2026-08-17T11:57:38.0949502+02:00" testType="13cdc9d9-ddb5-4fa4-a97d-d965ccfc6d4b" outcome="Passed" testListId="8c84fa94-04c1-424b-9868-57a2d4851a1d" relativeResultsDirectory="28dad088-baa1-4862-8bf0-a38294c920fb" />
  </Results>
  <TestDefinitions>
    <UnitTest name="BirkNext.Web.Tests.Pages.SampleProjectsNavigationTests.ManualLoadSupportedArtifactsStillLoadsWorkspace" storage="c:\users\ajaan\source\sdd-repos\birknext\aiassisted\frontend\birknext.web.tests\bin\debug\net8.0\birknext.web.tests.dll" id="3f7c9673-fb34-3ebc-3549-71605be8ddc3">
      <Execution id="ccef2799-19f0-4ae8-be84-19b68534544d" />
      <TestMethod codeBase="C:\Users\ajaan\source\sdd-repos\BirkNext\AIAssisted\frontend\BirkNext.Web.Tests\bin\Debug\net8.0\BirkNext.Web.Tests.dll" adapterTypeName="executor://xunit/VsTestRunner2/netcoreapp" className="BirkNext.Web.Tests.Pages.SampleProjectsNavigationTests" name="ManualLoadSupportedArtifactsStillLoadsWorkspace" />
    </UnitTest>
    <UnitTest name="BirkNext.Web.Tests.Pages.SampleProjectsNavigationTests.ReviewerLinksLoadSelectedProjectBeforeNavigating(reviewerName: &quot;Task Explorer&quot;, expectedRoute: &quot;/task-explorer&quot;, expectedKind: Tasks, expectedText: &quot;PERSON tasks.md&quot;)" storage="c:\users\ajaan\source\sdd-repos\birknext\aiassisted\frontend\birknext.web.tests\bin\debug\net8.0\birknext.web.tests.dll" id="8f00e84b-4dad-f948-eac0-34b2255a3a21">
      <Execution id="849ac223-a329-4bda-b317-c8ffc5a48fe7" />
      <TestMethod codeBase="C:\Users\ajaan\source\sdd-repos\BirkNext\AIAssisted\frontend\BirkNext.Web.Tests\bin\Debug\net8.0\BirkNext.Web.Tests.dll" adapterTypeName="executor://xunit/VsTestRunner2/netcoreapp" className="BirkNext.Web.Tests.Pages.SampleProjectsNavigationTests" name="ReviewerLinksLoadSelectedProjectBeforeNavigating" />
    </UnitTest>
    <UnitTest name="BirkNext.Web.Tests.Services.ConstitutionSampleProjectResolverTests.ResolveAsync_Constitution_ReturnsSelectedProjectFile" storage="c:\users\ajaan\source\sdd-repos\birknext\aiassisted\frontend\birknext.web.tests\bin\debug\net8.0\birknext.web.tests.dll" id="e7db4ed3-cc9d-cc70-87ed-17664c9c575e">
      <Execution id="c9db0f86-2e57-4510-8f2b-f7f6a0658ede" />
      <TestMethod codeBase="C:\Users\ajaan\source\sdd-repos\BirkNext\AIAssisted\frontend\BirkNext.Web.Tests\bin\Debug\net8.0\BirkNext.Web.Tests.dll" adapterTypeName="executor://xunit/VsTestRunner2/netcoreapp" className="BirkNext.Web.Tests.Services.ConstitutionSampleProjectResolverTests" name="ResolveAsync_Constitution_ReturnsSelectedProjectFile" />
    </UnitTest>
    <UnitTest name="BirkNext.Web.Tests.Services.ConstitutionSampleProjectResolverTests.WorkspaceCache_DoesNotOverrideSelectedProject_PolicyEnforcement" storage="c:\users\ajaan\source\sdd-repos\birknext\aiassisted\frontend\birknext.web.tests\bin\debug\net8.0\birknext.web.tests.dll" id="ffc29bf8-f3dd-b510-ce83-47285427af94">
      <Execution id="47c1a5b1-dcd6-48b0-af99-2a0c3c56591a" />
      <TestMethod codeBase="C:\Users\ajaan\source\sdd-repos\BirkNext\AIAssisted\frontend\BirkNext.Web.Tests\bin\Debug\net8.0\BirkNext.Web.Tests.dll" adapterTypeName="executor://xunit/VsTestRunner2/netcoreapp" className="BirkNext.Web.Tests.Services.ConstitutionSampleProjectResolverTests" name="WorkspaceCache_DoesNotOverrideSelectedProject_PolicyEnforcement" />
    </UnitTest>
    <UnitTest name="BirkNext.Web.Tests.Pages.ExplorerPageSourceOfTruthTests.ConstitutionExplorer_StaysEmptyWhenWorkspaceAndStandaloneScratchAreEmpty" storage="c:\users\ajaan\source\sdd-repos\birknext\aiassisted\frontend\birknext.web.tests\bin\debug\net8.0\birknext.web.tests.dll" id="0b7ce24a-8b43-b28f-8855-601482aeeafe">
      <Execution id="f459fca6-26e4-4222-ada9-659837816282" />
      <TestMethod codeBase="C:\Users\ajaan\source\sdd-repos\BirkNext\AIAssisted\frontend\BirkNext.Web.Tests\bin\Debug\net8.0\BirkNext.Web.Tests.dll" adapterTypeName="executor://xunit/VsTestRunner2/netcoreapp" className="BirkNext.Web.Tests.Pages.ExplorerPageSourceOfTruthTests" name="ConstitutionExplorer_StaysEmptyWhenWorkspaceAndStandaloneScratchAreEmpty" />
    </UnitTest>
    <UnitTest name="BirkNext.Web.Tests.Pages.TaskExplorerSampleProjectTests.TaskExplorer_DoesNotUseWorkspaceAsAutomaticSource" storage="c:\users\ajaan\source\sdd-repos\birknext\aiassisted\frontend\birknext.web.tests\bin\debug\net8.0\birknext.web.tests.dll" id="f431a49d-ede1-daa5-a835-253630a6b4a6">
      <Execution id="59386ee6-b6cc-490f-b088-8d0a1f11f650" />
      <TestMethod codeBase="C:\Users\ajaan\source\sdd-repos\BirkNext\AIAssisted\frontend\BirkNext.Web.Tests\bin\Debug\net8.0\BirkNext.Web.Tests.dll" adapterTypeName="executor://xunit/VsTestRunner2/netcoreapp" className="BirkNext.Web.Tests.Pages.TaskExplorerSampleProjectTests" name="TaskExplorer_DoesNotUseWorkspaceAsAutomaticSource" />
    </UnitTest>
    <UnitTest name="BirkNext.Web.Tests.Services.ConstitutionSampleProjectResolverTests.ResolveAsync_InvalidProject_ReturnsError" storage="c:\users\ajaan\source\sdd-repos\birknext\aiassisted\frontend\birknext.web.tests\bin\debug\net8.0\birknext.web.tests.dll" id="47a95918-18ba-a459-fdc1-db35919eab54">
      <Execution id="3c271012-7704-46cc-9fb5-df7e5e2a26ac" />
      <TestMethod codeBase="C:\Users\ajaan\source\sdd-repos\BirkNext\AIAssisted\frontend\BirkNext.Web.Tests\bin\Debug\net8.0\BirkNext.Web.Tests.dll" adapterTypeName="executor://xunit/VsTestRunner2/netcoreapp" className="BirkNext.Web.Tests.Services.ConstitutionSampleProjectResolverTests" name="ResolveAsync_InvalidProject_ReturnsError" />
    </UnitTest>
    <UnitTest name="BirkNext.Web.Tests.Services.ConstitutionSampleProjectResolverTests.ResolveAsync_SwitchProjects_ClearsOldContent" storage="c:\users\ajaan\source\sdd-repos\birknext\aiassisted\frontend\birknext.web.tests\bin\debug\net8.0\birknext.web.tests.dll" id="6664db61-527e-d74c-bb53-bded492adedd">
      <Execution id="9d8f1d63-be4d-4778-90ab-333d3d2c9e9f" />
      <TestMethod codeBase="C:\Users\ajaan\source\sdd-repos\BirkNext\AIAssisted\frontend\BirkNext.Web.Tests\bin\Debug\net8.0\BirkNext.Web.Tests.dll" adapterTypeName="executor://xunit/VsTestRunner2/netcoreapp" className="BirkNext.Web.Tests.Services.ConstitutionSampleProjectResolverTests" name="ResolveAsync_SwitchProjects_ClearsOldContent" />
    </UnitTest>
    <UnitTest name="BirkNext.Web.Tests.Pages.DataModelExplorerSampleProjectTests.DataModelExplorer_HandlesEmptySelectedProject" storage="c:\users\ajaan\source\sdd-repos\birknext\aiassisted\frontend\birknext.web.tests\bin\debug\net8.0\birknext.web.tests.dll" id="ecbd8a29-c620-a079-1aaf-86d7f1f936f3">
      <Execution id="3f6ba7e2-cd0d-497a-87e8-86e619efa2fd" />
      <TestMethod codeBase="C:\Users\ajaan\source\sdd-repos\BirkNext\AIAssisted\frontend\BirkNext.Web.Tests\bin\Debug\net8.0\BirkNext.Web.Tests.dll" adapterTypeName="executor://xunit/VsTestRunner2/netcoreapp" className="BirkNext.Web.Tests.Pages.DataModelExplorerSampleProjectTests" name="DataModelExplorer_HandlesEmptySelectedProject" />
    </UnitTest>
    <UnitTest name="BirkNext.Web.Tests.Pages.PlanExplorerSampleProjectTests.PlanExplorer_ShowsMissingStateWhenPlanNotFound" storage="c:\users\ajaan\source\sdd-repos\birknext\aiassisted\frontend\birknext.web.tests\bin\debug\net8.0\birknext.web.tests.dll" id="c68c50ce-25fd-8602-4f14-05b23856e6d4">
      <Execution id="1086ebab-9da6-4f1c-926a-d9120cfa884f" />
      <TestMethod codeBase="C:\Users\ajaan\source\sdd-repos\BirkNext\AIAssisted\frontend\BirkNext.Web.Tests\bin\Debug\net8.0\BirkNext.Web.Tests.dll" adapterTypeName="executor://xunit/VsTestRunner2/netcoreapp" className="BirkNext.Web.Tests.Pages.PlanExplorerSampleProjectTests" name="PlanExplorer_ShowsMissingStateWhenPlanNotFound" />
    </UnitTest>
    <UnitTest name="BirkNext.Web.Tests.Pages.DataModelExplorerSampleProjectTests.DataModelExplorer_SwitchesProjects" storage="c:\users\ajaan\source\sdd-repos\birknext\aiassisted\frontend\birknext.web.tests\bin\debug\net8.0\birknext.web.tests.dll" id="24c241a0-e179-101a-b5c8-31bc312ac61d">
      <Execution id="287fbf60-87d5-4c78-8bd8-a619b8a6c199" />
      <TestMethod codeBase="C:\Users\ajaan\source\sdd-repos\BirkNext\AIAssisted\frontend\BirkNext.Web.Tests\bin\Debug\net8.0\BirkNext.Web.Tests.dll" adapterTypeName="executor://xunit/VsTestRunner2/netcoreapp" className="BirkNext.Web.Tests.Pages.DataModelExplorerSampleProjectTests" name="DataModelExplorer_SwitchesProjects" />
    </UnitTest>
    <UnitTest name="BirkNext.Web.Tests.Pages.ExplorerPageSourceOfTruthTests.PlanExplorer_DoesNotRequireProjectDocumentApiFallback" storage="c:\users\ajaan\source\sdd-repos\birknext\aiassisted\frontend\birknext.web.tests\bin\debug\net8.0\birknext.web.tests.dll" id="de7b7f6f-ee56-7c22-3c30-ae59500068f4">
      <Execution id="65664444-8d2b-4298-8825-fa32fb7dce20" />
      <TestMethod codeBase="C:\Users\ajaan\source\sdd-repos\BirkNext\AIAssisted\frontend\BirkNext.Web.Tests\bin\Debug\net8.0\BirkNext.Web.Tests.dll" adapterTypeName="executor://xunit/VsTestRunner2/netcoreapp" className="BirkNext.Web.Tests.Pages.ExplorerPageSourceOfTruthTests" name="PlanExplorer_DoesNotRequireProjectDocumentApiFallback" />
    </UnitTest>
    <UnitTest name="BirkNext.Web.Tests.Pages.SampleProjectsNavigationTests.ReviewerLinksLoadSelectedProjectBeforeNavigating(reviewerName: &quot;Plan Explorer&quot;, expectedRoute: &quot;/plan-explorer&quot;, expectedKind: Plan, expectedText: &quot;PERSON plan.md&quot;)" storage="c:\users\ajaan\source\sdd-repos\birknext\aiassisted\frontend\birknext.web.tests\bin\debug\net8.0\birknext.web.tests.dll" id="aa5841b6-9f68-7b8a-4f0d-ff5c4c9ae13a">
      <Execution id="11a1ebfe-d370-4643-92d9-cfe172f4a7c1" />
      <TestMethod codeBase="C:\Users\ajaan\source\sdd-repos\BirkNext\AIAssisted\frontend\BirkNext.Web.Tests\bin\Debug\net8.0\BirkNext.Web.Tests.dll" adapterTypeName="executor://xunit/VsTestRunner2/netcoreapp" className="BirkNext.Web.Tests.Pages.SampleProjectsNavigationTests" name="ReviewerLinksLoadSelectedProjectBeforeNavigating" />
    </UnitTest>
    <UnitTest name="BirkNext.Web.Tests.Pages.PlanExplorerSampleProjectTests.PlanExplorer_ClearsProjectHeaderOnProjectDeselection" storage="c:\users\ajaan\source\sdd-repos\birknext\aiassisted\frontend\birknext.web.tests\bin\debug\net8.0\birknext.web.tests.dll" id="0a4d6b64-3ec5-0804-bb1d-ad3cf97d6653">
      <Execution id="76d26b81-d77f-4c67-9bac-cd50a94fc2f7" />
      <TestMethod codeBase="C:\Users\ajaan\source\sdd-repos\BirkNext\AIAssisted\frontend\BirkNext.Web.Tests\bin\Debug\net8.0\BirkNext.Web.Tests.dll" adapterTypeName="executor://xunit/VsTestRunner2/netcoreapp" className="BirkNext.Web.Tests.Pages.PlanExplorerSampleProjectTests" name="PlanExplorer_ClearsProjectHeaderOnProjectDeselection" />
    </UnitTest>
    <UnitTest name="BirkNext.Web.Tests.Pages.SpecificationExplorerSampleProjectTests.SpecificationExplorer_LoadsFromSelectedSampleProject" storage="c:\users\ajaan\source\sdd-repos\birknext\aiassisted\frontend\birknext.web.tests\bin\debug\net8.0\birknext.web.tests.dll" id="da3f82c4-3f5a-3ce6-c628-3622499f8417">
      <Execution id="2875f86f-96eb-4d41-a267-0144af4f7984" />
      <TestMethod codeBase="C:\Users\ajaan\source\sdd-repos\BirkNext\AIAssisted\frontend\BirkNext.Web.Tests\bin\Debug\net8.0\BirkNext.Web.Tests.dll" adapterTypeName="executor://xunit/VsTestRunner2/netcoreapp" className="BirkNext.Web.Tests.Pages.SpecificationExplorerSampleProjectTests" name="SpecificationExplorer_LoadsFromSelectedSampleProject" />
    </UnitTest>
    <UnitTest name="BirkNext.Web.Tests.Pages.SampleProjectsNavigationTests.ReviewerLinksLoadSelectedProjectBeforeNavigating(reviewerName: &quot;Constitution Explorer&quot;, expectedRoute: &quot;/constitution-explorer&quot;, expectedKind: Constitution, expectedText: &quot;PERSON constitution.md&quot;)" storage="c:\users\ajaan\source\sdd-repos\birknext\aiassisted\frontend\birknext.web.tests\bin\debug\net8.0\birknext.web.tests.dll" id="67831d69-4acb-1b28-4813-e4bcfe01c753">
      <Execution id="041b8ad7-bd20-404a-b412-d9f409854659" />
      <TestMethod codeBase="C:\Users\ajaan\source\sdd-repos\BirkNext\AIAssisted\frontend\BirkNext.Web.Tests\bin\Debug\net8.0\BirkNext.Web.Tests.dll" adapterTypeName="executor://xunit/VsTestRunner2/netcoreapp" className="BirkNext.Web.Tests.Pages.SampleProjectsNavigationTests" name="ReviewerLinksLoadSelectedProjectBeforeNavigating" />
    </UnitTest>
    <UnitTest name="BirkNext.Web.Tests.Pages.DataModelExplorerSampleProjectTests.DataModelExplorer_LoadsFromSelectedSampleProject" storage="c:\users\ajaan\source\sdd-repos\birknext\aiassisted\frontend\birknext.web.tests\bin\debug\net8.0\birknext.web.tests.dll" id="a5dd1463-501f-4b2b-6e11-7b1056736328">
      <Execution id="b3501f65-b771-42e1-bda7-c0b88505da0d" />
      <TestMethod codeBase="C:\Users\ajaan\source\sdd-repos\BirkNext\AIAssisted\frontend\BirkNext.Web.Tests\bin\Debug\net8.0\BirkNext.Web.Tests.dll" adapterTypeName="executor://xunit/VsTestRunner2/netcoreapp" className="BirkNext.Web.Tests.Pages.DataModelExplorerSampleProjectTests" name="DataModelExplorer_LoadsFromSelectedSampleProject" />
    </UnitTest>
    <UnitTest name="BirkNext.Web.Tests.Pages.SpecificationExplorerSampleProjectTests.SpecificationExplorer_ReloadsSameProjectWithoutDuplication" storage="c:\users\ajaan\source\sdd-repos\birknext\aiassisted\frontend\birknext.web.tests\bin\debug\net8.0\birknext.web.tests.dll" id="285468a1-255d-a8c0-9516-b54e7d8a61af">
      <Execution id="bb204b18-9623-4d9f-97d9-17181ae54587" />
      <TestMethod codeBase="C:\Users\ajaan\source\sdd-repos\BirkNext\AIAssisted\frontend\BirkNext.Web.Tests\bin\Debug\net8.0\BirkNext.Web.Tests.dll" adapterTypeName="executor://xunit/VsTestRunner2/netcoreapp" className="BirkNext.Web.Tests.Pages.SpecificationExplorerSampleProjectTests" name="SpecificationExplorer_ReloadsSameProjectWithoutDuplication" />
    </UnitTest>
    <UnitTest name="BirkNext.Web.Tests.Pages.DataModelExplorerSampleProjectTests.DataModelExplorer_ShowsMissingStateWhenDataModelNotFound" storage="c:\users\ajaan\source\sdd-repos\birknext\aiassisted\frontend\birknext.web.tests\bin\debug\net8.0\birknext.web.tests.dll" id="52cf2472-99ae-5b57-c080-cfa737263999">
      <Execution id="d3eddff4-e491-4134-a837-9a7dd3531e25" />
      <TestMethod codeBase="C:\Users\ajaan\source\sdd-repos\BirkNext\AIAssisted\frontend\BirkNext.Web.Tests\bin\Debug\net8.0\BirkNext.Web.Tests.dll" adapterTypeName="executor://xunit/VsTestRunner2/netcoreapp" className="BirkNext.Web.Tests.Pages.DataModelExplorerSampleProjectTests" name="DataModelExplorer_ShowsMissingStateWhenDataModelNotFound" />
    </UnitTest>
    <UnitTest name="BirkNext.Web.Tests.Pages.SpecificationExplorerSampleProjectTests.SpecificationExplorer_DoesNotUseWorkspaceAsAutomaticSource" storage="c:\users\ajaan\source\sdd-repos\birknext\aiassisted\frontend\birknext.web.tests\bin\debug\net8.0\birknext.web.tests.dll" id="98f5c6b4-9483-7f80-0586-8f1d8565e4cd">
      <Execution id="8ccd553f-46a0-46f2-96a7-bd746227f46f" />
      <TestMethod codeBase="C:\Users\ajaan\source\sdd-repos\BirkNext\AIAssisted\frontend\BirkNext.Web.Tests\bin\Debug\net8.0\BirkNext.Web.Tests.dll" adapterTypeName="executor://xunit/VsTestRunner2/netcoreapp" className="BirkNext.Web.Tests.Pages.SpecificationExplorerSampleProjectTests" name="SpecificationExplorer_DoesNotUseWorkspaceAsAutomaticSource" />
    </UnitTest>
    <UnitTest name="BirkNext.Web.Tests.Pages.TaskExplorerSampleProjectTests.TaskExplorer_DifferentTaskIDsDoNotLeakBetweenProjects" storage="c:\users\ajaan\source\sdd-repos\birknext\aiassisted\frontend\birknext.web.tests\bin\debug\net8.0\birknext.web.tests.dll" id="d423bedd-f4cc-c836-de95-67a83cd9df10">
      <Execution id="31705312-1f6d-45d0-9c87-2db94159630f" />
      <TestMethod codeBase="C:\Users\ajaan\source\sdd-repos\BirkNext\AIAssisted\frontend\BirkNext.Web.Tests\bin\Debug\net8.0\BirkNext.Web.Tests.dll" adapterTypeName="executor://xunit/VsTestRunner2/netcoreapp" className="BirkNext.Web.Tests.Pages.TaskExplorerSampleProjectTests" name="TaskExplorer_DifferentTaskIDsDoNotLeakBetweenProjects" />
    </UnitTest>
    <UnitTest name="BirkNext.Web.Tests.Pages.PlanExplorerSampleProjectTests.PlanExplorer_SwitchesProjects" storage="c:\users\ajaan\source\sdd-repos\birknext\aiassisted\frontend\birknext.web.tests\bin\debug\net8.0\birknext.web.tests.dll" id="6d79443a-1b89-96ae-8f2f-89168be6dd6c">
      <Execution id="02bf3d1c-21b9-40ce-be3d-ded54e8f292f" />
      <TestMethod codeBase="C:\Users\ajaan\source\sdd-repos\BirkNext\AIAssisted\frontend\BirkNext.Web.Tests\bin\Debug\net8.0\BirkNext.Web.Tests.dll" adapterTypeName="executor://xunit/VsTestRunner2/netcoreapp" className="BirkNext.Web.Tests.Pages.PlanExplorerSampleProjectTests" name="PlanExplorer_SwitchesProjects" />
    </UnitTest>
    <UnitTest name="BirkNext.Web.Tests.Pages.DataModelExplorerSampleProjectTests.DataModelExplorer_DifferentDataModelsDoNotLeakBetweenProjects" storage="c:\users\ajaan\source\sdd-repos\birknext\aiassisted\frontend\birknext.web.tests\bin\debug\net8.0\birknext.web.tests.dll" id="31ffab3f-3d8b-a8d7-0147-c12629662658">
      <Execution id="d3e6d8c9-219c-4383-8165-ce8df77f538a" />
      <TestMethod codeBase="C:\Users\ajaan\source\sdd-repos\BirkNext\AIAssisted\frontend\BirkNext.Web.Tests\bin\Debug\net8.0\BirkNext.Web.Tests.dll" adapterTypeName="executor://xunit/VsTestRunner2/netcoreapp" className="BirkNext.Web.Tests.Pages.DataModelExplorerSampleProjectTests" name="DataModelExplorer_DifferentDataModelsDoNotLeakBetweenProjects" />
    </UnitTest>
    <UnitTest name="BirkNext.Web.Tests.Pages.ExplorerPageSourceOfTruthTests.DataModelExplorer_DoesNotRequireProjectDocumentApiFallback" storage="c:\users\ajaan\source\sdd-repos\birknext\aiassisted\frontend\birknext.web.tests\bin\debug\net8.0\birknext.web.tests.dll" id="fddf3bb8-b4cf-bba8-7c93-5d1fad41ba51">
      <Execution id="aa035305-ea39-4c3c-bce8-511c8905e053" />
      <TestMethod codeBase="C:\Users\ajaan\source\sdd-repos\BirkNext\AIAssisted\frontend\BirkNext.Web.Tests\bin\Debug\net8.0\BirkNext.Web.Tests.dll" adapterTypeName="executor://xunit/VsTestRunner2/netcoreapp" className="BirkNext.Web.Tests.Pages.ExplorerPageSourceOfTruthTests" name="DataModelExplorer_DoesNotRequireProjectDocumentApiFallback" />
    </UnitTest>
    <UnitTest name="BirkNext.Web.Tests.Pages.SpecificationExplorerSampleProjectTests.SpecificationExplorer_ShowsMissingStateWhenSpecNotFound" storage="c:\users\ajaan\source\sdd-repos\birknext\aiassisted\frontend\birknext.web.tests\bin\debug\net8.0\birknext.web.tests.dll" id="0ae1576b-e762-21a4-2222-3fdc03eb3b42">
      <Execution id="1b65cfdb-78a7-4d13-9398-f3b6b2b0a408" />
      <TestMethod codeBase="C:\Users\ajaan\source\sdd-repos\BirkNext\AIAssisted\frontend\BirkNext.Web.Tests\bin\Debug\net8.0\BirkNext.Web.Tests.dll" adapterTypeName="executor://xunit/VsTestRunner2/netcoreapp" className="BirkNext.Web.Tests.Pages.SpecificationExplorerSampleProjectTests" name="SpecificationExplorer_ShowsMissingStateWhenSpecNotFound" />
    </UnitTest>
    <UnitTest name="BirkNext.Web.Tests.Pages.ExplorerPageSourceOfTruthTests.TaskExplorer_DoesNotRequireProjectDocumentApiFallback" storage="c:\users\ajaan\source\sdd-repos\birknext\aiassisted\frontend\birknext.web.tests\bin\debug\net8.0\birknext.web.tests.dll" id="d8249221-1eb5-2d07-b8ed-c5a903842fc4">
      <Execution id="2b68337b-7ca5-4306-b2fe-a55fb14e2870" />
      <TestMethod codeBase="C:\Users\ajaan\source\sdd-repos\BirkNext\AIAssisted\frontend\BirkNext.Web.Tests\bin\Debug\net8.0\BirkNext.Web.Tests.dll" adapterTypeName="executor://xunit/VsTestRunner2/netcoreapp" className="BirkNext.Web.Tests.Pages.ExplorerPageSourceOfTruthTests" name="TaskExplorer_DoesNotRequireProjectDocumentApiFallback" />
    </UnitTest>
    <UnitTest name="BirkNext.Web.Tests.Pages.PlanExplorerSampleProjectTests.PlanExplorer_DoesNotUseWorkspaceAsAutomaticSource" storage="c:\users\ajaan\source\sdd-repos\birknext\aiassisted\frontend\birknext.web.tests\bin\debug\net8.0\birknext.web.tests.dll" id="8c7a33d3-0135-dbcf-86fc-2bae288cf064">
      <Execution id="81265417-5e3a-4d6d-9541-f8218f714516" />
      <TestMethod codeBase="C:\Users\ajaan\source\sdd-repos\BirkNext\AIAssisted\frontend\BirkNext.Web.Tests\bin\Debug\net8.0\BirkNext.Web.Tests.dll" adapterTypeName="executor://xunit/VsTestRunner2/netcoreapp" className="BirkNext.Web.Tests.Pages.PlanExplorerSampleProjectTests" name="PlanExplorer_DoesNotUseWorkspaceAsAutomaticSource" />
    </UnitTest>
    <UnitTest name="BirkNext.Web.Tests.Pages.PlanExplorerSampleProjectTests.PlanExplorer_HandlesEmptySelectedProject" storage="c:\users\ajaan\source\sdd-repos\birknext\aiassisted\frontend\birknext.web.tests\bin\debug\net8.0\birknext.web.tests.dll" id="d9d2d2c2-8f06-f6f8-3199-a330e46f746f">
      <Execution id="f7e21a4b-63f2-431e-a4aa-4fab993c2668" />
      <TestMethod codeBase="C:\Users\ajaan\source\sdd-repos\BirkNext\AIAssisted\frontend\BirkNext.Web.Tests\bin\Debug\net8.0\BirkNext.Web.Tests.dll" adapterTypeName="executor://xunit/VsTestRunner2/netcoreapp" className="BirkNext.Web.Tests.Pages.PlanExplorerSampleProjectTests" name="PlanExplorer_HandlesEmptySelectedProject" />
    </UnitTest>
    <UnitTest name="BirkNext.Web.Tests.Pages.SampleProjectsNavigationTests.ReviewerLinksLoadSelectedProjectBeforeNavigating(reviewerName: &quot;Specification Review&quot;, expectedRoute: &quot;/extract&quot;, expectedKind: Specification, expectedText: &quot;PERSON spec.md&quot;)" storage="c:\users\ajaan\source\sdd-repos\birknext\aiassisted\frontend\birknext.web.tests\bin\debug\net8.0\birknext.web.tests.dll" id="b6c2c4fe-31df-1c6f-ec94-0ab141847c62">
      <Execution id="d003fde4-9f14-44cc-bbad-fa8f5eae9813" />
      <TestMethod codeBase="C:\Users\ajaan\source\sdd-repos\BirkNext\AIAssisted\frontend\BirkNext.Web.Tests\bin\Debug\net8.0\BirkNext.Web.Tests.dll" adapterTypeName="executor://xunit/VsTestRunner2/netcoreapp" className="BirkNext.Web.Tests.Pages.SampleProjectsNavigationTests" name="ReviewerLinksLoadSelectedProjectBeforeNavigating" />
    </UnitTest>
    <UnitTest name="BirkNext.Web.Tests.Pages.PlanExplorerSampleProjectTests.PlanExplorer_ReloadsSameProjectWithoutDuplication" storage="c:\users\ajaan\source\sdd-repos\birknext\aiassisted\frontend\birknext.web.tests\bin\debug\net8.0\birknext.web.tests.dll" id="a7269637-39b5-7aab-6f72-76469ab2d538">
      <Execution id="8cf3226f-c6f4-4d25-83fd-5ea27c8f3a69" />
      <TestMethod codeBase="C:\Users\ajaan\source\sdd-repos\BirkNext\AIAssisted\frontend\BirkNext.Web.Tests\bin\Debug\net8.0\BirkNext.Web.Tests.dll" adapterTypeName="executor://xunit/VsTestRunner2/netcoreapp" className="BirkNext.Web.Tests.Pages.PlanExplorerSampleProjectTests" name="PlanExplorer_ReloadsSameProjectWithoutDuplication" />
    </UnitTest>
    <UnitTest name="BirkNext.Web.Tests.Pages.DataModelExplorerSampleProjectTests.DataModelExplorer_ClearsProjectHeaderOnProjectDeselection" storage="c:\users\ajaan\source\sdd-repos\birknext\aiassisted\frontend\birknext.web.tests\bin\debug\net8.0\birknext.web.tests.dll" id="d3ae7e0e-185a-47a8-b3bf-d341692dfc80">
      <Execution id="da095570-49c7-4385-98f5-da9fda0589fe" />
      <TestMethod codeBase="C:\Users\ajaan\source\sdd-repos\BirkNext\AIAssisted\frontend\BirkNext.Web.Tests\bin\Debug\net8.0\BirkNext.Web.Tests.dll" adapterTypeName="executor://xunit/VsTestRunner2/netcoreapp" className="BirkNext.Web.Tests.Pages.DataModelExplorerSampleProjectTests" name="DataModelExplorer_ClearsProjectHeaderOnProjectDeselection" />
    </UnitTest>
    <UnitTest name="BirkNext.Web.Tests.Pages.SpecificationExplorerSampleProjectTests.SpecificationExplorer_HandlesEmptySelectedProject" storage="c:\users\ajaan\source\sdd-repos\birknext\aiassisted\frontend\birknext.web.tests\bin\debug\net8.0\birknext.web.tests.dll" id="86a2de7f-f961-bf03-d8df-0e0feaaab9f1">
      <Execution id="0a922d5b-545a-4ea9-8f36-9de37dab33f3" />
      <TestMethod codeBase="C:\Users\ajaan\source\sdd-repos\BirkNext\AIAssisted\frontend\BirkNext.Web.Tests\bin\Debug\net8.0\BirkNext.Web.Tests.dll" adapterTypeName="executor://xunit/VsTestRunner2/netcoreapp" className="BirkNext.Web.Tests.Pages.SpecificationExplorerSampleProjectTests" name="SpecificationExplorer_HandlesEmptySelectedProject" />
    </UnitTest>
    <UnitTest name="BirkNext.Web.Tests.Pages.TaskExplorerSampleProjectTests.TaskExplorer_ShowsMissingStateWhenTasksNotFound" storage="c:\users\ajaan\source\sdd-repos\birknext\aiassisted\frontend\birknext.web.tests\bin\debug\net8.0\birknext.web.tests.dll" id="c35ab415-83bc-20b2-a92c-df1979a35f02">
      <Execution id="16779217-4056-47dc-a37c-c6b35cfc17cc" />
      <TestMethod codeBase="C:\Users\ajaan\source\sdd-repos\BirkNext\AIAssisted\frontend\BirkNext.Web.Tests\bin\Debug\net8.0\BirkNext.Web.Tests.dll" adapterTypeName="executor://xunit/VsTestRunner2/netcoreapp" className="BirkNext.Web.Tests.Pages.TaskExplorerSampleProjectTests" name="TaskExplorer_ShowsMissingStateWhenTasksNotFound" />
    </UnitTest>
    <UnitTest name="BirkNext.Web.Tests.Services.ConstitutionSampleProjectResolverTests.GetAvailableProjectsAsync_ReturnsOnlySampleDataProjects" storage="c:\users\ajaan\source\sdd-repos\birknext\aiassisted\frontend\birknext.web.tests\bin\debug\net8.0\birknext.web.tests.dll" id="4dc64b36-df70-577e-a208-c27c7d897ca0">
      <Execution id="c9bfedb9-9b42-4461-9e47-e7c6fe8647cf" />
      <TestMethod codeBase="C:\Users\ajaan\source\sdd-repos\BirkNext\AIAssisted\frontend\BirkNext.Web.Tests\bin\Debug\net8.0\BirkNext.Web.Tests.dll" adapterTypeName="executor://xunit/VsTestRunner2/netcoreapp" className="BirkNext.Web.Tests.Services.ConstitutionSampleProjectResolverTests" name="GetAvailableProjectsAsync_ReturnsOnlySampleDataProjects" />
    </UnitTest>
    <UnitTest name="BirkNext.Web.Tests.Pages.PlanExplorerSampleProjectTests.PlanExplorer_LoadsFromSelectedSampleProject" storage="c:\users\ajaan\source\sdd-repos\birknext\aiassisted\frontend\birknext.web.tests\bin\debug\net8.0\birknext.web.tests.dll" id="361d28a4-5784-5d97-d94e-cae21b8f6c51">
      <Execution id="28dad088-baa1-4862-8bf0-a38294c920fb" />
      <TestMethod codeBase="C:\Users\ajaan\source\sdd-repos\BirkNext\AIAssisted\frontend\BirkNext.Web.Tests\bin\Debug\net8.0\BirkNext.Web.Tests.dll" adapterTypeName="executor://xunit/VsTestRunner2/netcoreapp" className="BirkNext.Web.Tests.Pages.PlanExplorerSampleProjectTests" name="PlanExplorer_LoadsFromSelectedSampleProject" />
    </UnitTest>
    <UnitTest name="BirkNext.Web.Tests.Pages.SampleProjectsNavigationTests.ReviewerClickFetchesEachSupportedFileOnlyOnce" storage="c:\users\ajaan\source\sdd-repos\birknext\aiassisted\frontend\birknext.web.tests\bin\debug\net8.0\birknext.web.tests.dll" id="210a0a54-cc52-8377-c39c-b079d2a02e0c">
      <Execution id="554858dc-7505-4b6e-be63-a588617fc27a" />
      <TestMethod codeBase="C:\Users\ajaan\source\sdd-repos\BirkNext\AIAssisted\frontend\BirkNext.Web.Tests\bin\Debug\net8.0\BirkNext.Web.Tests.dll" adapterTypeName="executor://xunit/VsTestRunner2/netcoreapp" className="BirkNext.Web.Tests.Pages.SampleProjectsNavigationTests" name="ReviewerClickFetchesEachSupportedFileOnlyOnce" />
    </UnitTest>
    <UnitTest name="BirkNext.Web.Tests.Pages.TaskExplorerSampleProjectTests.TaskExplorer_ClearsProjectHeaderOnProjectDeselection" storage="c:\users\ajaan\source\sdd-repos\birknext\aiassisted\frontend\birknext.web.tests\bin\debug\net8.0\birknext.web.tests.dll" id="ce146397-3612-bb8d-7a38-aa5137b3866d">
      <Execution id="73167671-1f95-4c8c-a97b-a4099d5d2182" />
      <TestMethod codeBase="C:\Users\ajaan\source\sdd-repos\BirkNext\AIAssisted\frontend\BirkNext.Web.Tests\bin\Debug\net8.0\BirkNext.Web.Tests.dll" adapterTypeName="executor://xunit/VsTestRunner2/netcoreapp" className="BirkNext.Web.Tests.Pages.TaskExplorerSampleProjectTests" name="TaskExplorer_ClearsProjectHeaderOnProjectDeselection" />
    </UnitTest>
    <UnitTest name="BirkNext.Web.Tests.Pages.ExplorerPageSourceOfTruthTests.ExplorerPages_UseStandaloneScratchWhenWorkspaceIsEmpty(storageKey: &quot;dme-standalone-datamodel&quot;, kind: DataModel, text: &quot;# Standalone Data Model&quot;)" storage="c:\users\ajaan\source\sdd-repos\birknext\aiassisted\frontend\birknext.web.tests\bin\debug\net8.0\birknext.web.tests.dll" id="3fe1ae01-e415-f82b-ed7d-ff059eaf1f48">
      <Execution id="f3b8594c-9c5b-438a-952f-d4705a4572f6" />
      <TestMethod codeBase="C:\Users\ajaan\source\sdd-repos\BirkNext\AIAssisted\frontend\BirkNext.Web.Tests\bin\Debug\net8.0\BirkNext.Web.Tests.dll" adapterTypeName="executor://xunit/VsTestRunner2/netcoreapp" className="BirkNext.Web.Tests.Pages.ExplorerPageSourceOfTruthTests" name="ExplorerPages_UseStandaloneScratchWhenWorkspaceIsEmpty" />
    </UnitTest>
    <UnitTest name="BirkNext.Web.Tests.Pages.TaskExplorerSampleProjectTests.TaskExplorer_ReloadsSameProjectWithoutDuplication" storage="c:\users\ajaan\source\sdd-repos\birknext\aiassisted\frontend\birknext.web.tests\bin\debug\net8.0\birknext.web.tests.dll" id="af29c175-8d65-4ec5-1060-8fd2ce3c4950">
      <Execution id="d3091020-3863-42d4-968c-6bf98da8eafe" />
      <TestMethod codeBase="C:\Users\ajaan\source\sdd-repos\BirkNext\AIAssisted\frontend\BirkNext.Web.Tests\bin\Debug\net8.0\BirkNext.Web.Tests.dll" adapterTypeName="executor://xunit/VsTestRunner2/netcoreapp" className="BirkNext.Web.Tests.Pages.TaskExplorerSampleProjectTests" name="TaskExplorer_ReloadsSameProjectWithoutDuplication" />
    </UnitTest>
    <UnitTest name="BirkNext.Web.Tests.Pages.ExplorerPageSourceOfTruthTests.ExplorerPages_UseStandaloneScratchWhenWorkspaceIsEmpty(storageKey: &quot;pe-standalone-plan&quot;, kind: Plan, text: &quot;# Standalone Plan&quot;)" storage="c:\users\ajaan\source\sdd-repos\birknext\aiassisted\frontend\birknext.web.tests\bin\debug\net8.0\birknext.web.tests.dll" id="15cd6928-1add-eb11-822d-3e560fe58255">
      <Execution id="c6918d6c-12ac-483a-b65d-dc426c021283" />
      <TestMethod codeBase="C:\Users\ajaan\source\sdd-repos\BirkNext\AIAssisted\frontend\BirkNext.Web.Tests\bin\Debug\net8.0\BirkNext.Web.Tests.dll" adapterTypeName="executor://xunit/VsTestRunner2/netcoreapp" className="BirkNext.Web.Tests.Pages.ExplorerPageSourceOfTruthTests" name="ExplorerPages_UseStandaloneScratchWhenWorkspaceIsEmpty" />
    </UnitTest>
    <UnitTest name="BirkNext.Web.Tests.Pages.TaskExplorerSampleProjectTests.TaskExplorer_HandlesEmptySelectedProject" storage="c:\users\ajaan\source\sdd-repos\birknext\aiassisted\frontend\birknext.web.tests\bin\debug\net8.0\birknext.web.tests.dll" id="ac1ac52e-e7eb-adad-58b4-c99b214e77b8">
      <Execution id="26d91ae8-7687-4dd2-86c2-b13c50913cc5" />
      <TestMethod codeBase="C:\Users\ajaan\source\sdd-repos\BirkNext\AIAssisted\frontend\BirkNext.Web.Tests\bin\Debug\net8.0\BirkNext.Web.Tests.dll" adapterTypeName="executor://xunit/VsTestRunner2/netcoreapp" className="BirkNext.Web.Tests.Pages.TaskExplorerSampleProjectTests" name="TaskExplorer_HandlesEmptySelectedProject" />
    </UnitTest>
    <UnitTest name="BirkNext.Web.Tests.Pages.SampleProjectsNavigationTests.ReviewerLinksLoadSelectedProjectBeforeNavigating(reviewerName: &quot;Data Model Explorer&quot;, expectedRoute: &quot;/data-model-explorer&quot;, expectedKind: DataModel, expectedText: &quot;PERSON data-model.md&quot;)" storage="c:\users\ajaan\source\sdd-repos\birknext\aiassisted\frontend\birknext.web.tests\bin\debug\net8.0\birknext.web.tests.dll" id="6de0d571-848a-ecb0-ab60-525436eee8c3">
      <Execution id="65a91ea4-b491-43fe-a23a-e58e1cee6ded" />
      <TestMethod codeBase="C:\Users\ajaan\source\sdd-repos\BirkNext\AIAssisted\frontend\BirkNext.Web.Tests\bin\Debug\net8.0\BirkNext.Web.Tests.dll" adapterTypeName="executor://xunit/VsTestRunner2/netcoreapp" className="BirkNext.Web.Tests.Pages.SampleProjectsNavigationTests" name="ReviewerLinksLoadSelectedProjectBeforeNavigating" />
    </UnitTest>
    <UnitTest name="BirkNext.Web.Tests.Pages.TaskExplorerSampleProjectTests.TaskExplorer_LoadsFromSelectedSampleProject" storage="c:\users\ajaan\source\sdd-repos\birknext\aiassisted\frontend\birknext.web.tests\bin\debug\net8.0\birknext.web.tests.dll" id="58bc011a-9089-4334-d3ca-2478e3f66da2">
      <Execution id="e6e8c34c-2a84-479b-aa57-30910ff47e05" />
      <TestMethod codeBase="C:\Users\ajaan\source\sdd-repos\BirkNext\AIAssisted\frontend\BirkNext.Web.Tests\bin\Debug\net8.0\BirkNext.Web.Tests.dll" adapterTypeName="executor://xunit/VsTestRunner2/netcoreapp" className="BirkNext.Web.Tests.Pages.TaskExplorerSampleProjectTests" name="TaskExplorer_LoadsFromSelectedSampleProject" />
    </UnitTest>
    <UnitTest name="BirkNext.Web.Tests.Services.ConstitutionSampleProjectResolverTests.SetSelectedProject_UpdatesContext" storage="c:\users\ajaan\source\sdd-repos\birknext\aiassisted\frontend\birknext.web.tests\bin\debug\net8.0\birknext.web.tests.dll" id="c90edb55-07b9-1fca-bb4a-871e9064928e">
      <Execution id="2f7c769d-7f46-41c1-95c4-6b7d89fd7cb2" />
      <TestMethod codeBase="C:\Users\ajaan\source\sdd-repos\BirkNext\AIAssisted\frontend\BirkNext.Web.Tests\bin\Debug\net8.0\BirkNext.Web.Tests.dll" adapterTypeName="executor://xunit/VsTestRunner2/netcoreapp" className="BirkNext.Web.Tests.Services.ConstitutionSampleProjectResolverTests" name="SetSelectedProject_UpdatesContext" />
    </UnitTest>
    <UnitTest name="BirkNext.Web.Tests.Pages.ExplorerPageSourceOfTruthTests.ConstitutionExplorer_UsesSampleProjectBeforeWorkspaceAndStandaloneStorage" storage="c:\users\ajaan\source\sdd-repos\birknext\aiassisted\frontend\birknext.web.tests\bin\debug\net8.0\birknext.web.tests.dll" id="c0330d5a-9aa3-5902-d854-34ef809951c9">
      <Execution id="f62517ed-8363-432d-81b1-ff447e79ab60" />
      <TestMethod codeBase="C:\Users\ajaan\source\sdd-repos\BirkNext\AIAssisted\frontend\BirkNext.Web.Tests\bin\Debug\net8.0\BirkNext.Web.Tests.dll" adapterTypeName="executor://xunit/VsTestRunner2/netcoreapp" className="BirkNext.Web.Tests.Pages.ExplorerPageSourceOfTruthTests" name="ConstitutionExplorer_UsesSampleProjectBeforeWorkspaceAndStandaloneStorage" />
    </UnitTest>
    <UnitTest name="BirkNext.Web.Tests.Services.ConstitutionSampleProjectResolverTests.ResolveAsync_MissingDocument_ReturnsNotFoundNotFallback" storage="c:\users\ajaan\source\sdd-repos\birknext\aiassisted\frontend\birknext.web.tests\bin\debug\net8.0\birknext.web.tests.dll" id="f145a492-2976-4d4a-b5ce-57eb5e1ef727">
      <Execution id="b32da8c7-431d-4265-a3dd-58e7d7d25c95" />
      <TestMethod codeBase="C:\Users\ajaan\source\sdd-repos\BirkNext\AIAssisted\frontend\BirkNext.Web.Tests\bin\Debug\net8.0\BirkNext.Web.Tests.dll" adapterTypeName="executor://xunit/VsTestRunner2/netcoreapp" className="BirkNext.Web.Tests.Services.ConstitutionSampleProjectResolverTests" name="ResolveAsync_MissingDocument_ReturnsNotFoundNotFallback" />
    </UnitTest>
    <UnitTest name="BirkNext.Web.Tests.Pages.DataModelExplorerSampleProjectTests.DataModelExplorer_DoesNotUseWorkspaceAsAutomaticSource" storage="c:\users\ajaan\source\sdd-repos\birknext\aiassisted\frontend\birknext.web.tests\bin\debug\net8.0\birknext.web.tests.dll" id="d724eea0-90bf-50a9-fcd3-dfa7e6ad7789">
      <Execution id="f40419fd-21e2-4fd1-aed5-6cfb4dd551b6" />
      <TestMethod codeBase="C:\Users\ajaan\source\sdd-repos\BirkNext\AIAssisted\frontend\BirkNext.Web.Tests\bin\Debug\net8.0\BirkNext.Web.Tests.dll" adapterTypeName="executor://xunit/VsTestRunner2/netcoreapp" className="BirkNext.Web.Tests.Pages.DataModelExplorerSampleProjectTests" name="DataModelExplorer_DoesNotUseWorkspaceAsAutomaticSource" />
    </UnitTest>
    <UnitTest name="BirkNext.Web.Tests.Pages.TaskExplorerSampleProjectTests.TaskExplorer_SwitchesProjects" storage="c:\users\ajaan\source\sdd-repos\birknext\aiassisted\frontend\birknext.web.tests\bin\debug\net8.0\birknext.web.tests.dll" id="1e841182-3e62-1b91-1d2b-78ba3be65986">
      <Execution id="d5aacd4e-35f4-4de6-aac5-f3f49d1c309c" />
      <TestMethod codeBase="C:\Users\ajaan\source\sdd-repos\BirkNext\AIAssisted\frontend\BirkNext.Web.Tests\bin\Debug\net8.0\BirkNext.Web.Tests.dll" adapterTypeName="executor://xunit/VsTestRunner2/netcoreapp" className="BirkNext.Web.Tests.Pages.TaskExplorerSampleProjectTests" name="TaskExplorer_SwitchesProjects" />
    </UnitTest>
    <UnitTest name="BirkNext.Web.Tests.Pages.ExplorerPageSourceOfTruthTests.ExplorerPages_UseStandaloneScratchWhenWorkspaceIsEmpty(storageKey: &quot;te-standalone-tasks&quot;, kind: Tasks, text: &quot;# Standalone Tasks&quot;)" storage="c:\users\ajaan\source\sdd-repos\birknext\aiassisted\frontend\birknext.web.tests\bin\debug\net8.0\birknext.web.tests.dll" id="e9d08b8c-5fee-a912-b302-12d5a96562cc">
      <Execution id="cbea7c65-f585-4202-a9b7-4e54a40f50a6" />
      <TestMethod codeBase="C:\Users\ajaan\source\sdd-repos\BirkNext\AIAssisted\frontend\BirkNext.Web.Tests\bin\Debug\net8.0\BirkNext.Web.Tests.dll" adapterTypeName="executor://xunit/VsTestRunner2/netcoreapp" className="BirkNext.Web.Tests.Pages.ExplorerPageSourceOfTruthTests" name="ExplorerPages_UseStandaloneScratchWhenWorkspaceIsEmpty" />
    </UnitTest>
    <UnitTest name="BirkNext.Web.Tests.Pages.SpecificationExplorerSampleProjectTests.SpecificationExplorer_ClearsProjectHeaderOnProjectDeselection" storage="c:\users\ajaan\source\sdd-repos\birknext\aiassisted\frontend\birknext.web.tests\bin\debug\net8.0\birknext.web.tests.dll" id="6b4ca3d7-8a60-225a-1fd5-cda22794b3bc">
      <Execution id="c59b2e7d-96c4-4701-8f88-bcaf0be163a1" />
      <TestMethod codeBase="C:\Users\ajaan\source\sdd-repos\BirkNext\AIAssisted\frontend\BirkNext.Web.Tests\bin\Debug\net8.0\BirkNext.Web.Tests.dll" adapterTypeName="executor://xunit/VsTestRunner2/netcoreapp" className="BirkNext.Web.Tests.Pages.SpecificationExplorerSampleProjectTests" name="SpecificationExplorer_ClearsProjectHeaderOnProjectDeselection" />
    </UnitTest>
    <UnitTest name="BirkNext.Web.Tests.Pages.SampleProjectsNavigationTests.ProjectSwitchingReplacesAllWorkspaceArtifacts" storage="c:\users\ajaan\source\sdd-repos\birknext\aiassisted\frontend\birknext.web.tests\bin\debug\net8.0\birknext.web.tests.dll" id="53bf0c73-4540-8f6e-25e2-c9c31a025c5c">
      <Execution id="330ce6e3-61e5-4443-bf7c-7e94c7a65f77" />
      <TestMethod codeBase="C:\Users\ajaan\source\sdd-repos\BirkNext\AIAssisted\frontend\BirkNext.Web.Tests\bin\Debug\net8.0\BirkNext.Web.Tests.dll" adapterTypeName="executor://xunit/VsTestRunner2/netcoreapp" className="BirkNext.Web.Tests.Pages.SampleProjectsNavigationTests" name="ProjectSwitchingReplacesAllWorkspaceArtifacts" />
    </UnitTest>
    <UnitTest name="BirkNext.Web.Tests.Pages.ExplorerPageSourceOfTruthTests.ConstitutionExplorer_UsesStandaloneScratchWhenWorkspaceIsEmpty" storage="c:\users\ajaan\source\sdd-repos\birknext\aiassisted\frontend\birknext.web.tests\bin\debug\net8.0\birknext.web.tests.dll" id="44dedde2-76e5-5ca4-7218-eb44e8b008dd">
      <Execution id="1104053a-1d1a-457a-a463-c5fa761caf2a" />
      <TestMethod codeBase="C:\Users\ajaan\source\sdd-repos\BirkNext\AIAssisted\frontend\BirkNext.Web.Tests\bin\Debug\net8.0\BirkNext.Web.Tests.dll" adapterTypeName="executor://xunit/VsTestRunner2/netcoreapp" className="BirkNext.Web.Tests.Pages.ExplorerPageSourceOfTruthTests" name="ConstitutionExplorer_UsesStandaloneScratchWhenWorkspaceIsEmpty" />
    </UnitTest>
    <UnitTest name="BirkNext.Web.Tests.Pages.SampleProjectsNavigationTests.FailedReviewerLoadDoesNotNavigateAndClearsStaleWorkspace" storage="c:\users\ajaan\source\sdd-repos\birknext\aiassisted\frontend\birknext.web.tests\bin\debug\net8.0\birknext.web.tests.dll" id="5c3c67e4-75c1-0363-ba13-68db69f9ef5f">
      <Execution id="bf34c00d-a888-4532-b699-4a0f6a2d2078" />
      <TestMethod codeBase="C:\Users\ajaan\source\sdd-repos\BirkNext\AIAssisted\frontend\BirkNext.Web.Tests\bin\Debug\net8.0\BirkNext.Web.Tests.dll" adapterTypeName="executor://xunit/VsTestRunner2/netcoreapp" className="BirkNext.Web.Tests.Pages.SampleProjectsNavigationTests" name="FailedReviewerLoadDoesNotNavigateAndClearsStaleWorkspace" />
    </UnitTest>
    <UnitTest name="BirkNext.Web.Tests.Pages.SpecificationExplorerSampleProjectTests.SpecificationExplorer_SwitchesProjects" storage="c:\users\ajaan\source\sdd-repos\birknext\aiassisted\frontend\birknext.web.tests\bin\debug\net8.0\birknext.web.tests.dll" id="d95a531c-3e7d-063e-7bf7-6be34dc86b11">
      <Execution id="703f2a4d-0a96-44a9-babe-45793e59fd86" />
      <TestMethod codeBase="C:\Users\ajaan\source\sdd-repos\BirkNext\AIAssisted\frontend\BirkNext.Web.Tests\bin\Debug\net8.0\BirkNext.Web.Tests.dll" adapterTypeName="executor://xunit/VsTestRunner2/netcoreapp" className="BirkNext.Web.Tests.Pages.SpecificationExplorerSampleProjectTests" name="SpecificationExplorer_SwitchesProjects" />
    </UnitTest>
    <UnitTest name="BirkNext.Web.Tests.Pages.DataModelExplorerSampleProjectTests.DataModelExplorer_ReloadsSameProjectWithoutDuplication" storage="c:\users\ajaan\source\sdd-repos\birknext\aiassisted\frontend\birknext.web.tests\bin\debug\net8.0\birknext.web.tests.dll" id="9dc270a1-be65-185d-ec4a-acf87eab7425">
      <Execution id="49da2091-8529-4319-bdf6-f4e54eba34f6" />
      <TestMethod codeBase="C:\Users\ajaan\source\sdd-repos\BirkNext\AIAssisted\frontend\BirkNext.Web.Tests\bin\Debug\net8.0\BirkNext.Web.Tests.dll" adapterTypeName="executor://xunit/VsTestRunner2/netcoreapp" className="BirkNext.Web.Tests.Pages.DataModelExplorerSampleProjectTests" name="DataModelExplorer_ReloadsSameProjectWithoutDuplication" />
    </UnitTest>
  </TestDefinitions>
  <TestEntries>
    <TestEntry testId="98f5c6b4-9483-7f80-0586-8f1d8565e4cd" executionId="8ccd553f-46a0-46f2-96a7-bd746227f46f" testListId="8c84fa94-04c1-424b-9868-57a2d4851a1d" />
    <TestEntry testId="a7269637-39b5-7aab-6f72-76469ab2d538" executionId="8cf3226f-c6f4-4d25-83fd-5ea27c8f3a69" testListId="8c84fa94-04c1-424b-9868-57a2d4851a1d" />
    <TestEntry testId="a5dd1463-501f-4b2b-6e11-7b1056736328" executionId="b3501f65-b771-42e1-bda7-c0b88505da0d" testListId="8c84fa94-04c1-424b-9868-57a2d4851a1d" />
    <TestEntry testId="210a0a54-cc52-8377-c39c-b079d2a02e0c" executionId="554858dc-7505-4b6e-be63-a588617fc27a" testListId="8c84fa94-04c1-424b-9868-57a2d4851a1d" />
    <TestEntry testId="c0330d5a-9aa3-5902-d854-34ef809951c9" executionId="f62517ed-8363-432d-81b1-ff447e79ab60" testListId="8c84fa94-04c1-424b-9868-57a2d4851a1d" />
    <TestEntry testId="285468a1-255d-a8c0-9516-b54e7d8a61af" executionId="bb204b18-9623-4d9f-97d9-17181ae54587" testListId="8c84fa94-04c1-424b-9868-57a2d4851a1d" />
    <TestEntry testId="53bf0c73-4540-8f6e-25e2-c9c31a025c5c" executionId="330ce6e3-61e5-4443-bf7c-7e94c7a65f77" testListId="8c84fa94-04c1-424b-9868-57a2d4851a1d" />
    <TestEntry testId="d95a531c-3e7d-063e-7bf7-6be34dc86b11" executionId="703f2a4d-0a96-44a9-babe-45793e59fd86" testListId="8c84fa94-04c1-424b-9868-57a2d4851a1d" />
    <TestEntry testId="c90edb55-07b9-1fca-bb4a-871e9064928e" executionId="2f7c769d-7f46-41c1-95c4-6b7d89fd7cb2" testListId="8c84fa94-04c1-424b-9868-57a2d4851a1d" />
    <TestEntry testId="86a2de7f-f961-bf03-d8df-0e0feaaab9f1" executionId="0a922d5b-545a-4ea9-8f36-9de37dab33f3" testListId="8c84fa94-04c1-424b-9868-57a2d4851a1d" />
    <TestEntry testId="3f7c9673-fb34-3ebc-3549-71605be8ddc3" executionId="ccef2799-19f0-4ae8-be84-19b68534544d" testListId="8c84fa94-04c1-424b-9868-57a2d4851a1d" />
    <TestEntry testId="de7b7f6f-ee56-7c22-3c30-ae59500068f4" executionId="65664444-8d2b-4298-8825-fa32fb7dce20" testListId="8c84fa94-04c1-424b-9868-57a2d4851a1d" />
    <TestEntry testId="e7db4ed3-cc9d-cc70-87ed-17664c9c575e" executionId="c9db0f86-2e57-4510-8f2b-f7f6a0658ede" testListId="8c84fa94-04c1-424b-9868-57a2d4851a1d" />
    <TestEntry testId="8c7a33d3-0135-dbcf-86fc-2bae288cf064" executionId="81265417-5e3a-4d6d-9541-f8218f714516" testListId="8c84fa94-04c1-424b-9868-57a2d4851a1d" />
    <TestEntry testId="e9d08b8c-5fee-a912-b302-12d5a96562cc" executionId="cbea7c65-f585-4202-a9b7-4e54a40f50a6" testListId="8c84fa94-04c1-424b-9868-57a2d4851a1d" />
    <TestEntry testId="1e841182-3e62-1b91-1d2b-78ba3be65986" executionId="d5aacd4e-35f4-4de6-aac5-f3f49d1c309c" testListId="8c84fa94-04c1-424b-9868-57a2d4851a1d" />
    <TestEntry testId="0b7ce24a-8b43-b28f-8855-601482aeeafe" executionId="f459fca6-26e4-4222-ada9-659837816282" testListId="8c84fa94-04c1-424b-9868-57a2d4851a1d" />
    <TestEntry testId="b6c2c4fe-31df-1c6f-ec94-0ab141847c62" executionId="d003fde4-9f14-44cc-bbad-fa8f5eae9813" testListId="8c84fa94-04c1-424b-9868-57a2d4851a1d" />
    <TestEntry testId="4dc64b36-df70-577e-a208-c27c7d897ca0" executionId="c9bfedb9-9b42-4461-9e47-e7c6fe8647cf" testListId="8c84fa94-04c1-424b-9868-57a2d4851a1d" />
    <TestEntry testId="6d79443a-1b89-96ae-8f2f-89168be6dd6c" executionId="02bf3d1c-21b9-40ce-be3d-ded54e8f292f" testListId="8c84fa94-04c1-424b-9868-57a2d4851a1d" />
    <TestEntry testId="ac1ac52e-e7eb-adad-58b4-c99b214e77b8" executionId="26d91ae8-7687-4dd2-86c2-b13c50913cc5" testListId="8c84fa94-04c1-424b-9868-57a2d4851a1d" />
    <TestEntry testId="ffc29bf8-f3dd-b510-ce83-47285427af94" executionId="47c1a5b1-dcd6-48b0-af99-2a0c3c56591a" testListId="8c84fa94-04c1-424b-9868-57a2d4851a1d" />
    <TestEntry testId="15cd6928-1add-eb11-822d-3e560fe58255" executionId="c6918d6c-12ac-483a-b65d-dc426c021283" testListId="8c84fa94-04c1-424b-9868-57a2d4851a1d" />
    <TestEntry testId="d423bedd-f4cc-c836-de95-67a83cd9df10" executionId="31705312-1f6d-45d0-9c87-2db94159630f" testListId="8c84fa94-04c1-424b-9868-57a2d4851a1d" />
    <TestEntry testId="ce146397-3612-bb8d-7a38-aa5137b3866d" executionId="73167671-1f95-4c8c-a97b-a4099d5d2182" testListId="8c84fa94-04c1-424b-9868-57a2d4851a1d" />
    <TestEntry testId="fddf3bb8-b4cf-bba8-7c93-5d1fad41ba51" executionId="aa035305-ea39-4c3c-bce8-511c8905e053" testListId="8c84fa94-04c1-424b-9868-57a2d4851a1d" />
    <TestEntry testId="d8249221-1eb5-2d07-b8ed-c5a903842fc4" executionId="2b68337b-7ca5-4306-b2fe-a55fb14e2870" testListId="8c84fa94-04c1-424b-9868-57a2d4851a1d" />
    <TestEntry testId="3fe1ae01-e415-f82b-ed7d-ff059eaf1f48" executionId="f3b8594c-9c5b-438a-952f-d4705a4572f6" testListId="8c84fa94-04c1-424b-9868-57a2d4851a1d" />
    <TestEntry testId="24c241a0-e179-101a-b5c8-31bc312ac61d" executionId="287fbf60-87d5-4c78-8bd8-a619b8a6c199" testListId="8c84fa94-04c1-424b-9868-57a2d4851a1d" />
    <TestEntry testId="9dc270a1-be65-185d-ec4a-acf87eab7425" executionId="49da2091-8529-4319-bdf6-f4e54eba34f6" testListId="8c84fa94-04c1-424b-9868-57a2d4851a1d" />
    <TestEntry testId="f431a49d-ede1-daa5-a835-253630a6b4a6" executionId="59386ee6-b6cc-490f-b088-8d0a1f11f650" testListId="8c84fa94-04c1-424b-9868-57a2d4851a1d" />
    <TestEntry testId="67831d69-4acb-1b28-4813-e4bcfe01c753" executionId="041b8ad7-bd20-404a-b412-d9f409854659" testListId="8c84fa94-04c1-424b-9868-57a2d4851a1d" />
    <TestEntry testId="d9d2d2c2-8f06-f6f8-3199-a330e46f746f" executionId="f7e21a4b-63f2-431e-a4aa-4fab993c2668" testListId="8c84fa94-04c1-424b-9868-57a2d4851a1d" />
    <TestEntry testId="da3f82c4-3f5a-3ce6-c628-3622499f8417" executionId="2875f86f-96eb-4d41-a267-0144af4f7984" testListId="8c84fa94-04c1-424b-9868-57a2d4851a1d" />
    <TestEntry testId="d3ae7e0e-185a-47a8-b3bf-d341692dfc80" executionId="da095570-49c7-4385-98f5-da9fda0589fe" testListId="8c84fa94-04c1-424b-9868-57a2d4851a1d" />
    <TestEntry testId="52cf2472-99ae-5b57-c080-cfa737263999" executionId="d3eddff4-e491-4134-a837-9a7dd3531e25" testListId="8c84fa94-04c1-424b-9868-57a2d4851a1d" />
    <TestEntry testId="d724eea0-90bf-50a9-fcd3-dfa7e6ad7789" executionId="f40419fd-21e2-4fd1-aed5-6cfb4dd551b6" testListId="8c84fa94-04c1-424b-9868-57a2d4851a1d" />
    <TestEntry testId="af29c175-8d65-4ec5-1060-8fd2ce3c4950" executionId="d3091020-3863-42d4-968c-6bf98da8eafe" testListId="8c84fa94-04c1-424b-9868-57a2d4851a1d" />
    <TestEntry testId="6de0d571-848a-ecb0-ab60-525436eee8c3" executionId="65a91ea4-b491-43fe-a23a-e58e1cee6ded" testListId="8c84fa94-04c1-424b-9868-57a2d4851a1d" />
    <TestEntry testId="6664db61-527e-d74c-bb53-bded492adedd" executionId="9d8f1d63-be4d-4778-90ab-333d3d2c9e9f" testListId="8c84fa94-04c1-424b-9868-57a2d4851a1d" />
    <TestEntry testId="c68c50ce-25fd-8602-4f14-05b23856e6d4" executionId="1086ebab-9da6-4f1c-926a-d9120cfa884f" testListId="8c84fa94-04c1-424b-9868-57a2d4851a1d" />
    <TestEntry testId="aa5841b6-9f68-7b8a-4f0d-ff5c4c9ae13a" executionId="11a1ebfe-d370-4643-92d9-cfe172f4a7c1" testListId="8c84fa94-04c1-424b-9868-57a2d4851a1d" />
    <TestEntry testId="6b4ca3d7-8a60-225a-1fd5-cda22794b3bc" executionId="c59b2e7d-96c4-4701-8f88-bcaf0be163a1" testListId="8c84fa94-04c1-424b-9868-57a2d4851a1d" />
    <TestEntry testId="c35ab415-83bc-20b2-a92c-df1979a35f02" executionId="16779217-4056-47dc-a37c-c6b35cfc17cc" testListId="8c84fa94-04c1-424b-9868-57a2d4851a1d" />
    <TestEntry testId="0a4d6b64-3ec5-0804-bb1d-ad3cf97d6653" executionId="76d26b81-d77f-4c67-9bac-cd50a94fc2f7" testListId="8c84fa94-04c1-424b-9868-57a2d4851a1d" />
    <TestEntry testId="8f00e84b-4dad-f948-eac0-34b2255a3a21" executionId="849ac223-a329-4bda-b317-c8ffc5a48fe7" testListId="8c84fa94-04c1-424b-9868-57a2d4851a1d" />
    <TestEntry testId="31ffab3f-3d8b-a8d7-0147-c12629662658" executionId="d3e6d8c9-219c-4383-8165-ce8df77f538a" testListId="8c84fa94-04c1-424b-9868-57a2d4851a1d" />
    <TestEntry testId="ecbd8a29-c620-a079-1aaf-86d7f1f936f3" executionId="3f6ba7e2-cd0d-497a-87e8-86e619efa2fd" testListId="8c84fa94-04c1-424b-9868-57a2d4851a1d" />
    <TestEntry testId="44dedde2-76e5-5ca4-7218-eb44e8b008dd" executionId="1104053a-1d1a-457a-a463-c5fa761caf2a" testListId="8c84fa94-04c1-424b-9868-57a2d4851a1d" />
    <TestEntry testId="58bc011a-9089-4334-d3ca-2478e3f66da2" executionId="e6e8c34c-2a84-479b-aa57-30910ff47e05" testListId="8c84fa94-04c1-424b-9868-57a2d4851a1d" />
    <TestEntry testId="5c3c67e4-75c1-0363-ba13-68db69f9ef5f" executionId="bf34c00d-a888-4532-b699-4a0f6a2d2078" testListId="8c84fa94-04c1-424b-9868-57a2d4851a1d" />
    <TestEntry testId="0ae1576b-e762-21a4-2222-3fdc03eb3b42" executionId="1b65cfdb-78a7-4d13-9398-f3b6b2b0a408" testListId="8c84fa94-04c1-424b-9868-57a2d4851a1d" />
    <TestEntry testId="f145a492-2976-4d4a-b5ce-57eb5e1ef727" executionId="b32da8c7-431d-4265-a3dd-58e7d7d25c95" testListId="8c84fa94-04c1-424b-9868-57a2d4851a1d" />
    <TestEntry testId="47a95918-18ba-a459-fdc1-db35919eab54" executionId="3c271012-7704-46cc-9fb5-df7e5e2a26ac" testListId="8c84fa94-04c1-424b-9868-57a2d4851a1d" />
    <TestEntry testId="361d28a4-5784-5d97-d94e-cae21b8f6c51" executionId="28dad088-baa1-4862-8bf0-a38294c920fb" testListId="8c84fa94-04c1-424b-9868-57a2d4851a1d" />
  </TestEntries>
  <TestLists>
    <TestList name="Results Not in a List" id="8c84fa94-04c1-424b-9868-57a2d4851a1d" />
    <TestList name="All Loaded Results" id="19431567-8539-422a-85d7-44ee4e166bda" />
  </TestLists>
  <ResultSummary outcome="Completed">
    <Counters total="55" executed="55" passed="55" failed="0" error="0" timeout="0" aborted="0" inconclusive="0" passedButRunAborted="0" notRunnable="0" notExecuted="0" disconnected="0" warning="0" completed="0" inProgress="0" pending="0" />
    <Output>
      <StdOut>[xUnit.net 00:00:00.00] xUnit.net VSTest Adapter v2.5.3.1+6b60a9e56a (64-bit .NET 8.0.16)&#xD;
[xUnit.net 00:00:03.84]   Discovering: BirkNext.Web.Tests&#xD;
[xUnit.net 00:00:03.96]   Discovered:  BirkNext.Web.Tests&#xD;
[xUnit.net 00:00:03.97]   Starting:    BirkNext.Web.Tests&#xD;
     Warning:&#xD;
     The component "Fluent Assertions" is governed by the rules defined in the Xceed License Agreement and&#xD;
     the Xceed Fluent Assertions Community License. You may use Fluent Assertions free of charge for&#xD;
     non-commercial use only. An active subscription is required to use Fluent Assertions for commercial use.&#xD;
     Please contact Xceed Sales mailto:sales@xceed.com to acquire a subscription at a very low cost.&#xD;
     A paid commercial license supports the development and continued increasing support of&#xD;
     Fluent Assertions users under both commercial and community licenses. Help us&#xD;
     keep Fluent Assertions at the forefront of unit testing.&#xD;
     For more information, visit https://xceed.com/products/unit-testing/fluent-assertions/&#xD;
[xUnit.net 00:00:07.75]   Finished:    BirkNext.Web.Tests&#xD;
</StdOut>
    </Output>
  </ResultSummary>
</TestRun>