<?xml version="1.0" encoding="utf-8"?>
<TestRun id="a0bab98c-b03d-45a0-a875-aed3643e3e7d" name="ajaan@BUF-5CG4423FYV 2026-08-17 12:16:56" runUser="COMMON\ajaan" xmlns="http://microsoft.com/schemas/VisualStudio/TeamTest/2010">
  <Times creation="2026-08-17T12:16:56.0812107+02:00" queuing="2026-08-17T12:16:56.0812111+02:00" start="2026-08-17T12:16:55.4119187+02:00" finish="2026-08-17T12:16:56.3747695+02:00" />
  <TestSettings name="default" id="08a182ea-9146-4c5d-9334-14ca6d879839">
    <Deployment runDeploymentRoot="ajaan_BUF-5CG4423FYV_2026-08-17_12_16_56" />
  </TestSettings>
  <Results>
    <UnitTestResult executionId="ca52b235-f8a5-4d7a-a598-0e9745f5f63f" testId="ce146397-3612-bb8d-7a38-aa5137b3866d" testName="BirkNext.Web.Tests.Pages.TaskExplorerSampleProjectTests.TaskExplorer_ClearsProjectHeaderOnProjectDeselection" computerName="BUF-5CG4423FYV" duration="00:00:00.0020706" startTime="2026-08-17T12:16:56.2696134+02:00" endTime="2026-08-17T12:16:56.2696135+02:00" testType="13cdc9d9-ddb5-4fa4-a97d-d965ccfc6d4b" outcome="Passed" testListId="8c84fa94-04c1-424b-9868-57a2d4851a1d" relativeResultsDirectory="ca52b235-f8a5-4d7a-a598-0e9745f5f63f" />
    <UnitTestResult executionId="76a5504a-97e1-4121-b53c-c609d9e8a6f0" testId="b6c2c4fe-31df-1c6f-ec94-0ab141847c62" testName="BirkNext.Web.Tests.Pages.SampleProjectsNavigationTests.ReviewerLinksLoadSelectedProjectBeforeNavigating(reviewerName: &quot;Specification Review&quot;, expectedRoute: &quot;/extract&quot;, expectedKind: Specification, expectedText: &quot;PERSON spec.md&quot;)" computerName="BUF-5CG4423FYV" duration="00:00:00.0035865" startTime="2026-08-17T12:16:56.2887788+02:00" endTime="2026-08-17T12:16:56.2887789+02:00" testType="13cdc9d9-ddb5-4fa4-a97d-d965ccfc6d4b" outcome="Passed" testListId="8c84fa94-04c1-424b-9868-57a2d4851a1d" relativeResultsDirectory="76a5504a-97e1-4121-b53c-c609d9e8a6f0" />
    <UnitTestResult executionId="0139483e-e602-4f66-8d40-a18864ec81cf" testId="24c241a0-e179-101a-b5c8-31bc312ac61d" testName="BirkNext.Web.Tests.Pages.DataModelExplorerSampleProjectTests.DataModelExplorer_SwitchesProjects" computerName="BUF-5CG4423FYV" duration="00:00:00.0018116" startTime="2026-08-17T12:16:56.2384658+02:00" endTime="2026-08-17T12:16:56.2384660+02:00" testType="13cdc9d9-ddb5-4fa4-a97d-d965ccfc6d4b" outcome="Passed" testListId="8c84fa94-04c1-424b-9868-57a2d4851a1d" relativeResultsDirectory="0139483e-e602-4f66-8d40-a18864ec81cf" />
    <UnitTestResult executionId="944312bd-0fec-45f1-98e0-264a1f2b671e" testId="ecbd8a29-c620-a079-1aaf-86d7f1f936f3" testName="BirkNext.Web.Tests.Pages.DataModelExplorerSampleProjectTests.DataModelExplorer_HandlesEmptySelectedProject" computerName="BUF-5CG4423FYV" duration="00:00:00.0012503" startTime="2026-08-17T12:16:56.2397823+02:00" endTime="2026-08-17T12:16:56.2397825+02:00" testType="13cdc9d9-ddb5-4fa4-a97d-d965ccfc6d4b" outcome="Passed" testListId="8c84fa94-04c1-424b-9868-57a2d4851a1d" relativeResultsDirectory="944312bd-0fec-45f1-98e0-264a1f2b671e" />
    <UnitTestResult executionId="c5d64946-c51d-4185-b7fe-0eb2f26da0c3" testId="a7269637-39b5-7aab-6f72-76469ab2d538" testName="BirkNext.Web.Tests.Pages.PlanExplorerSampleProjectTests.PlanExplorer_ReloadsSameProjectWithoutDuplication" computerName="BUF-5CG4423FYV" duration="00:00:00.0069597" startTime="2026-08-17T12:16:56.2088338+02:00" endTime="2026-08-17T12:16:56.2088340+02:00" testType="13cdc9d9-ddb5-4fa4-a97d-d965ccfc6d4b" outcome="Passed" testListId="8c84fa94-04c1-424b-9868-57a2d4851a1d" relativeResultsDirectory="c5d64946-c51d-4185-b7fe-0eb2f26da0c3" />
    <UnitTestResult executionId="2861d6fc-c5d6-45be-a8c9-6a241afaf68d" testId="da3f82c4-3f5a-3ce6-c628-3622499f8417" testName="BirkNext.Web.Tests.Pages.SpecificationExplorerSampleProjectTests.SpecificationExplorer_LoadsFromSelectedSampleProject" computerName="BUF-5CG4423FYV" duration="00:00:00.0142566" startTime="2026-08-17T12:16:56.2461329+02:00" endTime="2026-08-17T12:16:56.2461331+02:00" testType="13cdc9d9-ddb5-4fa4-a97d-d965ccfc6d4b" outcome="Passed" testListId="8c84fa94-04c1-424b-9868-57a2d4851a1d" relativeResultsDirectory="2861d6fc-c5d6-45be-a8c9-6a241afaf68d" />
    <UnitTestResult executionId="8521f425-341c-4e09-8901-682d6e5e1778" testId="9dc270a1-be65-185d-ec4a-acf87eab7425" testName="BirkNext.Web.Tests.Pages.DataModelExplorerSampleProjectTests.DataModelExplorer_ReloadsSameProjectWithoutDuplication" computerName="BUF-5CG4423FYV" duration="00:00:00.0021751" startTime="2026-08-17T12:16:56.2339578+02:00" endTime="2026-08-17T12:16:56.2339580+02:00" testType="13cdc9d9-ddb5-4fa4-a97d-d965ccfc6d4b" outcome="Passed" testListId="8c84fa94-04c1-424b-9868-57a2d4851a1d" relativeResultsDirectory="8521f425-341c-4e09-8901-682d6e5e1778" />
    <UnitTestResult executionId="a9ff5920-6259-40f4-a3bc-120c754bb455" testId="c0330d5a-9aa3-5902-d854-34ef809951c9" testName="BirkNext.Web.Tests.Pages.ExplorerPageSourceOfTruthTests.ConstitutionExplorer_UsesSampleProjectBeforeWorkspaceAndStandaloneStorage" computerName="BUF-5CG4423FYV" duration="00:00:00.0270457" startTime="2026-08-17T12:16:56.2588965+02:00" endTime="2026-08-17T12:16:56.2588968+02:00" testType="13cdc9d9-ddb5-4fa4-a97d-d965ccfc6d4b" outcome="Passed" testListId="8c84fa94-04c1-424b-9868-57a2d4851a1d" relativeResultsDirectory="a9ff5920-6259-40f4-a3bc-120c754bb455" />
    <UnitTestResult executionId="a7248397-5f2c-44d8-ae2d-9153c93c207e" testId="8c7a33d3-0135-dbcf-86fc-2bae288cf064" testName="BirkNext.Web.Tests.Pages.PlanExplorerSampleProjectTests.PlanExplorer_DoesNotUseWorkspaceAsAutomaticSource" computerName="BUF-5CG4423FYV" duration="00:00:00.0022720" startTime="2026-08-17T12:16:56.2158397+02:00" endTime="2026-08-17T12:16:56.2158399+02:00" testType="13cdc9d9-ddb5-4fa4-a97d-d965ccfc6d4b" outcome="Passed" testListId="8c84fa94-04c1-424b-9868-57a2d4851a1d" relativeResultsDirectory="a7248397-5f2c-44d8-ae2d-9153c93c207e" />
    <UnitTestResult executionId="83a235b6-de65-4dca-bd8f-6d9073ee2208" testId="d95a531c-3e7d-063e-7bf7-6be34dc86b11" testName="BirkNext.Web.Tests.Pages.SpecificationExplorerSampleProjectTests.SpecificationExplorer_SwitchesProjects" computerName="BUF-5CG4423FYV" duration="00:00:00.0029496" startTime="2026-08-17T12:16:56.2521357+02:00" endTime="2026-08-17T12:16:56.2521359+02:00" testType="13cdc9d9-ddb5-4fa4-a97d-d965ccfc6d4b" outcome="Passed" testListId="8c84fa94-04c1-424b-9868-57a2d4851a1d" relativeResultsDirectory="83a235b6-de65-4dca-bd8f-6d9073ee2208" />
    <UnitTestResult executionId="4ebf7fbe-f849-48e3-9f08-8715c0764b00" testId="f431a49d-ede1-daa5-a835-253630a6b4a6" testName="BirkNext.Web.Tests.Pages.TaskExplorerSampleProjectTests.TaskExplorer_DoesNotUseWorkspaceAsAutomaticSource" computerName="BUF-5CG4423FYV" duration="00:00:00.2673563" startTime="2026-08-17T12:16:56.2157278+02:00" endTime="2026-08-17T12:16:56.2157279+02:00" testType="13cdc9d9-ddb5-4fa4-a97d-d965ccfc6d4b" outcome="Passed" testListId="8c84fa94-04c1-424b-9868-57a2d4851a1d" relativeResultsDirectory="4ebf7fbe-f849-48e3-9f08-8715c0764b00" />
    <UnitTestResult executionId="fde0608c-2d6a-4f80-8243-60c26c2899e9" testId="f145a492-2976-4d4a-b5ce-57eb5e1ef727" testName="BirkNext.Web.Tests.Services.ConstitutionSampleProjectResolverTests.ResolveAsync_MissingDocument_ReturnsNotFoundNotFallback" computerName="BUF-5CG4423FYV" duration="00:00:00.0006125" startTime="2026-08-17T12:16:56.0611960+02:00" endTime="2026-08-17T12:16:56.0611960+02:00" testType="13cdc9d9-ddb5-4fa4-a97d-d965ccfc6d4b" outcome="Passed" testListId="8c84fa94-04c1-424b-9868-57a2d4851a1d" relativeResultsDirectory="fde0608c-2d6a-4f80-8243-60c26c2899e9" />
    <UnitTestResult executionId="659e46a7-3d80-455d-bea2-00804064e376" testId="285468a1-255d-a8c0-9516-b54e7d8a61af" testName="BirkNext.Web.Tests.Pages.SpecificationExplorerSampleProjectTests.SpecificationExplorer_ReloadsSameProjectWithoutDuplication" computerName="BUF-5CG4423FYV" duration="00:00:00.0026766" startTime="2026-08-17T12:16:56.2573263+02:00" endTime="2026-08-17T12:16:56.2573266+02:00" testType="13cdc9d9-ddb5-4fa4-a97d-d965ccfc6d4b" outcome="Passed" testListId="8c84fa94-04c1-424b-9868-57a2d4851a1d" relativeResultsDirectory="659e46a7-3d80-455d-bea2-00804064e376" />
    <UnitTestResult executionId="54bea514-3e2f-47c9-9aff-fffb028f7bca" testId="d3ae7e0e-185a-47a8-b3bf-d341692dfc80" testName="BirkNext.Web.Tests.Pages.DataModelExplorerSampleProjectTests.DataModelExplorer_ClearsProjectHeaderOnProjectDeselection" computerName="BUF-5CG4423FYV" duration="00:00:00.0025040" startTime="2026-08-17T12:16:56.2366605+02:00" endTime="2026-08-17T12:16:56.2366606+02:00" testType="13cdc9d9-ddb5-4fa4-a97d-d965ccfc6d4b" outcome="Passed" testListId="8c84fa94-04c1-424b-9868-57a2d4851a1d" relativeResultsDirectory="54bea514-3e2f-47c9-9aff-fffb028f7bca" />
    <UnitTestResult executionId="e73a6bfb-bee3-4137-9c2d-4dc98adf3317" testId="c90edb55-07b9-1fca-bb4a-871e9064928e" testName="BirkNext.Web.Tests.Services.ConstitutionSampleProjectResolverTests.SetSelectedProject_UpdatesContext" computerName="BUF-5CG4423FYV" duration="00:00:00.0108127" startTime="2026-08-17T12:16:56.0441935+02:00" endTime="2026-08-17T12:16:56.0441940+02:00" testType="13cdc9d9-ddb5-4fa4-a97d-d965ccfc6d4b" outcome="Passed" testListId="8c84fa94-04c1-424b-9868-57a2d4851a1d" relativeResultsDirectory="e73a6bfb-bee3-4137-9c2d-4dc98adf3317" />
    <UnitTestResult executionId="b10a53a4-4e74-456a-a203-5c3118f1d722" testId="67831d69-4acb-1b28-4813-e4bcfe01c753" testName="BirkNext.Web.Tests.Pages.SampleProjectsNavigationTests.ReviewerLinksLoadSelectedProjectBeforeNavigating(reviewerName: &quot;Constitution Explorer&quot;, expectedRoute: &quot;/constitution-explorer&quot;, expectedKind: Constitution, expectedText: &quot;PERSON constitution.md&quot;)" computerName="BUF-5CG4423FYV" duration="00:00:00.0036783" startTime="2026-08-17T12:16:56.2925548+02:00" endTime="2026-08-17T12:16:56.2925549+02:00" testType="13cdc9d9-ddb5-4fa4-a97d-d965ccfc6d4b" outcome="Passed" testListId="8c84fa94-04c1-424b-9868-57a2d4851a1d" relativeResultsDirectory="b10a53a4-4e74-456a-a203-5c3118f1d722" />
    <UnitTestResult executionId="1251d077-6ed7-40ed-acb8-eb660be9f6e5" testId="4dc64b36-df70-577e-a208-c27c7d897ca0" testName="BirkNext.Web.Tests.Services.ConstitutionSampleProjectResolverTests.GetAvailableProjectsAsync_ReturnsOnlySampleDataProjects" computerName="BUF-5CG4423FYV" duration="00:00:00.0036153" startTime="2026-08-17T12:16:56.0610372+02:00" endTime="2026-08-17T12:16:56.0610372+02:00" testType="13cdc9d9-ddb5-4fa4-a97d-d965ccfc6d4b" outcome="Passed" testListId="8c84fa94-04c1-424b-9868-57a2d4851a1d" relativeResultsDirectory="1251d077-6ed7-40ed-acb8-eb660be9f6e5" />
    <UnitTestResult executionId="3e372914-f506-4096-87eb-c3ea0fe48956" testId="15cd6928-1add-eb11-822d-3e560fe58255" testName="BirkNext.Web.Tests.Pages.ExplorerPageSourceOfTruthTests.ExplorerPages_UseStandaloneScratchWhenWorkspaceIsEmpty(storageKey: &quot;pe-standalone-plan&quot;, kind: Plan, text: &quot;# Standalone Plan&quot;)" computerName="BUF-5CG4423FYV" duration="00:00:00.0080218" startTime="2026-08-17T12:16:56.2099486+02:00" endTime="2026-08-17T12:16:56.2099487+02:00" testType="13cdc9d9-ddb5-4fa4-a97d-d965ccfc6d4b" outcome="Passed" testListId="8c84fa94-04c1-424b-9868-57a2d4851a1d" relativeResultsDirectory="3e372914-f506-4096-87eb-c3ea0fe48956" />
    <UnitTestResult executionId="8538f613-8299-4da2-b356-3b04d572e6af" testId="5c3c67e4-75c1-0363-ba13-68db69f9ef5f" testName="BirkNext.Web.Tests.Pages.SampleProjectsNavigationTests.FailedReviewerLoadDoesNotNavigateAndClearsStaleWorkspace" computerName="BUF-5CG4423FYV" duration="00:00:00.0065145" startTime="2026-08-17T12:16:56.3279829+02:00" endTime="2026-08-17T12:16:56.3279830+02:00" testType="13cdc9d9-ddb5-4fa4-a97d-d965ccfc6d4b" outcome="Passed" testListId="8c84fa94-04c1-424b-9868-57a2d4851a1d" relativeResultsDirectory="8538f613-8299-4da2-b356-3b04d572e6af" />
    <UnitTestResult executionId="4d1e91a8-2fdc-46b8-bef4-bfe000cbb7da" testId="ac1ac52e-e7eb-adad-58b4-c99b214e77b8" testName="BirkNext.Web.Tests.Pages.TaskExplorerSampleProjectTests.TaskExplorer_HandlesEmptySelectedProject" computerName="BUF-5CG4423FYV" duration="00:00:00.0011028" startTime="2026-08-17T12:16:56.2727897+02:00" endTime="2026-08-17T12:16:56.2727898+02:00" testType="13cdc9d9-ddb5-4fa4-a97d-d965ccfc6d4b" outcome="Passed" testListId="8c84fa94-04c1-424b-9868-57a2d4851a1d" relativeResultsDirectory="4d1e91a8-2fdc-46b8-bef4-bfe000cbb7da" />
    <UnitTestResult executionId="ff249811-1752-403d-abcc-6a37558e7c78" testId="aa5841b6-9f68-7b8a-4f0d-ff5c4c9ae13a" testName="BirkNext.Web.Tests.Pages.SampleProjectsNavigationTests.ReviewerLinksLoadSelectedProjectBeforeNavigating(reviewerName: &quot;Plan Explorer&quot;, expectedRoute: &quot;/plan-explorer&quot;, expectedKind: Plan, expectedText: &quot;PERSON plan.md&quot;)" computerName="BUF-5CG4423FYV" duration="00:00:00.0043538" startTime="2026-08-17T12:16:56.2851782+02:00" endTime="2026-08-17T12:16:56.2851783+02:00" testType="13cdc9d9-ddb5-4fa4-a97d-d965ccfc6d4b" outcome="Passed" testListId="8c84fa94-04c1-424b-9868-57a2d4851a1d" relativeResultsDirectory="ff249811-1752-403d-abcc-6a37558e7c78" />
    <UnitTestResult executionId="7daa73ad-e0f3-4409-911b-bc9bf70a35d6" testId="d423bedd-f4cc-c836-de95-67a83cd9df10" testName="BirkNext.Web.Tests.Pages.TaskExplorerSampleProjectTests.TaskExplorer_DifferentTaskIDsDoNotLeakBetweenProjects" computerName="BUF-5CG4423FYV" duration="00:00:00.0022196" startTime="2026-08-17T12:16:56.2750697+02:00" endTime="2026-08-17T12:16:56.2750699+02:00" testType="13cdc9d9-ddb5-4fa4-a97d-d965ccfc6d4b" outcome="Passed" testListId="8c84fa94-04c1-424b-9868-57a2d4851a1d" relativeResultsDirectory="7daa73ad-e0f3-4409-911b-bc9bf70a35d6" />
    <UnitTestResult executionId="95af1c3b-79de-4e8c-be7b-8e64c4075aaa" testId="31ffab3f-3d8b-a8d7-0147-c12629662658" testName="BirkNext.Web.Tests.Pages.DataModelExplorerSampleProjectTests.DataModelExplorer_DifferentDataModelsDoNotLeakBetweenProjects" computerName="BUF-5CG4423FYV" duration="00:00:00.2708310" startTime="2026-08-17T12:16:56.2190344+02:00" endTime="2026-08-17T12:16:56.2190346+02:00" testType="13cdc9d9-ddb5-4fa4-a97d-d965ccfc6d4b" outcome="Passed" testListId="8c84fa94-04c1-424b-9868-57a2d4851a1d" relativeResultsDirectory="95af1c3b-79de-4e8c-be7b-8e64c4075aaa" />
    <UnitTestResult executionId="65515d24-a9ee-460c-b150-58e97d317cf5" testId="53bf0c73-4540-8f6e-25e2-c9c31a025c5c" testName="BirkNext.Web.Tests.Pages.SampleProjectsNavigationTests.ProjectSwitchingReplacesAllWorkspaceArtifacts" computerName="BUF-5CG4423FYV" duration="00:00:00.0068344" startTime="2026-08-17T12:16:56.3214785+02:00" endTime="2026-08-17T12:16:56.3214786+02:00" testType="13cdc9d9-ddb5-4fa4-a97d-d965ccfc6d4b" outcome="Passed" testListId="8c84fa94-04c1-424b-9868-57a2d4851a1d" relativeResultsDirectory="65515d24-a9ee-460c-b150-58e97d317cf5" />
    <UnitTestResult executionId="71a404e7-4ff3-4c6b-9dd1-f1c6a820a3c0" testId="af29c175-8d65-4ec5-1060-8fd2ce3c4950" testName="BirkNext.Web.Tests.Pages.TaskExplorerSampleProjectTests.TaskExplorer_ReloadsSameProjectWithoutDuplication" computerName="BUF-5CG4423FYV" duration="00:00:00.0020208" startTime="2026-08-17T12:16:56.2716896+02:00" endTime="2026-08-17T12:16:56.2716897+02:00" testType="13cdc9d9-ddb5-4fa4-a97d-d965ccfc6d4b" outcome="Passed" testListId="8c84fa94-04c1-424b-9868-57a2d4851a1d" relativeResultsDirectory="71a404e7-4ff3-4c6b-9dd1-f1c6a820a3c0" />
    <UnitTestResult executionId="4d80e202-82ec-4dbf-ae5a-bd737dc566da" testId="86a2de7f-f961-bf03-d8df-0e0feaaab9f1" testName="BirkNext.Web.Tests.Pages.SpecificationExplorerSampleProjectTests.SpecificationExplorer_HandlesEmptySelectedProject" computerName="BUF-5CG4423FYV" duration="00:00:00.0122607" startTime="2026-08-17T12:16:56.2317289+02:00" endTime="2026-08-17T12:16:56.2317290+02:00" testType="13cdc9d9-ddb5-4fa4-a97d-d965ccfc6d4b" outcome="Passed" testListId="8c84fa94-04c1-424b-9868-57a2d4851a1d" relativeResultsDirectory="4d80e202-82ec-4dbf-ae5a-bd737dc566da" />
    <UnitTestResult executionId="413750d8-dd97-4a04-b2b4-4f3e5b9c40bd" testId="44dedde2-76e5-5ca4-7218-eb44e8b008dd" testName="BirkNext.Web.Tests.Pages.ExplorerPageSourceOfTruthTests.ConstitutionExplorer_UsesStandaloneScratchWhenWorkspaceIsEmpty" computerName="BUF-5CG4423FYV" duration="00:00:00.0020591" startTime="2026-08-17T12:16:56.2638635+02:00" endTime="2026-08-17T12:16:56.2638636+02:00" testType="13cdc9d9-ddb5-4fa4-a97d-d965ccfc6d4b" outcome="Passed" testListId="8c84fa94-04c1-424b-9868-57a2d4851a1d" relativeResultsDirectory="413750d8-dd97-4a04-b2b4-4f3e5b9c40bd" />
    <UnitTestResult executionId="4b77846e-4a21-4ec1-80ca-beee8a79fe32" testId="1e841182-3e62-1b91-1d2b-78ba3be65986" testName="BirkNext.Web.Tests.Pages.TaskExplorerSampleProjectTests.TaskExplorer_SwitchesProjects" computerName="BUF-5CG4423FYV" duration="00:00:00.0021678" startTime="2026-08-17T12:16:56.2772611+02:00" endTime="2026-08-17T12:16:56.2772612+02:00" testType="13cdc9d9-ddb5-4fa4-a97d-d965ccfc6d4b" outcome="Passed" testListId="8c84fa94-04c1-424b-9868-57a2d4851a1d" relativeResultsDirectory="4b77846e-4a21-4ec1-80ca-beee8a79fe32" />
    <UnitTestResult executionId="03e9caff-50c8-4fb9-9836-abb5caebfe65" testId="0a4d6b64-3ec5-0804-bb1d-ad3cf97d6653" testName="BirkNext.Web.Tests.Pages.PlanExplorerSampleProjectTests.PlanExplorer_ClearsProjectHeaderOnProjectDeselection" computerName="BUF-5CG4423FYV" duration="00:00:00.0026749" startTime="2026-08-17T12:16:56.2134690+02:00" endTime="2026-08-17T12:16:56.2134692+02:00" testType="13cdc9d9-ddb5-4fa4-a97d-d965ccfc6d4b" outcome="Passed" testListId="8c84fa94-04c1-424b-9868-57a2d4851a1d" relativeResultsDirectory="03e9caff-50c8-4fb9-9836-abb5caebfe65" />
    <UnitTestResult executionId="c2ddd575-d6b5-4560-8167-b19e433464fd" testId="e9d08b8c-5fee-a912-b302-12d5a96562cc" testName="BirkNext.Web.Tests.Pages.ExplorerPageSourceOfTruthTests.ExplorerPages_UseStandaloneScratchWhenWorkspaceIsEmpty(storageKey: &quot;te-standalone-tasks&quot;, kind: Tasks, text: &quot;# Standalone Tasks&quot;)" computerName="BUF-5CG4423FYV" duration="00:00:00.0091162" startTime="2026-08-17T12:16:56.2299418+02:00" endTime="2026-08-17T12:16:56.2299419+02:00" testType="13cdc9d9-ddb5-4fa4-a97d-d965ccfc6d4b" outcome="Passed" testListId="8c84fa94-04c1-424b-9868-57a2d4851a1d" relativeResultsDirectory="c2ddd575-d6b5-4560-8167-b19e433464fd" />
    <UnitTestResult executionId="7ae2c748-b124-4f62-81cf-13ec16ce0bb4" testId="0ae1576b-e762-21a4-2222-3fdc03eb3b42" testName="BirkNext.Web.Tests.Pages.SpecificationExplorerSampleProjectTests.SpecificationExplorer_ShowsMissingStateWhenSpecNotFound" computerName="BUF-5CG4423FYV" duration="00:00:00.0012489" startTime="2026-08-17T12:16:56.2473831+02:00" endTime="2026-08-17T12:16:56.2473833+02:00" testType="13cdc9d9-ddb5-4fa4-a97d-d965ccfc6d4b" outcome="Passed" testListId="8c84fa94-04c1-424b-9868-57a2d4851a1d" relativeResultsDirectory="7ae2c748-b124-4f62-81cf-13ec16ce0bb4" />
    <UnitTestResult executionId="8692dd78-d39e-4eb1-8d8e-38289f83cadd" testId="d9d2d2c2-8f06-f6f8-3199-a330e46f746f" testName="BirkNext.Web.Tests.Pages.PlanExplorerSampleProjectTests.PlanExplorer_HandlesEmptySelectedProject" computerName="BUF-5CG4423FYV" duration="00:00:00.0016802" startTime="2026-08-17T12:16:56.2175583+02:00" endTime="2026-08-17T12:16:56.2175584+02:00" testType="13cdc9d9-ddb5-4fa4-a97d-d965ccfc6d4b" outcome="Passed" testListId="8c84fa94-04c1-424b-9868-57a2d4851a1d" relativeResultsDirectory="8692dd78-d39e-4eb1-8d8e-38289f83cadd" />
    <UnitTestResult executionId="e98039e1-eb85-424e-87af-5b0cd306d679" testId="d724eea0-90bf-50a9-fcd3-dfa7e6ad7789" testName="BirkNext.Web.Tests.Pages.DataModelExplorerSampleProjectTests.DataModelExplorer_DoesNotUseWorkspaceAsAutomaticSource" computerName="BUF-5CG4423FYV" duration="00:00:00.0013158" startTime="2026-08-17T12:16:56.2411323+02:00" endTime="2026-08-17T12:16:56.2411324+02:00" testType="13cdc9d9-ddb5-4fa4-a97d-d965ccfc6d4b" outcome="Passed" testListId="8c84fa94-04c1-424b-9868-57a2d4851a1d" relativeResultsDirectory="e98039e1-eb85-424e-87af-5b0cd306d679" />
    <UnitTestResult executionId="f070287e-619d-4bc8-b94d-8281e18d148f" testId="361d28a4-5784-5d97-d94e-cae21b8f6c51" testName="BirkNext.Web.Tests.Pages.PlanExplorerSampleProjectTests.PlanExplorer_LoadsFromSelectedSampleProject" computerName="BUF-5CG4423FYV" duration="00:00:00.2535132" startTime="2026-08-17T12:16:56.2018162+02:00" endTime="2026-08-17T12:16:56.2018166+02:00" testType="13cdc9d9-ddb5-4fa4-a97d-d965ccfc6d4b" outcome="Passed" testListId="8c84fa94-04c1-424b-9868-57a2d4851a1d" relativeResultsDirectory="f070287e-619d-4bc8-b94d-8281e18d148f" />
    <UnitTestResult executionId="448b0364-75f0-4489-91bf-e75d75a36e14" testId="de7b7f6f-ee56-7c22-3c30-ae59500068f4" testName="BirkNext.Web.Tests.Pages.ExplorerPageSourceOfTruthTests.PlanExplorer_DoesNotRequireProjectDocumentApiFallback" computerName="BUF-5CG4423FYV" duration="00:00:00.2535374" startTime="2026-08-17T12:16:56.2018970+02:00" endTime="2026-08-17T12:16:56.2018971+02:00" testType="13cdc9d9-ddb5-4fa4-a97d-d965ccfc6d4b" outcome="Passed" testListId="8c84fa94-04c1-424b-9868-57a2d4851a1d" relativeResultsDirectory="448b0364-75f0-4489-91bf-e75d75a36e14" />
    <UnitTestResult executionId="089b0857-7c94-4995-89c1-cecb6ac9bc36" testId="c68c50ce-25fd-8602-4f14-05b23856e6d4" testName="BirkNext.Web.Tests.Pages.PlanExplorerSampleProjectTests.PlanExplorer_ShowsMissingStateWhenPlanNotFound" computerName="BUF-5CG4423FYV" duration="00:00:00.0018260" startTime="2026-08-17T12:16:56.2118504+02:00" endTime="2026-08-17T12:16:56.2118506+02:00" testType="13cdc9d9-ddb5-4fa4-a97d-d965ccfc6d4b" outcome="Passed" testListId="8c84fa94-04c1-424b-9868-57a2d4851a1d" relativeResultsDirectory="089b0857-7c94-4995-89c1-cecb6ac9bc36" />
    <UnitTestResult executionId="342ca80c-53a6-46be-84ed-77ac6360b18b" testId="6b4ca3d7-8a60-225a-1fd5-cda22794b3bc" testName="BirkNext.Web.Tests.Pages.SpecificationExplorerSampleProjectTests.SpecificationExplorer_ClearsProjectHeaderOnProjectDeselection" computerName="BUF-5CG4423FYV" duration="00:00:00.2710671" startTime="2026-08-17T12:16:56.2299767+02:00" endTime="2026-08-17T12:16:56.2299767+02:00" testType="13cdc9d9-ddb5-4fa4-a97d-d965ccfc6d4b" outcome="Passed" testListId="8c84fa94-04c1-424b-9868-57a2d4851a1d" relativeResultsDirectory="342ca80c-53a6-46be-84ed-77ac6360b18b" />
    <UnitTestResult executionId="e7d7aa3e-86f6-471d-85f8-9e07bbc07914" testId="210a0a54-cc52-8377-c39c-b079d2a02e0c" testName="BirkNext.Web.Tests.Pages.SampleProjectsNavigationTests.ReviewerClickFetchesEachSupportedFileOnlyOnce" computerName="BUF-5CG4423FYV" duration="00:00:00.3276061" startTime="2026-08-17T12:16:56.2758608+02:00" endTime="2026-08-17T12:16:56.2758609+02:00" testType="13cdc9d9-ddb5-4fa4-a97d-d965ccfc6d4b" outcome="Passed" testListId="8c84fa94-04c1-424b-9868-57a2d4851a1d" relativeResultsDirectory="e7d7aa3e-86f6-471d-85f8-9e07bbc07914" />
    <UnitTestResult executionId="dbdea7f1-4b33-4679-9b75-6f14f6f3baaa" testId="6664db61-527e-d74c-bb53-bded492adedd" testName="BirkNext.Web.Tests.Services.ConstitutionSampleProjectResolverTests.ResolveAsync_SwitchProjects_ClearsOldContent" computerName="BUF-5CG4423FYV" duration="00:00:00.0008967" startTime="2026-08-17T12:16:56.0612102+02:00" endTime="2026-08-17T12:16:56.0612102+02:00" testType="13cdc9d9-ddb5-4fa4-a97d-d965ccfc6d4b" outcome="Passed" testListId="8c84fa94-04c1-424b-9868-57a2d4851a1d" relativeResultsDirectory="dbdea7f1-4b33-4679-9b75-6f14f6f3baaa" />
    <UnitTestResult executionId="6394373a-d355-4313-a0f3-eb824c7bf6b8" testId="0b7ce24a-8b43-b28f-8855-601482aeeafe" testName="BirkNext.Web.Tests.Pages.ExplorerPageSourceOfTruthTests.ConstitutionExplorer_StaysEmptyWhenWorkspaceAndStandaloneScratchAreEmpty" computerName="BUF-5CG4423FYV" duration="00:00:00.0040077" startTime="2026-08-17T12:16:56.2679220+02:00" endTime="2026-08-17T12:16:56.2679221+02:00" testType="13cdc9d9-ddb5-4fa4-a97d-d965ccfc6d4b" outcome="Passed" testListId="8c84fa94-04c1-424b-9868-57a2d4851a1d" relativeResultsDirectory="6394373a-d355-4313-a0f3-eb824c7bf6b8" />
    <UnitTestResult executionId="b9e023f4-a6ff-4656-bebb-fa9c39a4d793" testId="6de0d571-848a-ecb0-ab60-525436eee8c3" testName="BirkNext.Web.Tests.Pages.SampleProjectsNavigationTests.ReviewerLinksLoadSelectedProjectBeforeNavigating(reviewerName: &quot;Data Model Explorer&quot;, expectedRoute: &quot;/data-model-explorer&quot;, expectedKind: DataModel, expectedText: &quot;PERSON data-model.md&quot;)" computerName="BUF-5CG4423FYV" duration="00:00:00.0218613" startTime="2026-08-17T12:16:56.3144510+02:00" endTime="2026-08-17T12:16:56.3144513+02:00" testType="13cdc9d9-ddb5-4fa4-a97d-d965ccfc6d4b" outcome="Passed" testListId="8c84fa94-04c1-424b-9868-57a2d4851a1d" relativeResultsDirectory="b9e023f4-a6ff-4656-bebb-fa9c39a4d793" />
    <UnitTestResult executionId="4454c539-4302-4d1e-801c-adb55321528f" testId="98f5c6b4-9483-7f80-0586-8f1d8565e4cd" testName="BirkNext.Web.Tests.Pages.SpecificationExplorerSampleProjectTests.SpecificationExplorer_DoesNotUseWorkspaceAsAutomaticSource" computerName="BUF-5CG4423FYV" duration="00:00:00.0017092" startTime="2026-08-17T12:16:56.2491371+02:00" endTime="2026-08-17T12:16:56.2491373+02:00" testType="13cdc9d9-ddb5-4fa4-a97d-d965ccfc6d4b" outcome="Passed" testListId="8c84fa94-04c1-424b-9868-57a2d4851a1d" relativeResultsDirectory="4454c539-4302-4d1e-801c-adb55321528f" />
    <UnitTestResult executionId="aae3c5ed-5b90-4f93-9b6c-0a88689d9d1d" testId="3f7c9673-fb34-3ebc-3549-71605be8ddc3" testName="BirkNext.Web.Tests.Pages.SampleProjectsNavigationTests.ManualLoadSupportedArtifactsStillLoadsWorkspace" computerName="BUF-5CG4423FYV" duration="00:00:00.0054608" startTime="2026-08-17T12:16:56.3335236+02:00" endTime="2026-08-17T12:16:56.3335237+02:00" testType="13cdc9d9-ddb5-4fa4-a97d-d965ccfc6d4b" outcome="Passed" testListId="8c84fa94-04c1-424b-9868-57a2d4851a1d" relativeResultsDirectory="aae3c5ed-5b90-4f93-9b6c-0a88689d9d1d" />
    <UnitTestResult executionId="34973909-6a2c-4cd0-b289-b0ceedfaca2f" testId="8f00e84b-4dad-f948-eac0-34b2255a3a21" testName="BirkNext.Web.Tests.Pages.SampleProjectsNavigationTests.ReviewerLinksLoadSelectedProjectBeforeNavigating(reviewerName: &quot;Task Explorer&quot;, expectedRoute: &quot;/task-explorer&quot;, expectedKind: Tasks, expectedText: &quot;PERSON tasks.md&quot;)" computerName="BUF-5CG4423FYV" duration="00:00:00.0048572" startTime="2026-08-17T12:16:56.2808005+02:00" endTime="2026-08-17T12:16:56.2808006+02:00" testType="13cdc9d9-ddb5-4fa4-a97d-d965ccfc6d4b" outcome="Passed" testListId="8c84fa94-04c1-424b-9868-57a2d4851a1d" relativeResultsDirectory="34973909-6a2c-4cd0-b289-b0ceedfaca2f" />
    <UnitTestResult executionId="e2f208b4-1027-4a45-b21c-de93d601aee3" testId="a5dd1463-501f-4b2b-6e11-7b1056736328" testName="BirkNext.Web.Tests.Pages.DataModelExplorerSampleProjectTests.DataModelExplorer_LoadsFromSelectedSampleProject" computerName="BUF-5CG4423FYV" duration="00:00:00.0125285" startTime="2026-08-17T12:16:56.2316389+02:00" endTime="2026-08-17T12:16:56.2316391+02:00" testType="13cdc9d9-ddb5-4fa4-a97d-d965ccfc6d4b" outcome="Passed" testListId="8c84fa94-04c1-424b-9868-57a2d4851a1d" relativeResultsDirectory="e2f208b4-1027-4a45-b21c-de93d601aee3" />
    <UnitTestResult executionId="2250bd84-840a-4fe8-a426-1ae1aac4ead8" testId="58bc011a-9089-4334-d3ca-2478e3f66da2" testName="BirkNext.Web.Tests.Pages.TaskExplorerSampleProjectTests.TaskExplorer_LoadsFromSelectedSampleProject" computerName="BUF-5CG4423FYV" duration="00:00:00.0498227" startTime="2026-08-17T12:16:56.2674776+02:00" endTime="2026-08-17T12:16:56.2674778+02:00" testType="13cdc9d9-ddb5-4fa4-a97d-d965ccfc6d4b" outcome="Passed" testListId="8c84fa94-04c1-424b-9868-57a2d4851a1d" relativeResultsDirectory="2250bd84-840a-4fe8-a426-1ae1aac4ead8" />
    <UnitTestResult executionId="4a532b45-6e4f-4027-a1bb-47f28b8e68dc" testId="ffc29bf8-f3dd-b510-ce83-47285427af94" testName="BirkNext.Web.Tests.Services.ConstitutionSampleProjectResolverTests.WorkspaceCache_DoesNotOverrideSelectedProject_PolicyEnforcement" computerName="BUF-5CG4423FYV" duration="00:00:00.0016038" startTime="2026-08-17T12:16:56.0611773+02:00" endTime="2026-08-17T12:16:56.0611773+02:00" testType="13cdc9d9-ddb5-4fa4-a97d-d965ccfc6d4b" outcome="Passed" testListId="8c84fa94-04c1-424b-9868-57a2d4851a1d" relativeResultsDirectory="4a532b45-6e4f-4027-a1bb-47f28b8e68dc" />
    <UnitTestResult executionId="39885b0d-9849-4a14-914c-b67763d1bd2c" testId="3fe1ae01-e415-f82b-ed7d-ff059eaf1f48" testName="BirkNext.Web.Tests.Pages.ExplorerPageSourceOfTruthTests.ExplorerPages_UseStandaloneScratchWhenWorkspaceIsEmpty(storageKey: &quot;dme-standalone-datamodel&quot;, kind: DataModel, text: &quot;# Standalone Data Model&quot;)" computerName="BUF-5CG4423FYV" duration="00:00:00.0125941" startTime="2026-08-17T12:16:56.2317752+02:00" endTime="2026-08-17T12:16:56.2317752+02:00" testType="13cdc9d9-ddb5-4fa4-a97d-d965ccfc6d4b" outcome="Passed" testListId="8c84fa94-04c1-424b-9868-57a2d4851a1d" relativeResultsDirectory="39885b0d-9849-4a14-914c-b67763d1bd2c" />
    <UnitTestResult executionId="15a503ba-0715-4852-9a7d-672efaa19eed" testId="47a95918-18ba-a459-fdc1-db35919eab54" testName="BirkNext.Web.Tests.Services.ConstitutionSampleProjectResolverTests.ResolveAsync_InvalidProject_ReturnsError" computerName="BUF-5CG4423FYV" duration="00:00:00.0016281" startTime="2026-08-17T12:16:56.0338740+02:00" endTime="2026-08-17T12:16:56.0338741+02:00" testType="13cdc9d9-ddb5-4fa4-a97d-d965ccfc6d4b" outcome="Passed" testListId="8c84fa94-04c1-424b-9868-57a2d4851a1d" relativeResultsDirectory="15a503ba-0715-4852-9a7d-672efaa19eed" />
    <UnitTestResult executionId="137dd01d-79c3-4d6e-b949-aa4e1fb0403c" testId="c35ab415-83bc-20b2-a92c-df1979a35f02" testName="BirkNext.Web.Tests.Pages.TaskExplorerSampleProjectTests.TaskExplorer_ShowsMissingStateWhenTasksNotFound" computerName="BUF-5CG4423FYV" duration="00:00:00.0018856" startTime="2026-08-17T12:16:56.2175694+02:00" endTime="2026-08-17T12:16:56.2175694+02:00" testType="13cdc9d9-ddb5-4fa4-a97d-d965ccfc6d4b" outcome="Passed" testListId="8c84fa94-04c1-424b-9868-57a2d4851a1d" relativeResultsDirectory="137dd01d-79c3-4d6e-b949-aa4e1fb0403c" />
    <UnitTestResult executionId="424fb0c6-22cf-4f86-ae6a-9af90de080c5" testId="e7db4ed3-cc9d-cc70-87ed-17664c9c575e" testName="BirkNext.Web.Tests.Services.ConstitutionSampleProjectResolverTests.ResolveAsync_Constitution_ReturnsSelectedProjectFile" computerName="BUF-5CG4423FYV" duration="00:00:00.0800038" startTime="2026-08-17T12:16:56.0319486+02:00" endTime="2026-08-17T12:16:56.0319609+02:00" testType="13cdc9d9-ddb5-4fa4-a97d-d965ccfc6d4b" outcome="Passed" testListId="8c84fa94-04c1-424b-9868-57a2d4851a1d" relativeResultsDirectory="424fb0c6-22cf-4f86-ae6a-9af90de080c5" />
    <UnitTestResult executionId="8a6d5b30-54c2-421f-8135-5a53a74332e9" testId="fddf3bb8-b4cf-bba8-7c93-5d1fad41ba51" testName="BirkNext.Web.Tests.Pages.ExplorerPageSourceOfTruthTests.DataModelExplorer_DoesNotRequireProjectDocumentApiFallback" computerName="BUF-5CG4423FYV" duration="00:00:00.0013151" startTime="2026-08-17T12:16:56.2617271+02:00" endTime="2026-08-17T12:16:56.2617272+02:00" testType="13cdc9d9-ddb5-4fa4-a97d-d965ccfc6d4b" outcome="Passed" testListId="8c84fa94-04c1-424b-9868-57a2d4851a1d" relativeResultsDirectory="8a6d5b30-54c2-421f-8135-5a53a74332e9" />
    <UnitTestResult executionId="70ec6f2e-678b-457f-bfca-79f3c8cde6bb" testId="d8249221-1eb5-2d07-b8ed-c5a903842fc4" testName="BirkNext.Web.Tests.Pages.ExplorerPageSourceOfTruthTests.TaskExplorer_DoesNotRequireProjectDocumentApiFallback" computerName="BUF-5CG4423FYV" duration="00:00:00.0014384" startTime="2026-08-17T12:16:56.2603548+02:00" endTime="2026-08-17T12:16:56.2603550+02:00" testType="13cdc9d9-ddb5-4fa4-a97d-d965ccfc6d4b" outcome="Passed" testListId="8c84fa94-04c1-424b-9868-57a2d4851a1d" relativeResultsDirectory="70ec6f2e-678b-457f-bfca-79f3c8cde6bb" />
    <UnitTestResult executionId="e37b99d2-902a-417c-9f37-76da789e5839" testId="6d79443a-1b89-96ae-8f2f-89168be6dd6c" testName="BirkNext.Web.Tests.Pages.PlanExplorerSampleProjectTests.PlanExplorer_SwitchesProjects" computerName="BUF-5CG4423FYV" duration="00:00:00.0020564" startTime="2026-08-17T12:16:56.2299997+02:00" endTime="2026-08-17T12:16:56.2299998+02:00" testType="13cdc9d9-ddb5-4fa4-a97d-d965ccfc6d4b" outcome="Passed" testListId="8c84fa94-04c1-424b-9868-57a2d4851a1d" relativeResultsDirectory="e37b99d2-902a-417c-9f37-76da789e5839" />
    <UnitTestResult executionId="030c658a-8d91-4b40-b5f1-72ad7369c3a3" testId="52cf2472-99ae-5b57-c080-cfa737263999" testName="BirkNext.Web.Tests.Pages.DataModelExplorerSampleProjectTests.DataModelExplorer_ShowsMissingStateWhenDataModelNotFound" computerName="BUF-5CG4423FYV" duration="00:00:00.0009868" startTime="2026-08-17T12:16:56.2422270+02:00" endTime="2026-08-17T12:16:56.2422271+02:00" testType="13cdc9d9-ddb5-4fa4-a97d-d965ccfc6d4b" outcome="Passed" testListId="8c84fa94-04c1-424b-9868-57a2d4851a1d" relativeResultsDirectory="030c658a-8d91-4b40-b5f1-72ad7369c3a3" />
  </Results>
  <TestDefinitions>
    <UnitTest name="BirkNext.Web.Tests.Pages.SampleProjectsNavigationTests.ManualLoadSupportedArtifactsStillLoadsWorkspace" storage="c:\users\ajaan\source\sdd-repos\birknext\aiassisted\frontend\birknext.web.tests\bin\debug\net8.0\birknext.web.tests.dll" id="3f7c9673-fb34-3ebc-3549-71605be8ddc3">
      <Execution id="aae3c5ed-5b90-4f93-9b6c-0a88689d9d1d" />
      <TestMethod codeBase="C:\Users\ajaan\source\sdd-repos\BirkNext\AIAssisted\frontend\BirkNext.Web.Tests\bin\Debug\net8.0\BirkNext.Web.Tests.dll" adapterTypeName="executor://xunit/VsTestRunner2/netcoreapp" className="BirkNext.Web.Tests.Pages.SampleProjectsNavigationTests" name="ManualLoadSupportedArtifactsStillLoadsWorkspace" />
    </UnitTest>
    <UnitTest name="BirkNext.Web.Tests.Pages.SampleProjectsNavigationTests.ReviewerLinksLoadSelectedProjectBeforeNavigating(reviewerName: &quot;Task Explorer&quot;, expectedRoute: &quot;/task-explorer&quot;, expectedKind: Tasks, expectedText: &quot;PERSON tasks.md&quot;)" storage="c:\users\ajaan\source\sdd-repos\birknext\aiassisted\frontend\birknext.web.tests\bin\debug\net8.0\birknext.web.tests.dll" id="8f00e84b-4dad-f948-eac0-34b2255a3a21">
      <Execution id="34973909-6a2c-4cd0-b289-b0ceedfaca2f" />
      <TestMethod codeBase="C:\Users\ajaan\source\sdd-repos\BirkNext\AIAssisted\frontend\BirkNext.Web.Tests\bin\Debug\net8.0\BirkNext.Web.Tests.dll" adapterTypeName="executor://xunit/VsTestRunner2/netcoreapp" className="BirkNext.Web.Tests.Pages.SampleProjectsNavigationTests" name="ReviewerLinksLoadSelectedProjectBeforeNavigating" />
    </UnitTest>
    <UnitTest name="BirkNext.Web.Tests.Services.ConstitutionSampleProjectResolverTests.ResolveAsync_Constitution_ReturnsSelectedProjectFile" storage="c:\users\ajaan\source\sdd-repos\birknext\aiassisted\frontend\birknext.web.tests\bin\debug\net8.0\birknext.web.tests.dll" id="e7db4ed3-cc9d-cc70-87ed-17664c9c575e">
      <Execution id="424fb0c6-22cf-4f86-ae6a-9af90de080c5" />
      <TestMethod codeBase="C:\Users\ajaan\source\sdd-repos\BirkNext\AIAssisted\frontend\BirkNext.Web.Tests\bin\Debug\net8.0\BirkNext.Web.Tests.dll" adapterTypeName="executor://xunit/VsTestRunner2/netcoreapp" className="BirkNext.Web.Tests.Services.ConstitutionSampleProjectResolverTests" name="ResolveAsync_Constitution_ReturnsSelectedProjectFile" />
    </UnitTest>
    <UnitTest name="BirkNext.Web.Tests.Services.ConstitutionSampleProjectResolverTests.WorkspaceCache_DoesNotOverrideSelectedProject_PolicyEnforcement" storage="c:\users\ajaan\source\sdd-repos\birknext\aiassisted\frontend\birknext.web.tests\bin\debug\net8.0\birknext.web.tests.dll" id="ffc29bf8-f3dd-b510-ce83-47285427af94">
      <Execution id="4a532b45-6e4f-4027-a1bb-47f28b8e68dc" />
      <TestMethod codeBase="C:\Users\ajaan\source\sdd-repos\BirkNext\AIAssisted\frontend\BirkNext.Web.Tests\bin\Debug\net8.0\BirkNext.Web.Tests.dll" adapterTypeName="executor://xunit/VsTestRunner2/netcoreapp" className="BirkNext.Web.Tests.Services.ConstitutionSampleProjectResolverTests" name="WorkspaceCache_DoesNotOverrideSelectedProject_PolicyEnforcement" />
    </UnitTest>
    <UnitTest name="BirkNext.Web.Tests.Pages.ExplorerPageSourceOfTruthTests.ConstitutionExplorer_StaysEmptyWhenWorkspaceAndStandaloneScratchAreEmpty" storage="c:\users\ajaan\source\sdd-repos\birknext\aiassisted\frontend\birknext.web.tests\bin\debug\net8.0\birknext.web.tests.dll" id="0b7ce24a-8b43-b28f-8855-601482aeeafe">
      <Execution id="6394373a-d355-4313-a0f3-eb824c7bf6b8" />
      <TestMethod codeBase="C:\Users\ajaan\source\sdd-repos\BirkNext\AIAssisted\frontend\BirkNext.Web.Tests\bin\Debug\net8.0\BirkNext.Web.Tests.dll" adapterTypeName="executor://xunit/VsTestRunner2/netcoreapp" className="BirkNext.Web.Tests.Pages.ExplorerPageSourceOfTruthTests" name="ConstitutionExplorer_StaysEmptyWhenWorkspaceAndStandaloneScratchAreEmpty" />
    </UnitTest>
    <UnitTest name="BirkNext.Web.Tests.Pages.TaskExplorerSampleProjectTests.TaskExplorer_DoesNotUseWorkspaceAsAutomaticSource" storage="c:\users\ajaan\source\sdd-repos\birknext\aiassisted\frontend\birknext.web.tests\bin\debug\net8.0\birknext.web.tests.dll" id="f431a49d-ede1-daa5-a835-253630a6b4a6">
      <Execution id="4ebf7fbe-f849-48e3-9f08-8715c0764b00" />
      <TestMethod codeBase="C:\Users\ajaan\source\sdd-repos\BirkNext\AIAssisted\frontend\BirkNext.Web.Tests\bin\Debug\net8.0\BirkNext.Web.Tests.dll" adapterTypeName="executor://xunit/VsTestRunner2/netcoreapp" className="BirkNext.Web.Tests.Pages.TaskExplorerSampleProjectTests" name="TaskExplorer_DoesNotUseWorkspaceAsAutomaticSource" />
    </UnitTest>
    <UnitTest name="BirkNext.Web.Tests.Services.ConstitutionSampleProjectResolverTests.ResolveAsync_InvalidProject_ReturnsError" storage="c:\users\ajaan\source\sdd-repos\birknext\aiassisted\frontend\birknext.web.tests\bin\debug\net8.0\birknext.web.tests.dll" id="47a95918-18ba-a459-fdc1-db35919eab54">
      <Execution id="15a503ba-0715-4852-9a7d-672efaa19eed" />
      <TestMethod codeBase="C:\Users\ajaan\source\sdd-repos\BirkNext\AIAssisted\frontend\BirkNext.Web.Tests\bin\Debug\net8.0\BirkNext.Web.Tests.dll" adapterTypeName="executor://xunit/VsTestRunner2/netcoreapp" className="BirkNext.Web.Tests.Services.ConstitutionSampleProjectResolverTests" name="ResolveAsync_InvalidProject_ReturnsError" />
    </UnitTest>
    <UnitTest name="BirkNext.Web.Tests.Services.ConstitutionSampleProjectResolverTests.ResolveAsync_SwitchProjects_ClearsOldContent" storage="c:\users\ajaan\source\sdd-repos\birknext\aiassisted\frontend\birknext.web.tests\bin\debug\net8.0\birknext.web.tests.dll" id="6664db61-527e-d74c-bb53-bded492adedd">
      <Execution id="dbdea7f1-4b33-4679-9b75-6f14f6f3baaa" />
      <TestMethod codeBase="C:\Users\ajaan\source\sdd-repos\BirkNext\AIAssisted\frontend\BirkNext.Web.Tests\bin\Debug\net8.0\BirkNext.Web.Tests.dll" adapterTypeName="executor://xunit/VsTestRunner2/netcoreapp" className="BirkNext.Web.Tests.Services.ConstitutionSampleProjectResolverTests" name="ResolveAsync_SwitchProjects_ClearsOldContent" />
    </UnitTest>
    <UnitTest name="BirkNext.Web.Tests.Pages.DataModelExplorerSampleProjectTests.DataModelExplorer_HandlesEmptySelectedProject" storage="c:\users\ajaan\source\sdd-repos\birknext\aiassisted\frontend\birknext.web.tests\bin\debug\net8.0\birknext.web.tests.dll" id="ecbd8a29-c620-a079-1aaf-86d7f1f936f3">
      <Execution id="944312bd-0fec-45f1-98e0-264a1f2b671e" />
      <TestMethod codeBase="C:\Users\ajaan\source\sdd-repos\BirkNext\AIAssisted\frontend\BirkNext.Web.Tests\bin\Debug\net8.0\BirkNext.Web.Tests.dll" adapterTypeName="executor://xunit/VsTestRunner2/netcoreapp" className="BirkNext.Web.Tests.Pages.DataModelExplorerSampleProjectTests" name="DataModelExplorer_HandlesEmptySelectedProject" />
    </UnitTest>
    <UnitTest name="BirkNext.Web.Tests.Pages.PlanExplorerSampleProjectTests.PlanExplorer_ShowsMissingStateWhenPlanNotFound" storage="c:\users\ajaan\source\sdd-repos\birknext\aiassisted\frontend\birknext.web.tests\bin\debug\net8.0\birknext.web.tests.dll" id="c68c50ce-25fd-8602-4f14-05b23856e6d4">
      <Execution id="089b0857-7c94-4995-89c1-cecb6ac9bc36" />
      <TestMethod codeBase="C:\Users\ajaan\source\sdd-repos\BirkNext\AIAssisted\frontend\BirkNext.Web.Tests\bin\Debug\net8.0\BirkNext.Web.Tests.dll" adapterTypeName="executor://xunit/VsTestRunner2/netcoreapp" className="BirkNext.Web.Tests.Pages.PlanExplorerSampleProjectTests" name="PlanExplorer_ShowsMissingStateWhenPlanNotFound" />
    </UnitTest>
    <UnitTest name="BirkNext.Web.Tests.Pages.DataModelExplorerSampleProjectTests.DataModelExplorer_SwitchesProjects" storage="c:\users\ajaan\source\sdd-repos\birknext\aiassisted\frontend\birknext.web.tests\bin\debug\net8.0\birknext.web.tests.dll" id="24c241a0-e179-101a-b5c8-31bc312ac61d">
      <Execution id="0139483e-e602-4f66-8d40-a18864ec81cf" />
      <TestMethod codeBase="C:\Users\ajaan\source\sdd-repos\BirkNext\AIAssisted\frontend\BirkNext.Web.Tests\bin\Debug\net8.0\BirkNext.Web.Tests.dll" adapterTypeName="executor://xunit/VsTestRunner2/netcoreapp" className="BirkNext.Web.Tests.Pages.DataModelExplorerSampleProjectTests" name="DataModelExplorer_SwitchesProjects" />
    </UnitTest>
    <UnitTest name="BirkNext.Web.Tests.Pages.ExplorerPageSourceOfTruthTests.PlanExplorer_DoesNotRequireProjectDocumentApiFallback" storage="c:\users\ajaan\source\sdd-repos\birknext\aiassisted\frontend\birknext.web.tests\bin\debug\net8.0\birknext.web.tests.dll" id="de7b7f6f-ee56-7c22-3c30-ae59500068f4">
      <Execution id="448b0364-75f0-4489-91bf-e75d75a36e14" />
      <TestMethod codeBase="C:\Users\ajaan\source\sdd-repos\BirkNext\AIAssisted\frontend\BirkNext.Web.Tests\bin\Debug\net8.0\BirkNext.Web.Tests.dll" adapterTypeName="executor://xunit/VsTestRunner2/netcoreapp" className="BirkNext.Web.Tests.Pages.ExplorerPageSourceOfTruthTests" name="PlanExplorer_DoesNotRequireProjectDocumentApiFallback" />
    </UnitTest>
    <UnitTest name="BirkNext.Web.Tests.Pages.SampleProjectsNavigationTests.ReviewerLinksLoadSelectedProjectBeforeNavigating(reviewerName: &quot;Plan Explorer&quot;, expectedRoute: &quot;/plan-explorer&quot;, expectedKind: Plan, expectedText: &quot;PERSON plan.md&quot;)" storage="c:\users\ajaan\source\sdd-repos\birknext\aiassisted\frontend\birknext.web.tests\bin\debug\net8.0\birknext.web.tests.dll" id="aa5841b6-9f68-7b8a-4f0d-ff5c4c9ae13a">
      <Execution id="ff249811-1752-403d-abcc-6a37558e7c78" />
      <TestMethod codeBase="C:\Users\ajaan\source\sdd-repos\BirkNext\AIAssisted\frontend\BirkNext.Web.Tests\bin\Debug\net8.0\BirkNext.Web.Tests.dll" adapterTypeName="executor://xunit/VsTestRunner2/netcoreapp" className="BirkNext.Web.Tests.Pages.SampleProjectsNavigationTests" name="ReviewerLinksLoadSelectedProjectBeforeNavigating" />
    </UnitTest>
    <UnitTest name="BirkNext.Web.Tests.Pages.PlanExplorerSampleProjectTests.PlanExplorer_ClearsProjectHeaderOnProjectDeselection" storage="c:\users\ajaan\source\sdd-repos\birknext\aiassisted\frontend\birknext.web.tests\bin\debug\net8.0\birknext.web.tests.dll" id="0a4d6b64-3ec5-0804-bb1d-ad3cf97d6653">
      <Execution id="03e9caff-50c8-4fb9-9836-abb5caebfe65" />
      <TestMethod codeBase="C:\Users\ajaan\source\sdd-repos\BirkNext\AIAssisted\frontend\BirkNext.Web.Tests\bin\Debug\net8.0\BirkNext.Web.Tests.dll" adapterTypeName="executor://xunit/VsTestRunner2/netcoreapp" className="BirkNext.Web.Tests.Pages.PlanExplorerSampleProjectTests" name="PlanExplorer_ClearsProjectHeaderOnProjectDeselection" />
    </UnitTest>
    <UnitTest name="BirkNext.Web.Tests.Pages.SpecificationExplorerSampleProjectTests.SpecificationExplorer_LoadsFromSelectedSampleProject" storage="c:\users\ajaan\source\sdd-repos\birknext\aiassisted\frontend\birknext.web.tests\bin\debug\net8.0\birknext.web.tests.dll" id="da3f82c4-3f5a-3ce6-c628-3622499f8417">
      <Execution id="2861d6fc-c5d6-45be-a8c9-6a241afaf68d" />
      <TestMethod codeBase="C:\Users\ajaan\source\sdd-repos\BirkNext\AIAssisted\frontend\BirkNext.Web.Tests\bin\Debug\net8.0\BirkNext.Web.Tests.dll" adapterTypeName="executor://xunit/VsTestRunner2/netcoreapp" className="BirkNext.Web.Tests.Pages.SpecificationExplorerSampleProjectTests" name="SpecificationExplorer_LoadsFromSelectedSampleProject" />
    </UnitTest>
    <UnitTest name="BirkNext.Web.Tests.Pages.SampleProjectsNavigationTests.ReviewerLinksLoadSelectedProjectBeforeNavigating(reviewerName: &quot;Constitution Explorer&quot;, expectedRoute: &quot;/constitution-explorer&quot;, expectedKind: Constitution, expectedText: &quot;PERSON constitution.md&quot;)" storage="c:\users\ajaan\source\sdd-repos\birknext\aiassisted\frontend\birknext.web.tests\bin\debug\net8.0\birknext.web.tests.dll" id="67831d69-4acb-1b28-4813-e4bcfe01c753">
      <Execution id="b10a53a4-4e74-456a-a203-5c3118f1d722" />
      <TestMethod codeBase="C:\Users\ajaan\source\sdd-repos\BirkNext\AIAssisted\frontend\BirkNext.Web.Tests\bin\Debug\net8.0\BirkNext.Web.Tests.dll" adapterTypeName="executor://xunit/VsTestRunner2/netcoreapp" className="BirkNext.Web.Tests.Pages.SampleProjectsNavigationTests" name="ReviewerLinksLoadSelectedProjectBeforeNavigating" />
    </UnitTest>
    <UnitTest name="BirkNext.Web.Tests.Pages.DataModelExplorerSampleProjectTests.DataModelExplorer_LoadsFromSelectedSampleProject" storage="c:\users\ajaan\source\sdd-repos\birknext\aiassisted\frontend\birknext.web.tests\bin\debug\net8.0\birknext.web.tests.dll" id="a5dd1463-501f-4b2b-6e11-7b1056736328">
      <Execution id="e2f208b4-1027-4a45-b21c-de93d601aee3" />
      <TestMethod codeBase="C:\Users\ajaan\source\sdd-repos\BirkNext\AIAssisted\frontend\BirkNext.Web.Tests\bin\Debug\net8.0\BirkNext.Web.Tests.dll" adapterTypeName="executor://xunit/VsTestRunner2/netcoreapp" className="BirkNext.Web.Tests.Pages.DataModelExplorerSampleProjectTests" name="DataModelExplorer_LoadsFromSelectedSampleProject" />
    </UnitTest>
    <UnitTest name="BirkNext.Web.Tests.Pages.SpecificationExplorerSampleProjectTests.SpecificationExplorer_ReloadsSameProjectWithoutDuplication" storage="c:\users\ajaan\source\sdd-repos\birknext\aiassisted\frontend\birknext.web.tests\bin\debug\net8.0\birknext.web.tests.dll" id="285468a1-255d-a8c0-9516-b54e7d8a61af">
      <Execution id="659e46a7-3d80-455d-bea2-00804064e376" />
      <TestMethod codeBase="C:\Users\ajaan\source\sdd-repos\BirkNext\AIAssisted\frontend\BirkNext.Web.Tests\bin\Debug\net8.0\BirkNext.Web.Tests.dll" adapterTypeName="executor://xunit/VsTestRunner2/netcoreapp" className="BirkNext.Web.Tests.Pages.SpecificationExplorerSampleProjectTests" name="SpecificationExplorer_ReloadsSameProjectWithoutDuplication" />
    </UnitTest>
    <UnitTest name="BirkNext.Web.Tests.Pages.DataModelExplorerSampleProjectTests.DataModelExplorer_ShowsMissingStateWhenDataModelNotFound" storage="c:\users\ajaan\source\sdd-repos\birknext\aiassisted\frontend\birknext.web.tests\bin\debug\net8.0\birknext.web.tests.dll" id="52cf2472-99ae-5b57-c080-cfa737263999">
      <Execution id="030c658a-8d91-4b40-b5f1-72ad7369c3a3" />
      <TestMethod codeBase="C:\Users\ajaan\source\sdd-repos\BirkNext\AIAssisted\frontend\BirkNext.Web.Tests\bin\Debug\net8.0\BirkNext.Web.Tests.dll" adapterTypeName="executor://xunit/VsTestRunner2/netcoreapp" className="BirkNext.Web.Tests.Pages.DataModelExplorerSampleProjectTests" name="DataModelExplorer_ShowsMissingStateWhenDataModelNotFound" />
    </UnitTest>
    <UnitTest name="BirkNext.Web.Tests.Pages.SpecificationExplorerSampleProjectTests.SpecificationExplorer_DoesNotUseWorkspaceAsAutomaticSource" storage="c:\users\ajaan\source\sdd-repos\birknext\aiassisted\frontend\birknext.web.tests\bin\debug\net8.0\birknext.web.tests.dll" id="98f5c6b4-9483-7f80-0586-8f1d8565e4cd">
      <Execution id="4454c539-4302-4d1e-801c-adb55321528f" />
      <TestMethod codeBase="C:\Users\ajaan\source\sdd-repos\BirkNext\AIAssisted\frontend\BirkNext.Web.Tests\bin\Debug\net8.0\BirkNext.Web.Tests.dll" adapterTypeName="executor://xunit/VsTestRunner2/netcoreapp" className="BirkNext.Web.Tests.Pages.SpecificationExplorerSampleProjectTests" name="SpecificationExplorer_DoesNotUseWorkspaceAsAutomaticSource" />
    </UnitTest>
    <UnitTest name="BirkNext.Web.Tests.Pages.TaskExplorerSampleProjectTests.TaskExplorer_DifferentTaskIDsDoNotLeakBetweenProjects" storage="c:\users\ajaan\source\sdd-repos\birknext\aiassisted\frontend\birknext.web.tests\bin\debug\net8.0\birknext.web.tests.dll" id="d423bedd-f4cc-c836-de95-67a83cd9df10">
      <Execution id="7daa73ad-e0f3-4409-911b-bc9bf70a35d6" />
      <TestMethod codeBase="C:\Users\ajaan\source\sdd-repos\BirkNext\AIAssisted\frontend\BirkNext.Web.Tests\bin\Debug\net8.0\BirkNext.Web.Tests.dll" adapterTypeName="executor://xunit/VsTestRunner2/netcoreapp" className="BirkNext.Web.Tests.Pages.TaskExplorerSampleProjectTests" name="TaskExplorer_DifferentTaskIDsDoNotLeakBetweenProjects" />
    </UnitTest>
    <UnitTest name="BirkNext.Web.Tests.Pages.PlanExplorerSampleProjectTests.PlanExplorer_SwitchesProjects" storage="c:\users\ajaan\source\sdd-repos\birknext\aiassisted\frontend\birknext.web.tests\bin\debug\net8.0\birknext.web.tests.dll" id="6d79443a-1b89-96ae-8f2f-89168be6dd6c">
      <Execution id="e37b99d2-902a-417c-9f37-76da789e5839" />
      <TestMethod codeBase="C:\Users\ajaan\source\sdd-repos\BirkNext\AIAssisted\frontend\BirkNext.Web.Tests\bin\Debug\net8.0\BirkNext.Web.Tests.dll" adapterTypeName="executor://xunit/VsTestRunner2/netcoreapp" className="BirkNext.Web.Tests.Pages.PlanExplorerSampleProjectTests" name="PlanExplorer_SwitchesProjects" />
    </UnitTest>
    <UnitTest name="BirkNext.Web.Tests.Pages.DataModelExplorerSampleProjectTests.DataModelExplorer_DifferentDataModelsDoNotLeakBetweenProjects" storage="c:\users\ajaan\source\sdd-repos\birknext\aiassisted\frontend\birknext.web.tests\bin\debug\net8.0\birknext.web.tests.dll" id="31ffab3f-3d8b-a8d7-0147-c12629662658">
      <Execution id="95af1c3b-79de-4e8c-be7b-8e64c4075aaa" />
      <TestMethod codeBase="C:\Users\ajaan\source\sdd-repos\BirkNext\AIAssisted\frontend\BirkNext.Web.Tests\bin\Debug\net8.0\BirkNext.Web.Tests.dll" adapterTypeName="executor://xunit/VsTestRunner2/netcoreapp" className="BirkNext.Web.Tests.Pages.DataModelExplorerSampleProjectTests" name="DataModelExplorer_DifferentDataModelsDoNotLeakBetweenProjects" />
    </UnitTest>
    <UnitTest name="BirkNext.Web.Tests.Pages.ExplorerPageSourceOfTruthTests.DataModelExplorer_DoesNotRequireProjectDocumentApiFallback" storage="c:\users\ajaan\source\sdd-repos\birknext\aiassisted\frontend\birknext.web.tests\bin\debug\net8.0\birknext.web.tests.dll" id="fddf3bb8-b4cf-bba8-7c93-5d1fad41ba51">
      <Execution id="8a6d5b30-54c2-421f-8135-5a53a74332e9" />
      <TestMethod codeBase="C:\Users\ajaan\source\sdd-repos\BirkNext\AIAssisted\frontend\BirkNext.Web.Tests\bin\Debug\net8.0\BirkNext.Web.Tests.dll" adapterTypeName="executor://xunit/VsTestRunner2/netcoreapp" className="BirkNext.Web.Tests.Pages.ExplorerPageSourceOfTruthTests" name="DataModelExplorer_DoesNotRequireProjectDocumentApiFallback" />
    </UnitTest>
    <UnitTest name="BirkNext.Web.Tests.Pages.SpecificationExplorerSampleProjectTests.SpecificationExplorer_ShowsMissingStateWhenSpecNotFound" storage="c:\users\ajaan\source\sdd-repos\birknext\aiassisted\frontend\birknext.web.tests\bin\debug\net8.0\birknext.web.tests.dll" id="0ae1576b-e762-21a4-2222-3fdc03eb3b42">
      <Execution id="7ae2c748-b124-4f62-81cf-13ec16ce0bb4" />
      <TestMethod codeBase="C:\Users\ajaan\source\sdd-repos\BirkNext\AIAssisted\frontend\BirkNext.Web.Tests\bin\Debug\net8.0\BirkNext.Web.Tests.dll" adapterTypeName="executor://xunit/VsTestRunner2/netcoreapp" className="BirkNext.Web.Tests.Pages.SpecificationExplorerSampleProjectTests" name="SpecificationExplorer_ShowsMissingStateWhenSpecNotFound" />
    </UnitTest>
    <UnitTest name="BirkNext.Web.Tests.Pages.ExplorerPageSourceOfTruthTests.TaskExplorer_DoesNotRequireProjectDocumentApiFallback" storage="c:\users\ajaan\source\sdd-repos\birknext\aiassisted\frontend\birknext.web.tests\bin\debug\net8.0\birknext.web.tests.dll" id="d8249221-1eb5-2d07-b8ed-c5a903842fc4">
      <Execution id="70ec6f2e-678b-457f-bfca-79f3c8cde6bb" />
      <TestMethod codeBase="C:\Users\ajaan\source\sdd-repos\BirkNext\AIAssisted\frontend\BirkNext.Web.Tests\bin\Debug\net8.0\BirkNext.Web.Tests.dll" adapterTypeName="executor://xunit/VsTestRunner2/netcoreapp" className="BirkNext.Web.Tests.Pages.ExplorerPageSourceOfTruthTests" name="TaskExplorer_DoesNotRequireProjectDocumentApiFallback" />
    </UnitTest>
    <UnitTest name="BirkNext.Web.Tests.Pages.PlanExplorerSampleProjectTests.PlanExplorer_DoesNotUseWorkspaceAsAutomaticSource" storage="c:\users\ajaan\source\sdd-repos\birknext\aiassisted\frontend\birknext.web.tests\bin\debug\net8.0\birknext.web.tests.dll" id="8c7a33d3-0135-dbcf-86fc-2bae288cf064">
      <Execution id="a7248397-5f2c-44d8-ae2d-9153c93c207e" />
      <TestMethod codeBase="C:\Users\ajaan\source\sdd-repos\BirkNext\AIAssisted\frontend\BirkNext.Web.Tests\bin\Debug\net8.0\BirkNext.Web.Tests.dll" adapterTypeName="executor://xunit/VsTestRunner2/netcoreapp" className="BirkNext.Web.Tests.Pages.PlanExplorerSampleProjectTests" name="PlanExplorer_DoesNotUseWorkspaceAsAutomaticSource" />
    </UnitTest>
    <UnitTest name="BirkNext.Web.Tests.Pages.PlanExplorerSampleProjectTests.PlanExplorer_HandlesEmptySelectedProject" storage="c:\users\ajaan\source\sdd-repos\birknext\aiassisted\frontend\birknext.web.tests\bin\debug\net8.0\birknext.web.tests.dll" id="d9d2d2c2-8f06-f6f8-3199-a330e46f746f">
      <Execution id="8692dd78-d39e-4eb1-8d8e-38289f83cadd" />
      <TestMethod codeBase="C:\Users\ajaan\source\sdd-repos\BirkNext\AIAssisted\frontend\BirkNext.Web.Tests\bin\Debug\net8.0\BirkNext.Web.Tests.dll" adapterTypeName="executor://xunit/VsTestRunner2/netcoreapp" className="BirkNext.Web.Tests.Pages.PlanExplorerSampleProjectTests" name="PlanExplorer_HandlesEmptySelectedProject" />
    </UnitTest>
    <UnitTest name="BirkNext.Web.Tests.Pages.SampleProjectsNavigationTests.ReviewerLinksLoadSelectedProjectBeforeNavigating(reviewerName: &quot;Specification Review&quot;, expectedRoute: &quot;/extract&quot;, expectedKind: Specification, expectedText: &quot;PERSON spec.md&quot;)" storage="c:\users\ajaan\source\sdd-repos\birknext\aiassisted\frontend\birknext.web.tests\bin\debug\net8.0\birknext.web.tests.dll" id="b6c2c4fe-31df-1c6f-ec94-0ab141847c62">
      <Execution id="76a5504a-97e1-4121-b53c-c609d9e8a6f0" />
      <TestMethod codeBase="C:\Users\ajaan\source\sdd-repos\BirkNext\AIAssisted\frontend\BirkNext.Web.Tests\bin\Debug\net8.0\BirkNext.Web.Tests.dll" adapterTypeName="executor://xunit/VsTestRunner2/netcoreapp" className="BirkNext.Web.Tests.Pages.SampleProjectsNavigationTests" name="ReviewerLinksLoadSelectedProjectBeforeNavigating" />
    </UnitTest>
    <UnitTest name="BirkNext.Web.Tests.Pages.PlanExplorerSampleProjectTests.PlanExplorer_ReloadsSameProjectWithoutDuplication" storage="c:\users\ajaan\source\sdd-repos\birknext\aiassisted\frontend\birknext.web.tests\bin\debug\net8.0\birknext.web.tests.dll" id="a7269637-39b5-7aab-6f72-76469ab2d538">
      <Execution id="c5d64946-c51d-4185-b7fe-0eb2f26da0c3" />
      <TestMethod codeBase="C:\Users\ajaan\source\sdd-repos\BirkNext\AIAssisted\frontend\BirkNext.Web.Tests\bin\Debug\net8.0\BirkNext.Web.Tests.dll" adapterTypeName="executor://xunit/VsTestRunner2/netcoreapp" className="BirkNext.Web.Tests.Pages.PlanExplorerSampleProjectTests" name="PlanExplorer_ReloadsSameProjectWithoutDuplication" />
    </UnitTest>
    <UnitTest name="BirkNext.Web.Tests.Pages.DataModelExplorerSampleProjectTests.DataModelExplorer_ClearsProjectHeaderOnProjectDeselection" storage="c:\users\ajaan\source\sdd-repos\birknext\aiassisted\frontend\birknext.web.tests\bin\debug\net8.0\birknext.web.tests.dll" id="d3ae7e0e-185a-47a8-b3bf-d341692dfc80">
      <Execution id="54bea514-3e2f-47c9-9aff-fffb028f7bca" />
      <TestMethod codeBase="C:\Users\ajaan\source\sdd-repos\BirkNext\AIAssisted\frontend\BirkNext.Web.Tests\bin\Debug\net8.0\BirkNext.Web.Tests.dll" adapterTypeName="executor://xunit/VsTestRunner2/netcoreapp" className="BirkNext.Web.Tests.Pages.DataModelExplorerSampleProjectTests" name="DataModelExplorer_ClearsProjectHeaderOnProjectDeselection" />
    </UnitTest>
    <UnitTest name="BirkNext.Web.Tests.Pages.SpecificationExplorerSampleProjectTests.SpecificationExplorer_HandlesEmptySelectedProject" storage="c:\users\ajaan\source\sdd-repos\birknext\aiassisted\frontend\birknext.web.tests\bin\debug\net8.0\birknext.web.tests.dll" id="86a2de7f-f961-bf03-d8df-0e0feaaab9f1">
      <Execution id="4d80e202-82ec-4dbf-ae5a-bd737dc566da" />
      <TestMethod codeBase="C:\Users\ajaan\source\sdd-repos\BirkNext\AIAssisted\frontend\BirkNext.Web.Tests\bin\Debug\net8.0\BirkNext.Web.Tests.dll" adapterTypeName="executor://xunit/VsTestRunner2/netcoreapp" className="BirkNext.Web.Tests.Pages.SpecificationExplorerSampleProjectTests" name="SpecificationExplorer_HandlesEmptySelectedProject" />
    </UnitTest>
    <UnitTest name="BirkNext.Web.Tests.Pages.TaskExplorerSampleProjectTests.TaskExplorer_ShowsMissingStateWhenTasksNotFound" storage="c:\users\ajaan\source\sdd-repos\birknext\aiassisted\frontend\birknext.web.tests\bin\debug\net8.0\birknext.web.tests.dll" id="c35ab415-83bc-20b2-a92c-df1979a35f02">
      <Execution id="137dd01d-79c3-4d6e-b949-aa4e1fb0403c" />
      <TestMethod codeBase="C:\Users\ajaan\source\sdd-repos\BirkNext\AIAssisted\frontend\BirkNext.Web.Tests\bin\Debug\net8.0\BirkNext.Web.Tests.dll" adapterTypeName="executor://xunit/VsTestRunner2/netcoreapp" className="BirkNext.Web.Tests.Pages.TaskExplorerSampleProjectTests" name="TaskExplorer_ShowsMissingStateWhenTasksNotFound" />
    </UnitTest>
    <UnitTest name="BirkNext.Web.Tests.Services.ConstitutionSampleProjectResolverTests.GetAvailableProjectsAsync_ReturnsOnlySampleDataProjects" storage="c:\users\ajaan\source\sdd-repos\birknext\aiassisted\frontend\birknext.web.tests\bin\debug\net8.0\birknext.web.tests.dll" id="4dc64b36-df70-577e-a208-c27c7d897ca0">
      <Execution id="1251d077-6ed7-40ed-acb8-eb660be9f6e5" />
      <TestMethod codeBase="C:\Users\ajaan\source\sdd-repos\BirkNext\AIAssisted\frontend\BirkNext.Web.Tests\bin\Debug\net8.0\BirkNext.Web.Tests.dll" adapterTypeName="executor://xunit/VsTestRunner2/netcoreapp" className="BirkNext.Web.Tests.Services.ConstitutionSampleProjectResolverTests" name="GetAvailableProjectsAsync_ReturnsOnlySampleDataProjects" />
    </UnitTest>
    <UnitTest name="BirkNext.Web.Tests.Pages.PlanExplorerSampleProjectTests.PlanExplorer_LoadsFromSelectedSampleProject" storage="c:\users\ajaan\source\sdd-repos\birknext\aiassisted\frontend\birknext.web.tests\bin\debug\net8.0\birknext.web.tests.dll" id="361d28a4-5784-5d97-d94e-cae21b8f6c51">
      <Execution id="f070287e-619d-4bc8-b94d-8281e18d148f" />
      <TestMethod codeBase="C:\Users\ajaan\source\sdd-repos\BirkNext\AIAssisted\frontend\BirkNext.Web.Tests\bin\Debug\net8.0\BirkNext.Web.Tests.dll" adapterTypeName="executor://xunit/VsTestRunner2/netcoreapp" className="BirkNext.Web.Tests.Pages.PlanExplorerSampleProjectTests" name="PlanExplorer_LoadsFromSelectedSampleProject" />
    </UnitTest>
    <UnitTest name="BirkNext.Web.Tests.Pages.SampleProjectsNavigationTests.ReviewerClickFetchesEachSupportedFileOnlyOnce" storage="c:\users\ajaan\source\sdd-repos\birknext\aiassisted\frontend\birknext.web.tests\bin\debug\net8.0\birknext.web.tests.dll" id="210a0a54-cc52-8377-c39c-b079d2a02e0c">
      <Execution id="e7d7aa3e-86f6-471d-85f8-9e07bbc07914" />
      <TestMethod codeBase="C:\Users\ajaan\source\sdd-repos\BirkNext\AIAssisted\frontend\BirkNext.Web.Tests\bin\Debug\net8.0\BirkNext.Web.Tests.dll" adapterTypeName="executor://xunit/VsTestRunner2/netcoreapp" className="BirkNext.Web.Tests.Pages.SampleProjectsNavigationTests" name="ReviewerClickFetchesEachSupportedFileOnlyOnce" />
    </UnitTest>
    <UnitTest name="BirkNext.Web.Tests.Pages.TaskExplorerSampleProjectTests.TaskExplorer_ClearsProjectHeaderOnProjectDeselection" storage="c:\users\ajaan\source\sdd-repos\birknext\aiassisted\frontend\birknext.web.tests\bin\debug\net8.0\birknext.web.tests.dll" id="ce146397-3612-bb8d-7a38-aa5137b3866d">
      <Execution id="ca52b235-f8a5-4d7a-a598-0e9745f5f63f" />
      <TestMethod codeBase="C:\Users\ajaan\source\sdd-repos\BirkNext\AIAssisted\frontend\BirkNext.Web.Tests\bin\Debug\net8.0\BirkNext.Web.Tests.dll" adapterTypeName="executor://xunit/VsTestRunner2/netcoreapp" className="BirkNext.Web.Tests.Pages.TaskExplorerSampleProjectTests" name="TaskExplorer_ClearsProjectHeaderOnProjectDeselection" />
    </UnitTest>
    <UnitTest name="BirkNext.Web.Tests.Pages.ExplorerPageSourceOfTruthTests.ExplorerPages_UseStandaloneScratchWhenWorkspaceIsEmpty(storageKey: &quot;dme-standalone-datamodel&quot;, kind: DataModel, text: &quot;# Standalone Data Model&quot;)" storage="c:\users\ajaan\source\sdd-repos\birknext\aiassisted\frontend\birknext.web.tests\bin\debug\net8.0\birknext.web.tests.dll" id="3fe1ae01-e415-f82b-ed7d-ff059eaf1f48">
      <Execution id="39885b0d-9849-4a14-914c-b67763d1bd2c" />
      <TestMethod codeBase="C:\Users\ajaan\source\sdd-repos\BirkNext\AIAssisted\frontend\BirkNext.Web.Tests\bin\Debug\net8.0\BirkNext.Web.Tests.dll" adapterTypeName="executor://xunit/VsTestRunner2/netcoreapp" className="BirkNext.Web.Tests.Pages.ExplorerPageSourceOfTruthTests" name="ExplorerPages_UseStandaloneScratchWhenWorkspaceIsEmpty" />
    </UnitTest>
    <UnitTest name="BirkNext.Web.Tests.Pages.TaskExplorerSampleProjectTests.TaskExplorer_ReloadsSameProjectWithoutDuplication" storage="c:\users\ajaan\source\sdd-repos\birknext\aiassisted\frontend\birknext.web.tests\bin\debug\net8.0\birknext.web.tests.dll" id="af29c175-8d65-4ec5-1060-8fd2ce3c4950">
      <Execution id="71a404e7-4ff3-4c6b-9dd1-f1c6a820a3c0" />
      <TestMethod codeBase="C:\Users\ajaan\source\sdd-repos\BirkNext\AIAssisted\frontend\BirkNext.Web.Tests\bin\Debug\net8.0\BirkNext.Web.Tests.dll" adapterTypeName="executor://xunit/VsTestRunner2/netcoreapp" className="BirkNext.Web.Tests.Pages.TaskExplorerSampleProjectTests" name="TaskExplorer_ReloadsSameProjectWithoutDuplication" />
    </UnitTest>
    <UnitTest name="BirkNext.Web.Tests.Pages.ExplorerPageSourceOfTruthTests.ExplorerPages_UseStandaloneScratchWhenWorkspaceIsEmpty(storageKey: &quot;pe-standalone-plan&quot;, kind: Plan, text: &quot;# Standalone Plan&quot;)" storage="c:\users\ajaan\source\sdd-repos\birknext\aiassisted\frontend\birknext.web.tests\bin\debug\net8.0\birknext.web.tests.dll" id="15cd6928-1add-eb11-822d-3e560fe58255">
      <Execution id="3e372914-f506-4096-87eb-c3ea0fe48956" />
      <TestMethod codeBase="C:\Users\ajaan\source\sdd-repos\BirkNext\AIAssisted\frontend\BirkNext.Web.Tests\bin\Debug\net8.0\BirkNext.Web.Tests.dll" adapterTypeName="executor://xunit/VsTestRunner2/netcoreapp" className="BirkNext.Web.Tests.Pages.ExplorerPageSourceOfTruthTests" name="ExplorerPages_UseStandaloneScratchWhenWorkspaceIsEmpty" />
    </UnitTest>
    <UnitTest name="BirkNext.Web.Tests.Pages.TaskExplorerSampleProjectTests.TaskExplorer_HandlesEmptySelectedProject" storage="c:\users\ajaan\source\sdd-repos\birknext\aiassisted\frontend\birknext.web.tests\bin\debug\net8.0\birknext.web.tests.dll" id="ac1ac52e-e7eb-adad-58b4-c99b214e77b8">
      <Execution id="4d1e91a8-2fdc-46b8-bef4-bfe000cbb7da" />
      <TestMethod codeBase="C:\Users\ajaan\source\sdd-repos\BirkNext\AIAssisted\frontend\BirkNext.Web.Tests\bin\Debug\net8.0\BirkNext.Web.Tests.dll" adapterTypeName="executor://xunit/VsTestRunner2/netcoreapp" className="BirkNext.Web.Tests.Pages.TaskExplorerSampleProjectTests" name="TaskExplorer_HandlesEmptySelectedProject" />
    </UnitTest>
    <UnitTest name="BirkNext.Web.Tests.Pages.SampleProjectsNavigationTests.ReviewerLinksLoadSelectedProjectBeforeNavigating(reviewerName: &quot;Data Model Explorer&quot;, expectedRoute: &quot;/data-model-explorer&quot;, expectedKind: DataModel, expectedText: &quot;PERSON data-model.md&quot;)" storage="c:\users\ajaan\source\sdd-repos\birknext\aiassisted\frontend\birknext.web.tests\bin\debug\net8.0\birknext.web.tests.dll" id="6de0d571-848a-ecb0-ab60-525436eee8c3">
      <Execution id="b9e023f4-a6ff-4656-bebb-fa9c39a4d793" />
      <TestMethod codeBase="C:\Users\ajaan\source\sdd-repos\BirkNext\AIAssisted\frontend\BirkNext.Web.Tests\bin\Debug\net8.0\BirkNext.Web.Tests.dll" adapterTypeName="executor://xunit/VsTestRunner2/netcoreapp" className="BirkNext.Web.Tests.Pages.SampleProjectsNavigationTests" name="ReviewerLinksLoadSelectedProjectBeforeNavigating" />
    </UnitTest>
    <UnitTest name="BirkNext.Web.Tests.Pages.TaskExplorerSampleProjectTests.TaskExplorer_LoadsFromSelectedSampleProject" storage="c:\users\ajaan\source\sdd-repos\birknext\aiassisted\frontend\birknext.web.tests\bin\debug\net8.0\birknext.web.tests.dll" id="58bc011a-9089-4334-d3ca-2478e3f66da2">
      <Execution id="2250bd84-840a-4fe8-a426-1ae1aac4ead8" />
      <TestMethod codeBase="C:\Users\ajaan\source\sdd-repos\BirkNext\AIAssisted\frontend\BirkNext.Web.Tests\bin\Debug\net8.0\BirkNext.Web.Tests.dll" adapterTypeName="executor://xunit/VsTestRunner2/netcoreapp" className="BirkNext.Web.Tests.Pages.TaskExplorerSampleProjectTests" name="TaskExplorer_LoadsFromSelectedSampleProject" />
    </UnitTest>
    <UnitTest name="BirkNext.Web.Tests.Services.ConstitutionSampleProjectResolverTests.SetSelectedProject_UpdatesContext" storage="c:\users\ajaan\source\sdd-repos\birknext\aiassisted\frontend\birknext.web.tests\bin\debug\net8.0\birknext.web.tests.dll" id="c90edb55-07b9-1fca-bb4a-871e9064928e">
      <Execution id="e73a6bfb-bee3-4137-9c2d-4dc98adf3317" />
      <TestMethod codeBase="C:\Users\ajaan\source\sdd-repos\BirkNext\AIAssisted\frontend\BirkNext.Web.Tests\bin\Debug\net8.0\BirkNext.Web.Tests.dll" adapterTypeName="executor://xunit/VsTestRunner2/netcoreapp" className="BirkNext.Web.Tests.Services.ConstitutionSampleProjectResolverTests" name="SetSelectedProject_UpdatesContext" />
    </UnitTest>
    <UnitTest name="BirkNext.Web.Tests.Pages.ExplorerPageSourceOfTruthTests.ConstitutionExplorer_UsesSampleProjectBeforeWorkspaceAndStandaloneStorage" storage="c:\users\ajaan\source\sdd-repos\birknext\aiassisted\frontend\birknext.web.tests\bin\debug\net8.0\birknext.web.tests.dll" id="c0330d5a-9aa3-5902-d854-34ef809951c9">
      <Execution id="a9ff5920-6259-40f4-a3bc-120c754bb455" />
      <TestMethod codeBase="C:\Users\ajaan\source\sdd-repos\BirkNext\AIAssisted\frontend\BirkNext.Web.Tests\bin\Debug\net8.0\BirkNext.Web.Tests.dll" adapterTypeName="executor://xunit/VsTestRunner2/netcoreapp" className="BirkNext.Web.Tests.Pages.ExplorerPageSourceOfTruthTests" name="ConstitutionExplorer_UsesSampleProjectBeforeWorkspaceAndStandaloneStorage" />
    </UnitTest>
    <UnitTest name="BirkNext.Web.Tests.Services.ConstitutionSampleProjectResolverTests.ResolveAsync_MissingDocument_ReturnsNotFoundNotFallback" storage="c:\users\ajaan\source\sdd-repos\birknext\aiassisted\frontend\birknext.web.tests\bin\debug\net8.0\birknext.web.tests.dll" id="f145a492-2976-4d4a-b5ce-57eb5e1ef727">
      <Execution id="fde0608c-2d6a-4f80-8243-60c26c2899e9" />
      <TestMethod codeBase="C:\Users\ajaan\source\sdd-repos\BirkNext\AIAssisted\frontend\BirkNext.Web.Tests\bin\Debug\net8.0\BirkNext.Web.Tests.dll" adapterTypeName="executor://xunit/VsTestRunner2/netcoreapp" className="BirkNext.Web.Tests.Services.ConstitutionSampleProjectResolverTests" name="ResolveAsync_MissingDocument_ReturnsNotFoundNotFallback" />
    </UnitTest>
    <UnitTest name="BirkNext.Web.Tests.Pages.DataModelExplorerSampleProjectTests.DataModelExplorer_DoesNotUseWorkspaceAsAutomaticSource" storage="c:\users\ajaan\source\sdd-repos\birknext\aiassisted\frontend\birknext.web.tests\bin\debug\net8.0\birknext.web.tests.dll" id="d724eea0-90bf-50a9-fcd3-dfa7e6ad7789">
      <Execution id="e98039e1-eb85-424e-87af-5b0cd306d679" />
      <TestMethod codeBase="C:\Users\ajaan\source\sdd-repos\BirkNext\AIAssisted\frontend\BirkNext.Web.Tests\bin\Debug\net8.0\BirkNext.Web.Tests.dll" adapterTypeName="executor://xunit/VsTestRunner2/netcoreapp" className="BirkNext.Web.Tests.Pages.DataModelExplorerSampleProjectTests" name="DataModelExplorer_DoesNotUseWorkspaceAsAutomaticSource" />
    </UnitTest>
    <UnitTest name="BirkNext.Web.Tests.Pages.TaskExplorerSampleProjectTests.TaskExplorer_SwitchesProjects" storage="c:\users\ajaan\source\sdd-repos\birknext\aiassisted\frontend\birknext.web.tests\bin\debug\net8.0\birknext.web.tests.dll" id="1e841182-3e62-1b91-1d2b-78ba3be65986">
      <Execution id="4b77846e-4a21-4ec1-80ca-beee8a79fe32" />
      <TestMethod codeBase="C:\Users\ajaan\source\sdd-repos\BirkNext\AIAssisted\frontend\BirkNext.Web.Tests\bin\Debug\net8.0\BirkNext.Web.Tests.dll" adapterTypeName="executor://xunit/VsTestRunner2/netcoreapp" className="BirkNext.Web.Tests.Pages.TaskExplorerSampleProjectTests" name="TaskExplorer_SwitchesProjects" />
    </UnitTest>
    <UnitTest name="BirkNext.Web.Tests.Pages.ExplorerPageSourceOfTruthTests.ExplorerPages_UseStandaloneScratchWhenWorkspaceIsEmpty(storageKey: &quot;te-standalone-tasks&quot;, kind: Tasks, text: &quot;# Standalone Tasks&quot;)" storage="c:\users\ajaan\source\sdd-repos\birknext\aiassisted\frontend\birknext.web.tests\bin\debug\net8.0\birknext.web.tests.dll" id="e9d08b8c-5fee-a912-b302-12d5a96562cc">
      <Execution id="c2ddd575-d6b5-4560-8167-b19e433464fd" />
      <TestMethod codeBase="C:\Users\ajaan\source\sdd-repos\BirkNext\AIAssisted\frontend\BirkNext.Web.Tests\bin\Debug\net8.0\BirkNext.Web.Tests.dll" adapterTypeName="executor://xunit/VsTestRunner2/netcoreapp" className="BirkNext.Web.Tests.Pages.ExplorerPageSourceOfTruthTests" name="ExplorerPages_UseStandaloneScratchWhenWorkspaceIsEmpty" />
    </UnitTest>
    <UnitTest name="BirkNext.Web.Tests.Pages.SpecificationExplorerSampleProjectTests.SpecificationExplorer_ClearsProjectHeaderOnProjectDeselection" storage="c:\users\ajaan\source\sdd-repos\birknext\aiassisted\frontend\birknext.web.tests\bin\debug\net8.0\birknext.web.tests.dll" id="6b4ca3d7-8a60-225a-1fd5-cda22794b3bc">
      <Execution id="342ca80c-53a6-46be-84ed-77ac6360b18b" />
      <TestMethod codeBase="C:\Users\ajaan\source\sdd-repos\BirkNext\AIAssisted\frontend\BirkNext.Web.Tests\bin\Debug\net8.0\BirkNext.Web.Tests.dll" adapterTypeName="executor://xunit/VsTestRunner2/netcoreapp" className="BirkNext.Web.Tests.Pages.SpecificationExplorerSampleProjectTests" name="SpecificationExplorer_ClearsProjectHeaderOnProjectDeselection" />
    </UnitTest>
    <UnitTest name="BirkNext.Web.Tests.Pages.SampleProjectsNavigationTests.ProjectSwitchingReplacesAllWorkspaceArtifacts" storage="c:\users\ajaan\source\sdd-repos\birknext\aiassisted\frontend\birknext.web.tests\bin\debug\net8.0\birknext.web.tests.dll" id="53bf0c73-4540-8f6e-25e2-c9c31a025c5c">
      <Execution id="65515d24-a9ee-460c-b150-58e97d317cf5" />
      <TestMethod codeBase="C:\Users\ajaan\source\sdd-repos\BirkNext\AIAssisted\frontend\BirkNext.Web.Tests\bin\Debug\net8.0\BirkNext.Web.Tests.dll" adapterTypeName="executor://xunit/VsTestRunner2/netcoreapp" className="BirkNext.Web.Tests.Pages.SampleProjectsNavigationTests" name="ProjectSwitchingReplacesAllWorkspaceArtifacts" />
    </UnitTest>
    <UnitTest name="BirkNext.Web.Tests.Pages.ExplorerPageSourceOfTruthTests.ConstitutionExplorer_UsesStandaloneScratchWhenWorkspaceIsEmpty" storage="c:\users\ajaan\source\sdd-repos\birknext\aiassisted\frontend\birknext.web.tests\bin\debug\net8.0\birknext.web.tests.dll" id="44dedde2-76e5-5ca4-7218-eb44e8b008dd">
      <Execution id="413750d8-dd97-4a04-b2b4-4f3e5b9c40bd" />
      <TestMethod codeBase="C:\Users\ajaan\source\sdd-repos\BirkNext\AIAssisted\frontend\BirkNext.Web.Tests\bin\Debug\net8.0\BirkNext.Web.Tests.dll" adapterTypeName="executor://xunit/VsTestRunner2/netcoreapp" className="BirkNext.Web.Tests.Pages.ExplorerPageSourceOfTruthTests" name="ConstitutionExplorer_UsesStandaloneScratchWhenWorkspaceIsEmpty" />
    </UnitTest>
    <UnitTest name="BirkNext.Web.Tests.Pages.SampleProjectsNavigationTests.FailedReviewerLoadDoesNotNavigateAndClearsStaleWorkspace" storage="c:\users\ajaan\source\sdd-repos\birknext\aiassisted\frontend\birknext.web.tests\bin\debug\net8.0\birknext.web.tests.dll" id="5c3c67e4-75c1-0363-ba13-68db69f9ef5f">
      <Execution id="8538f613-8299-4da2-b356-3b04d572e6af" />
      <TestMethod codeBase="C:\Users\ajaan\source\sdd-repos\BirkNext\AIAssisted\frontend\BirkNext.Web.Tests\bin\Debug\net8.0\BirkNext.Web.Tests.dll" adapterTypeName="executor://xunit/VsTestRunner2/netcoreapp" className="BirkNext.Web.Tests.Pages.SampleProjectsNavigationTests" name="FailedReviewerLoadDoesNotNavigateAndClearsStaleWorkspace" />
    </UnitTest>
    <UnitTest name="BirkNext.Web.Tests.Pages.SpecificationExplorerSampleProjectTests.SpecificationExplorer_SwitchesProjects" storage="c:\users\ajaan\source\sdd-repos\birknext\aiassisted\frontend\birknext.web.tests\bin\debug\net8.0\birknext.web.tests.dll" id="d95a531c-3e7d-063e-7bf7-6be34dc86b11">
      <Execution id="83a235b6-de65-4dca-bd8f-6d9073ee2208" />
      <TestMethod codeBase="C:\Users\ajaan\source\sdd-repos\BirkNext\AIAssisted\frontend\BirkNext.Web.Tests\bin\Debug\net8.0\BirkNext.Web.Tests.dll" adapterTypeName="executor://xunit/VsTestRunner2/netcoreapp" className="BirkNext.Web.Tests.Pages.SpecificationExplorerSampleProjectTests" name="SpecificationExplorer_SwitchesProjects" />
    </UnitTest>
    <UnitTest name="BirkNext.Web.Tests.Pages.DataModelExplorerSampleProjectTests.DataModelExplorer_ReloadsSameProjectWithoutDuplication" storage="c:\users\ajaan\source\sdd-repos\birknext\aiassisted\frontend\birknext.web.tests\bin\debug\net8.0\birknext.web.tests.dll" id="9dc270a1-be65-185d-ec4a-acf87eab7425">
      <Execution id="8521f425-341c-4e09-8901-682d6e5e1778" />
      <TestMethod codeBase="C:\Users\ajaan\source\sdd-repos\BirkNext\AIAssisted\frontend\BirkNext.Web.Tests\bin\Debug\net8.0\BirkNext.Web.Tests.dll" adapterTypeName="executor://xunit/VsTestRunner2/netcoreapp" className="BirkNext.Web.Tests.Pages.DataModelExplorerSampleProjectTests" name="DataModelExplorer_ReloadsSameProjectWithoutDuplication" />
    </UnitTest>
  </TestDefinitions>
  <TestEntries>
    <TestEntry testId="ce146397-3612-bb8d-7a38-aa5137b3866d" executionId="ca52b235-f8a5-4d7a-a598-0e9745f5f63f" testListId="8c84fa94-04c1-424b-9868-57a2d4851a1d" />
    <TestEntry testId="b6c2c4fe-31df-1c6f-ec94-0ab141847c62" executionId="76a5504a-97e1-4121-b53c-c609d9e8a6f0" testListId="8c84fa94-04c1-424b-9868-57a2d4851a1d" />
    <TestEntry testId="24c241a0-e179-101a-b5c8-31bc312ac61d" executionId="0139483e-e602-4f66-8d40-a18864ec81cf" testListId="8c84fa94-04c1-424b-9868-57a2d4851a1d" />
    <TestEntry testId="ecbd8a29-c620-a079-1aaf-86d7f1f936f3" executionId="944312bd-0fec-45f1-98e0-264a1f2b671e" testListId="8c84fa94-04c1-424b-9868-57a2d4851a1d" />
    <TestEntry testId="a7269637-39b5-7aab-6f72-76469ab2d538" executionId="c5d64946-c51d-4185-b7fe-0eb2f26da0c3" testListId="8c84fa94-04c1-424b-9868-57a2d4851a1d" />
    <TestEntry testId="da3f82c4-3f5a-3ce6-c628-3622499f8417" executionId="2861d6fc-c5d6-45be-a8c9-6a241afaf68d" testListId="8c84fa94-04c1-424b-9868-57a2d4851a1d" />
    <TestEntry testId="9dc270a1-be65-185d-ec4a-acf87eab7425" executionId="8521f425-341c-4e09-8901-682d6e5e1778" testListId="8c84fa94-04c1-424b-9868-57a2d4851a1d" />
    <TestEntry testId="c0330d5a-9aa3-5902-d854-34ef809951c9" executionId="a9ff5920-6259-40f4-a3bc-120c754bb455" testListId="8c84fa94-04c1-424b-9868-57a2d4851a1d" />
    <TestEntry testId="8c7a33d3-0135-dbcf-86fc-2bae288cf064" executionId="a7248397-5f2c-44d8-ae2d-9153c93c207e" testListId="8c84fa94-04c1-424b-9868-57a2d4851a1d" />
    <TestEntry testId="d95a531c-3e7d-063e-7bf7-6be34dc86b11" executionId="83a235b6-de65-4dca-bd8f-6d9073ee2208" testListId="8c84fa94-04c1-424b-9868-57a2d4851a1d" />
    <TestEntry testId="f431a49d-ede1-daa5-a835-253630a6b4a6" executionId="4ebf7fbe-f849-48e3-9f08-8715c0764b00" testListId="8c84fa94-04c1-424b-9868-57a2d4851a1d" />
    <TestEntry testId="f145a492-2976-4d4a-b5ce-57eb5e1ef727" executionId="fde0608c-2d6a-4f80-8243-60c26c2899e9" testListId="8c84fa94-04c1-424b-9868-57a2d4851a1d" />
    <TestEntry testId="285468a1-255d-a8c0-9516-b54e7d8a61af" executionId="659e46a7-3d80-455d-bea2-00804064e376" testListId="8c84fa94-04c1-424b-9868-57a2d4851a1d" />
    <TestEntry testId="d3ae7e0e-185a-47a8-b3bf-d341692dfc80" executionId="54bea514-3e2f-47c9-9aff-fffb028f7bca" testListId="8c84fa94-04c1-424b-9868-57a2d4851a1d" />
    <TestEntry testId="c90edb55-07b9-1fca-bb4a-871e9064928e" executionId="e73a6bfb-bee3-4137-9c2d-4dc98adf3317" testListId="8c84fa94-04c1-424b-9868-57a2d4851a1d" />
    <TestEntry testId="67831d69-4acb-1b28-4813-e4bcfe01c753" executionId="b10a53a4-4e74-456a-a203-5c3118f1d722" testListId="8c84fa94-04c1-424b-9868-57a2d4851a1d" />
    <TestEntry testId="4dc64b36-df70-577e-a208-c27c7d897ca0" executionId="1251d077-6ed7-40ed-acb8-eb660be9f6e5" testListId="8c84fa94-04c1-424b-9868-57a2d4851a1d" />
    <TestEntry testId="15cd6928-1add-eb11-822d-3e560fe58255" executionId="3e372914-f506-4096-87eb-c3ea0fe48956" testListId="8c84fa94-04c1-424b-9868-57a2d4851a1d" />
    <TestEntry testId="5c3c67e4-75c1-0363-ba13-68db69f9ef5f" executionId="8538f613-8299-4da2-b356-3b04d572e6af" testListId="8c84fa94-04c1-424b-9868-57a2d4851a1d" />
    <TestEntry testId="ac1ac52e-e7eb-adad-58b4-c99b214e77b8" executionId="4d1e91a8-2fdc-46b8-bef4-bfe000cbb7da" testListId="8c84fa94-04c1-424b-9868-57a2d4851a1d" />
    <TestEntry testId="aa5841b6-9f68-7b8a-4f0d-ff5c4c9ae13a" executionId="ff249811-1752-403d-abcc-6a37558e7c78" testListId="8c84fa94-04c1-424b-9868-57a2d4851a1d" />
    <TestEntry testId="d423bedd-f4cc-c836-de95-67a83cd9df10" executionId="7daa73ad-e0f3-4409-911b-bc9bf70a35d6" testListId="8c84fa94-04c1-424b-9868-57a2d4851a1d" />
    <TestEntry testId="31ffab3f-3d8b-a8d7-0147-c12629662658" executionId="95af1c3b-79de-4e8c-be7b-8e64c4075aaa" testListId="8c84fa94-04c1-424b-9868-57a2d4851a1d" />
    <TestEntry testId="53bf0c73-4540-8f6e-25e2-c9c31a025c5c" executionId="65515d24-a9ee-460c-b150-58e97d317cf5" testListId="8c84fa94-04c1-424b-9868-57a2d4851a1d" />
    <TestEntry testId="af29c175-8d65-4ec5-1060-8fd2ce3c4950" executionId="71a404e7-4ff3-4c6b-9dd1-f1c6a820a3c0" testListId="8c84fa94-04c1-424b-9868-57a2d4851a1d" />
    <TestEntry testId="86a2de7f-f961-bf03-d8df-0e0feaaab9f1" executionId="4d80e202-82ec-4dbf-ae5a-bd737dc566da" testListId="8c84fa94-04c1-424b-9868-57a2d4851a1d" />
    <TestEntry testId="44dedde2-76e5-5ca4-7218-eb44e8b008dd" executionId="413750d8-dd97-4a04-b2b4-4f3e5b9c40bd" testListId="8c84fa94-04c1-424b-9868-57a2d4851a1d" />
    <TestEntry testId="1e841182-3e62-1b91-1d2b-78ba3be65986" executionId="4b77846e-4a21-4ec1-80ca-beee8a79fe32" testListId="8c84fa94-04c1-424b-9868-57a2d4851a1d" />
    <TestEntry testId="0a4d6b64-3ec5-0804-bb1d-ad3cf97d6653" executionId="03e9caff-50c8-4fb9-9836-abb5caebfe65" testListId="8c84fa94-04c1-424b-9868-57a2d4851a1d" />
    <TestEntry testId="e9d08b8c-5fee-a912-b302-12d5a96562cc" executionId="c2ddd575-d6b5-4560-8167-b19e433464fd" testListId="8c84fa94-04c1-424b-9868-57a2d4851a1d" />
    <TestEntry testId="0ae1576b-e762-21a4-2222-3fdc03eb3b42" executionId="7ae2c748-b124-4f62-81cf-13ec16ce0bb4" testListId="8c84fa94-04c1-424b-9868-57a2d4851a1d" />
    <TestEntry testId="d9d2d2c2-8f06-f6f8-3199-a330e46f746f" executionId="8692dd78-d39e-4eb1-8d8e-38289f83cadd" testListId="8c84fa94-04c1-424b-9868-57a2d4851a1d" />
    <TestEntry testId="d724eea0-90bf-50a9-fcd3-dfa7e6ad7789" executionId="e98039e1-eb85-424e-87af-5b0cd306d679" testListId="8c84fa94-04c1-424b-9868-57a2d4851a1d" />
    <TestEntry testId="361d28a4-5784-5d97-d94e-cae21b8f6c51" executionId="f070287e-619d-4bc8-b94d-8281e18d148f" testListId="8c84fa94-04c1-424b-9868-57a2d4851a1d" />
    <TestEntry testId="de7b7f6f-ee56-7c22-3c30-ae59500068f4" executionId="448b0364-75f0-4489-91bf-e75d75a36e14" testListId="8c84fa94-04c1-424b-9868-57a2d4851a1d" />
    <TestEntry testId="c68c50ce-25fd-8602-4f14-05b23856e6d4" executionId="089b0857-7c94-4995-89c1-cecb6ac9bc36" testListId="8c84fa94-04c1-424b-9868-57a2d4851a1d" />
    <TestEntry testId="6b4ca3d7-8a60-225a-1fd5-cda22794b3bc" executionId="342ca80c-53a6-46be-84ed-77ac6360b18b" testListId="8c84fa94-04c1-424b-9868-57a2d4851a1d" />
    <TestEntry testId="210a0a54-cc52-8377-c39c-b079d2a02e0c" executionId="e7d7aa3e-86f6-471d-85f8-9e07bbc07914" testListId="8c84fa94-04c1-424b-9868-57a2d4851a1d" />
    <TestEntry testId="6664db61-527e-d74c-bb53-bded492adedd" executionId="dbdea7f1-4b33-4679-9b75-6f14f6f3baaa" testListId="8c84fa94-04c1-424b-9868-57a2d4851a1d" />
    <TestEntry testId="0b7ce24a-8b43-b28f-8855-601482aeeafe" executionId="6394373a-d355-4313-a0f3-eb824c7bf6b8" testListId="8c84fa94-04c1-424b-9868-57a2d4851a1d" />
    <TestEntry testId="6de0d571-848a-ecb0-ab60-525436eee8c3" executionId="b9e023f4-a6ff-4656-bebb-fa9c39a4d793" testListId="8c84fa94-04c1-424b-9868-57a2d4851a1d" />
    <TestEntry testId="98f5c6b4-9483-7f80-0586-8f1d8565e4cd" executionId="4454c539-4302-4d1e-801c-adb55321528f" testListId="8c84fa94-04c1-424b-9868-57a2d4851a1d" />
    <TestEntry testId="3f7c9673-fb34-3ebc-3549-71605be8ddc3" executionId="aae3c5ed-5b90-4f93-9b6c-0a88689d9d1d" testListId="8c84fa94-04c1-424b-9868-57a2d4851a1d" />
    <TestEntry testId="8f00e84b-4dad-f948-eac0-34b2255a3a21" executionId="34973909-6a2c-4cd0-b289-b0ceedfaca2f" testListId="8c84fa94-04c1-424b-9868-57a2d4851a1d" />
    <TestEntry testId="a5dd1463-501f-4b2b-6e11-7b1056736328" executionId="e2f208b4-1027-4a45-b21c-de93d601aee3" testListId="8c84fa94-04c1-424b-9868-57a2d4851a1d" />
    <TestEntry testId="58bc011a-9089-4334-d3ca-2478e3f66da2" executionId="2250bd84-840a-4fe8-a426-1ae1aac4ead8" testListId="8c84fa94-04c1-424b-9868-57a2d4851a1d" />
    <TestEntry testId="ffc29bf8-f3dd-b510-ce83-47285427af94" executionId="4a532b45-6e4f-4027-a1bb-47f28b8e68dc" testListId="8c84fa94-04c1-424b-9868-57a2d4851a1d" />
    <TestEntry testId="3fe1ae01-e415-f82b-ed7d-ff059eaf1f48" executionId="39885b0d-9849-4a14-914c-b67763d1bd2c" testListId="8c84fa94-04c1-424b-9868-57a2d4851a1d" />
    <TestEntry testId="47a95918-18ba-a459-fdc1-db35919eab54" executionId="15a503ba-0715-4852-9a7d-672efaa19eed" testListId="8c84fa94-04c1-424b-9868-57a2d4851a1d" />
    <TestEntry testId="c35ab415-83bc-20b2-a92c-df1979a35f02" executionId="137dd01d-79c3-4d6e-b949-aa4e1fb0403c" testListId="8c84fa94-04c1-424b-9868-57a2d4851a1d" />
    <TestEntry testId="e7db4ed3-cc9d-cc70-87ed-17664c9c575e" executionId="424fb0c6-22cf-4f86-ae6a-9af90de080c5" testListId="8c84fa94-04c1-424b-9868-57a2d4851a1d" />
    <TestEntry testId="fddf3bb8-b4cf-bba8-7c93-5d1fad41ba51" executionId="8a6d5b30-54c2-421f-8135-5a53a74332e9" testListId="8c84fa94-04c1-424b-9868-57a2d4851a1d" />
    <TestEntry testId="d8249221-1eb5-2d07-b8ed-c5a903842fc4" executionId="70ec6f2e-678b-457f-bfca-79f3c8cde6bb" testListId="8c84fa94-04c1-424b-9868-57a2d4851a1d" />
    <TestEntry testId="6d79443a-1b89-96ae-8f2f-89168be6dd6c" executionId="e37b99d2-902a-417c-9f37-76da789e5839" testListId="8c84fa94-04c1-424b-9868-57a2d4851a1d" />
    <TestEntry testId="52cf2472-99ae-5b57-c080-cfa737263999" executionId="030c658a-8d91-4b40-b5f1-72ad7369c3a3" testListId="8c84fa94-04c1-424b-9868-57a2d4851a1d" />
  </TestEntries>
  <TestLists>
    <TestList name="Results Not in a List" id="8c84fa94-04c1-424b-9868-57a2d4851a1d" />
    <TestList name="All Loaded Results" id="19431567-8539-422a-85d7-44ee4e166bda" />
  </TestLists>
  <ResultSummary outcome="Completed">
    <Counters total="55" executed="55" passed="55" failed="0" error="0" timeout="0" aborted="0" inconclusive="0" passedButRunAborted="0" notRunnable="0" notExecuted="0" disconnected="0" warning="0" completed="0" inProgress="0" pending="0" />
    <Output>
      <StdOut>[xUnit.net 00:00:00.00] xUnit.net VSTest Adapter v2.5.3.1+6b60a9e56a (64-bit .NET 8.0.16)&#xD;
[xUnit.net 00:00:00.07]   Discovering: BirkNext.Web.Tests&#xD;
[xUnit.net 00:00:00.18]   Discovered:  BirkNext.Web.Tests&#xD;
[xUnit.net 00:00:00.19]   Starting:    BirkNext.Web.Tests&#xD;
     Warning:&#xD;
     The component "Fluent Assertions" is governed by the rules defined in the Xceed License Agreement and&#xD;
     the Xceed Fluent Assertions Community License. You may use Fluent Assertions free of charge for&#xD;
     non-commercial use only. An active subscription is required to use Fluent Assertions for commercial use.&#xD;
     Please contact Xceed Sales mailto:sales@xceed.com to acquire a subscription at a very low cost.&#xD;
     A paid commercial license supports the development and continued increasing support of&#xD;
     Fluent Assertions users under both commercial and community licenses. Help us&#xD;
     keep Fluent Assertions at the forefront of unit testing.&#xD;
     For more information, visit https://xceed.com/products/unit-testing/fluent-assertions/&#xD;
[xUnit.net 00:00:00.60]   Finished:    BirkNext.Web.Tests&#xD;
</StdOut>
    </Output>
  </ResultSummary>
</TestRun>