<?xml version="1.0" encoding="utf-8"?>
<TestRun id="dc89d6fc-4919-4cfc-921c-e5a0b7efb0d5" name="ajaan@BUF-5CG4423FYV 2026-08-17 13:12:26" runUser="COMMON\ajaan" xmlns="http://microsoft.com/schemas/VisualStudio/TeamTest/2010">
  <Times creation="2026-08-17T13:12:26.4440625+02:00" queuing="2026-08-17T13:12:26.4440628+02:00" start="2026-08-17T13:12:25.8177000+02:00" finish="2026-08-17T13:12:26.9061635+02:00" />
  <TestSettings name="default" id="e4315c1e-7cfd-4026-8b16-f4b78189c2fe">
    <Deployment runDeploymentRoot="ajaan_BUF-5CG4423FYV_2026-08-17_13_12_26" />
  </TestSettings>
  <Results>
    <UnitTestResult executionId="e63aac7b-580d-41d5-88fd-2447fb62b71d" testId="498b4556-d84b-166f-722e-de5a50f870a2" testName="BirkNext.Web.Tests.Components.SpecComparisonPanelSaveTests.SaveButton_NetworkException_ShowsInlineError" computerName="BUF-5CG4423FYV" duration="00:00:00.2756729" startTime="2026-08-17T13:12:26.6393132+02:00" endTime="2026-08-17T13:12:26.6393133+02:00" testType="13cdc9d9-ddb5-4fa4-a97d-d965ccfc6d4b" outcome="Passed" testListId="8c84fa94-04c1-424b-9868-57a2d4851a1d" relativeResultsDirectory="e63aac7b-580d-41d5-88fd-2447fb62b71d" />
    <UnitTestResult executionId="1ce98961-9b47-4b29-a5d1-d793a72e9cc3" testId="092b9bf1-23bf-741f-9592-5b093dba0ec1" testName="BirkNext.Web.Tests.Components.SpecComparisonPanelTests.EmptyDeltaResultsAndProfileCards_RenderBeforeComparison" computerName="BUF-5CG4423FYV" duration="00:00:00.0022770" startTime="2026-08-17T13:12:26.7237752+02:00" endTime="2026-08-17T13:12:26.7237753+02:00" testType="13cdc9d9-ddb5-4fa4-a97d-d965ccfc6d4b" outcome="Passed" testListId="8c84fa94-04c1-424b-9868-57a2d4851a1d" relativeResultsDirectory="1ce98961-9b47-4b29-a5d1-d793a72e9cc3" />
    <UnitTestResult executionId="36f9d179-dfd4-4d68-bcd6-c87236e94d6a" testId="f5bbf6ef-c8a1-8f77-b408-bee4d70e5480" testName="BirkNext.Web.Tests.Services.SpecComparisonServiceTests.Compare_uses_manual_links_for_impacted_tests_and_removed_requirement_hints" computerName="BUF-5CG4423FYV" duration="00:00:00.0024791" startTime="2026-08-17T13:12:26.4139825+02:00" endTime="2026-08-17T13:12:26.4139827+02:00" testType="13cdc9d9-ddb5-4fa4-a97d-d965ccfc6d4b" outcome="Passed" testListId="8c84fa94-04c1-424b-9868-57a2d4851a1d" relativeResultsDirectory="36f9d179-dfd4-4d68-bcd6-c87236e94d6a" />
    <UnitTestResult executionId="9d619ae5-43de-4ab5-a6ea-1df51013d201" testId="5403c129-2c29-10a7-93ce-f05b00f138bf" testName="BirkNext.Web.Tests.Components.SpecComparisonPanelSaveTests.SaveSection_NotPresent_BeforeComparison" computerName="BUF-5CG4423FYV" duration="00:00:00.0027154" startTime="2026-08-17T13:12:26.6793026+02:00" endTime="2026-08-17T13:12:26.6793027+02:00" testType="13cdc9d9-ddb5-4fa4-a97d-d965ccfc6d4b" outcome="Passed" testListId="8c84fa94-04c1-424b-9868-57a2d4851a1d" relativeResultsDirectory="9d619ae5-43de-4ab5-a6ea-1df51013d201" />
    <UnitTestResult executionId="e7b05e42-4e06-40c3-9036-54236a4d3e78" testId="02553e0c-26af-8824-7eea-b6098d18c184" testName="BirkNext.Web.Tests.Services.SpecComparisonServiceTests.Compare_counts_unresolved_clarification_risk" computerName="BUF-5CG4423FYV" duration="00:00:00.0002638" startTime="2026-08-17T13:12:26.4142254+02:00" endTime="2026-08-17T13:12:26.4142255+02:00" testType="13cdc9d9-ddb5-4fa4-a97d-d965ccfc6d4b" outcome="Passed" testListId="8c84fa94-04c1-424b-9868-57a2d4851a1d" relativeResultsDirectory="e7b05e42-4e06-40c3-9036-54236a4d3e78" />
    <UnitTestResult executionId="37223c28-31de-46c6-888b-f32e896483ad" testId="31270317-9d0b-92c0-42a2-82d5ce8c82a0" testName="BirkNext.Web.Tests.Components.SpecComparisonPanelSaveTests.ReviewTitleInput_HasDefaultValueWithComparisonPrefix" computerName="BUF-5CG4423FYV" duration="00:00:00.0093688" startTime="2026-08-17T13:12:26.6887394+02:00" endTime="2026-08-17T13:12:26.6887396+02:00" testType="13cdc9d9-ddb5-4fa4-a97d-d965ccfc6d4b" outcome="Passed" testListId="8c84fa94-04c1-424b-9868-57a2d4851a1d" relativeResultsDirectory="37223c28-31de-46c6-888b-f32e896483ad" />
    <UnitTestResult executionId="a3d16e3a-85a6-4f27-aefe-9bb6c7352806" testId="99736aa5-d15d-364c-a79e-f13d93fcdb6c" testName="BirkNext.Web.Tests.Pages.CompareReviewDetailTests.Page_SpecFileNames_ShownInHeader" computerName="BUF-5CG4423FYV" duration="00:00:00.0042952" startTime="2026-08-17T13:12:26.6328635+02:00" endTime="2026-08-17T13:12:26.6328637+02:00" testType="13cdc9d9-ddb5-4fa4-a97d-d965ccfc6d4b" outcome="Passed" testListId="8c84fa94-04c1-424b-9868-57a2d4851a1d" relativeResultsDirectory="a3d16e3a-85a6-4f27-aefe-9bb6c7352806" />
    <UnitTestResult executionId="2eb622bb-9b6e-4d92-ab53-0505ccbc1d35" testId="a7f0df14-0361-ebae-8543-4b3112e70bc8" testName="BirkNext.Web.Tests.Services.QaDeltaReviewSerializerTests.RoundTrip_PreservesOldAndNewTitles" computerName="BUF-5CG4423FYV" duration="00:00:00.0010280" startTime="2026-08-17T13:12:26.4265676+02:00" endTime="2026-08-17T13:12:26.4265677+02:00" testType="13cdc9d9-ddb5-4fa4-a97d-d965ccfc6d4b" outcome="Passed" testListId="8c84fa94-04c1-424b-9868-57a2d4851a1d" relativeResultsDirectory="2eb622bb-9b6e-4d92-ab53-0505ccbc1d35" />
    <UnitTestResult executionId="b41f07ca-00a9-4b0b-8cf4-c935729a2b3e" testId="7af706ff-fc0c-a455-dfe8-5f6ce89d7e31" testName="BirkNext.Web.Tests.Services.SpecComparisonServiceTests.Compare_detects_added_removed_and_unchanged_items_deterministically" computerName="BUF-5CG4423FYV" duration="00:00:00.0096503" startTime="2026-08-17T13:12:26.4114167+02:00" endTime="2026-08-17T13:12:26.4114169+02:00" testType="13cdc9d9-ddb5-4fa4-a97d-d965ccfc6d4b" outcome="Passed" testListId="8c84fa94-04c1-424b-9868-57a2d4851a1d" relativeResultsDirectory="b41f07ca-00a9-4b0b-8cf4-c935729a2b3e" />
    <UnitTestResult executionId="78a5afd5-2202-4a9c-9f6e-20262421eef7" testId="abb76f5d-081d-349e-02cc-3543e94bcd11" testName="BirkNext.Web.Tests.Components.QaDeltaReviewListTests.Reviews_ShowsSummaryMetrics" computerName="BUF-5CG4423FYV" duration="00:00:00.0019627" startTime="2026-08-17T13:12:26.6921140+02:00" endTime="2026-08-17T13:12:26.6921141+02:00" testType="13cdc9d9-ddb5-4fa4-a97d-d965ccfc6d4b" outcome="Passed" testListId="8c84fa94-04c1-424b-9868-57a2d4851a1d" relativeResultsDirectory="78a5afd5-2202-4a9c-9f6e-20262421eef7" />
    <UnitTestResult executionId="194588a1-f9fb-43cc-93af-aa5cb0d58b03" testId="900e0a17-8baf-f670-5fbb-63653dacaca0" testName="BirkNext.Web.Tests.Pages.CompareReviewDetailTests.Page_LoadError_ShowsInlineError" computerName="BUF-5CG4423FYV" duration="00:00:00.0019383" startTime="2026-08-17T13:12:26.6471029+02:00" endTime="2026-08-17T13:12:26.6471030+02:00" testType="13cdc9d9-ddb5-4fa4-a97d-d965ccfc6d4b" outcome="Passed" testListId="8c84fa94-04c1-424b-9868-57a2d4851a1d" relativeResultsDirectory="194588a1-f9fb-43cc-93af-aa5cb0d58b03" />
    <UnitTestResult executionId="1506c184-d06f-481b-a43a-99828c6778cd" testId="672b9162-6c66-2d06-460c-3c175afbf0a6" testName="BirkNext.Web.Tests.Components.SpecComparisonPanelTests.DeltaSummaryAndChangeExplorer_AppearAfterComparison" computerName="BUF-5CG4423FYV" duration="00:00:00.0078663" startTime="2026-08-17T13:12:26.7932125+02:00" endTime="2026-08-17T13:12:26.7932126+02:00" testType="13cdc9d9-ddb5-4fa4-a97d-d965ccfc6d4b" outcome="Passed" testListId="8c84fa94-04c1-424b-9868-57a2d4851a1d" relativeResultsDirectory="1506c184-d06f-481b-a43a-99828c6778cd" />
    <UnitTestResult executionId="c40c7378-0725-41ec-8a76-88c9fbd4b4db" testId="f879cac6-bb42-991c-c945-1634f6fbc201" testName="BirkNext.Web.Tests.Services.QaDeltaReviewSerializerTests.RoundTrip_ClassificationsGroupedCorrectly" computerName="BUF-5CG4423FYV" duration="00:00:00.0008048" startTime="2026-08-17T13:12:26.4254762+02:00" endTime="2026-08-17T13:12:26.4254763+02:00" testType="13cdc9d9-ddb5-4fa4-a97d-d965ccfc6d4b" outcome="Passed" testListId="8c84fa94-04c1-424b-9868-57a2d4851a1d" relativeResultsDirectory="c40c7378-0725-41ec-8a76-88c9fbd4b4db" />
    <UnitTestResult executionId="ee032a01-373e-4bf2-beea-82ba6f9e2d42" testId="938a8609-ae37-1af6-5c3e-127d348f8023" testName="BirkNext.Web.Tests.Components.QaDeltaReviewListTests.Reviews_RendersOneCardPerReview" computerName="BUF-5CG4423FYV" duration="00:00:00.2290449" startTime="2026-08-17T13:12:26.5926794+02:00" endTime="2026-08-17T13:12:26.5926795+02:00" testType="13cdc9d9-ddb5-4fa4-a97d-d965ccfc6d4b" outcome="Passed" testListId="8c84fa94-04c1-424b-9868-57a2d4851a1d" relativeResultsDirectory="ee032a01-373e-4bf2-beea-82ba6f9e2d42" />
    <UnitTestResult executionId="3d8e9150-1ae4-4850-a126-2aae9cc99109" testId="12016d22-3c47-5469-c0c7-51a3b9f92520" testName="BirkNext.Web.Tests.Components.SpecComparisonPanelTests.DeltaCard_Modified_ShowsDiffGrid" computerName="BUF-5CG4423FYV" duration="00:00:00.0264195" startTime="2026-08-17T13:12:26.6753990+02:00" endTime="2026-08-17T13:12:26.6753991+02:00" testType="13cdc9d9-ddb5-4fa4-a97d-d965ccfc6d4b" outcome="Passed" testListId="8c84fa94-04c1-424b-9868-57a2d4851a1d" relativeResultsDirectory="3d8e9150-1ae4-4850-a126-2aae9cc99109" />
    <UnitTestResult executionId="9abf9b35-431a-4aff-a399-9883d2cec928" testId="623242aa-9c1d-b833-0d69-832fadd21461" testName="BirkNext.Web.Tests.Pages.CompareReviewDetailTests.Page_EmptyDeltas_ShowsChangeExplorerEmpty" computerName="BUF-5CG4423FYV" duration="00:00:00.0025212" startTime="2026-08-17T13:12:26.6451444+02:00" endTime="2026-08-17T13:12:26.6451445+02:00" testType="13cdc9d9-ddb5-4fa4-a97d-d965ccfc6d4b" outcome="Passed" testListId="8c84fa94-04c1-424b-9868-57a2d4851a1d" relativeResultsDirectory="9abf9b35-431a-4aff-a399-9883d2cec928" />
    <UnitTestResult executionId="df91abbc-b95e-4a9c-ab0a-26501518f94e" testId="b19c56cb-61b8-1306-79f6-9f3d733db9db" testName="BirkNext.Web.Tests.Components.SpecComparisonPanelTests.FilterChip_AllDeltas_IsActiveByDefault" computerName="BUF-5CG4423FYV" duration="00:00:00.0081022" startTime="2026-08-17T13:12:26.8428357+02:00" endTime="2026-08-17T13:12:26.8428358+02:00" testType="13cdc9d9-ddb5-4fa4-a97d-d965ccfc6d4b" outcome="Passed" testListId="8c84fa94-04c1-424b-9868-57a2d4851a1d" relativeResultsDirectory="df91abbc-b95e-4a9c-ab0a-26501518f94e" />
    <UnitTestResult executionId="54453881-ffb0-435f-a8e3-e237531d0ab8" testId="1103d4ac-4586-bc72-7396-6b6ae949f17e" testName="BirkNext.Web.Tests.Pages.CompareReviewDetailTests.Page_RendersDeltaSummary_FromDeserializedJson" computerName="BUF-5CG4423FYV" duration="00:00:00.0031250" startTime="2026-08-17T13:12:26.6396645+02:00" endTime="2026-08-17T13:12:26.6396646+02:00" testType="13cdc9d9-ddb5-4fa4-a97d-d965ccfc6d4b" outcome="Passed" testListId="8c84fa94-04c1-424b-9868-57a2d4851a1d" relativeResultsDirectory="54453881-ffb0-435f-a8e3-e237531d0ab8" />
    <UnitTestResult executionId="3787efd1-0645-42e5-b2a4-c7a4daedd2db" testId="77e583ad-6fdc-3047-8ac4-4c23f99f53dc" testName="BirkNext.Web.Tests.Pages.AnalysisNavigationTests.SpecDrift_IncludesChangesTab" computerName="BUF-5CG4423FYV" duration="00:00:00.0486405" startTime="2026-08-17T13:12:26.6195468+02:00" endTime="2026-08-17T13:12:26.6195468+02:00" testType="13cdc9d9-ddb5-4fa4-a97d-d965ccfc6d4b" outcome="Passed" testListId="8c84fa94-04c1-424b-9868-57a2d4851a1d" relativeResultsDirectory="3787efd1-0645-42e5-b2a4-c7a4daedd2db" />
    <UnitTestResult executionId="a894490f-dffa-4a92-892c-4ceb6b608f02" testId="99e99bba-c6d6-1922-850d-16323ed25a9a" testName="BirkNext.Web.Tests.Components.SpecComparisonPanelTests.FilterChip_Requirements_BecomesActiveWhenClicked" computerName="BUF-5CG4423FYV" duration="00:00:00.0104155" startTime="2026-08-17T13:12:26.8036997+02:00" endTime="2026-08-17T13:12:26.8036998+02:00" testType="13cdc9d9-ddb5-4fa4-a97d-d965ccfc6d4b" outcome="Passed" testListId="8c84fa94-04c1-424b-9868-57a2d4851a1d" relativeResultsDirectory="a894490f-dffa-4a92-892c-4ceb6b608f02" />
    <UnitTestResult executionId="f1a57547-d299-4c3f-b4b9-28f908a8b90d" testId="74ef9b65-a295-5566-a60c-1497060f7f8e" testName="BirkNext.Web.Tests.Components.SpecComparisonPanelTests.FilterChip_Added_BecomesActiveWhenClicked" computerName="BUF-5CG4423FYV" duration="00:00:00.0106746" startTime="2026-08-17T13:12:26.7688791+02:00" endTime="2026-08-17T13:12:26.7688792+02:00" testType="13cdc9d9-ddb5-4fa4-a97d-d965ccfc6d4b" outcome="Passed" testListId="8c84fa94-04c1-424b-9868-57a2d4851a1d" relativeResultsDirectory="f1a57547-d299-4c3f-b4b9-28f908a8b90d" />
    <UnitTestResult executionId="b841a1ff-eecf-4dc3-b2d2-1de743895620" testId="a2c7bf97-867d-948c-f864-9c15a99532b8" testName="BirkNext.Web.Tests.Components.SpecComparisonPanelTests.ChangeExplorer_ShowsEmptyState_WhenDeltaFilterHasNoMatches" computerName="BUF-5CG4423FYV" duration="00:00:00.0196067" startTime="2026-08-17T13:12:26.7126495+02:00" endTime="2026-08-17T13:12:26.7126496+02:00" testType="13cdc9d9-ddb5-4fa4-a97d-d965ccfc6d4b" outcome="Passed" testListId="8c84fa94-04c1-424b-9868-57a2d4851a1d" relativeResultsDirectory="b841a1ff-eecf-4dc3-b2d2-1de743895620" />
    <UnitTestResult executionId="6d1a34e0-2120-4327-99bf-c63b079410c8" testId="9bfb8581-9a7a-39ee-4971-9104b14c9d27" testName="BirkNext.Web.Tests.Pages.AnalysisNavigationTests.OldRoutes_RedirectToSpecDrift" computerName="BUF-5CG4423FYV" duration="00:00:00.2066866" startTime="2026-08-17T13:12:26.5708133+02:00" endTime="2026-08-17T13:12:26.5708134+02:00" testType="13cdc9d9-ddb5-4fa4-a97d-d965ccfc6d4b" outcome="Passed" testListId="8c84fa94-04c1-424b-9868-57a2d4851a1d" relativeResultsDirectory="6d1a34e0-2120-4327-99bf-c63b079410c8" />
    <UnitTestResult executionId="b56eca8d-2911-45f4-a394-cd382376f402" testId="6e50b20f-b40a-cc5a-e2d8-8bb6dbdfed2f" testName="BirkNext.Web.Tests.Components.QaDeltaReviewListTests.DeleteButton_Click_ThenConfirm_InvokesCallback" computerName="BUF-5CG4423FYV" duration="00:00:00.0660853" startTime="2026-08-17T13:12:26.6857045+02:00" endTime="2026-08-17T13:12:26.6857046+02:00" testType="13cdc9d9-ddb5-4fa4-a97d-d965ccfc6d4b" outcome="Passed" testListId="8c84fa94-04c1-424b-9868-57a2d4851a1d" relativeResultsDirectory="b56eca8d-2911-45f4-a394-cd382376f402" />
    <UnitTestResult executionId="60948eb0-1c65-4ccd-ba72-77b5ba8b5ccf" testId="a08a902a-e20d-d32e-f0aa-55df88d8f08e" testName="BirkNext.Web.Tests.Pages.ExtractionAcceptanceCriteriaTests.ExtractionPage_DoesNotRenderSpecComparisonUi" computerName="BUF-5CG4423FYV" duration="00:00:00.2554156" startTime="2026-08-17T13:12:26.6190279+02:00" endTime="2026-08-17T13:12:26.6190280+02:00" testType="13cdc9d9-ddb5-4fa4-a97d-d965ccfc6d4b" outcome="Passed" testListId="8c84fa94-04c1-424b-9868-57a2d4851a1d" relativeResultsDirectory="60948eb0-1c65-4ccd-ba72-77b5ba8b5ccf" />
    <UnitTestResult executionId="b0020335-903d-4d46-8e5e-721be93de67f" testId="e777a9bb-2b68-a4b8-e4bf-88ed0ce3d7ee" testName="BirkNext.Web.Tests.Pages.AnalysisNavigationTests.NoDuplicateSpecComparisonEntryExists" computerName="BUF-5CG4423FYV" duration="00:00:00.0080119" startTime="2026-08-17T13:12:26.6276441+02:00" endTime="2026-08-17T13:12:26.6276443+02:00" testType="13cdc9d9-ddb5-4fa4-a97d-d965ccfc6d4b" outcome="Passed" testListId="8c84fa94-04c1-424b-9868-57a2d4851a1d" relativeResultsDirectory="b0020335-903d-4d46-8e5e-721be93de67f" />
    <UnitTestResult executionId="601c2ae1-9b93-4c38-a49a-4d0b15584caa" testId="8748ece6-8a1f-70e0-cb62-a004a2ac44c8" testName="BirkNext.Web.Tests.Components.QaDeltaReviewListTests.Review_WithCoverageImpact_ShowsAttentionStatus" computerName="BUF-5CG4423FYV" duration="00:00:00.0019547" startTime="2026-08-17T13:12:26.6940509+02:00" endTime="2026-08-17T13:12:26.6940510+02:00" testType="13cdc9d9-ddb5-4fa4-a97d-d965ccfc6d4b" outcome="Passed" testListId="8c84fa94-04c1-424b-9868-57a2d4851a1d" relativeResultsDirectory="601c2ae1-9b93-4c38-a49a-4d0b15584caa" />
    <UnitTestResult executionId="b8645c4d-c642-4eab-b328-8897f69f1d10" testId="29cf307d-604d-1fe8-6ca6-aac5365e693b" testName="BirkNext.Web.Tests.Pages.CompareReviewDetailTests.Page_RendersDeltaCards_FromDeserializedJson" computerName="BUF-5CG4423FYV" duration="00:00:00.0035774" startTime="2026-08-17T13:12:26.6364963+02:00" endTime="2026-08-17T13:12:26.6364964+02:00" testType="13cdc9d9-ddb5-4fa4-a97d-d965ccfc6d4b" outcome="Passed" testListId="8c84fa94-04c1-424b-9868-57a2d4851a1d" relativeResultsDirectory="b8645c4d-c642-4eab-b328-8897f69f1d10" />
    <UnitTestResult executionId="f3fba3c8-afe3-44d8-8846-6de3f252e422" testId="cbe349bd-855d-af59-fd00-bbca9d94a735" testName="BirkNext.Web.Tests.Pages.AnalysisNavigationTests.SpecDriftIsOnlySpecChangeEntryPoint" computerName="BUF-5CG4423FYV" duration="00:00:00.0030596" startTime="2026-08-17T13:12:26.6307717+02:00" endTime="2026-08-17T13:12:26.6307718+02:00" testType="13cdc9d9-ddb5-4fa4-a97d-d965ccfc6d4b" outcome="Passed" testListId="8c84fa94-04c1-424b-9868-57a2d4851a1d" relativeResultsDirectory="f3fba3c8-afe3-44d8-8846-6de3f252e422" />
    <UnitTestResult executionId="b59b006e-02cb-4899-b57d-33b0e2f7d532" testId="4da17da7-7e92-1aed-1102-f845dfa0e5ae" testName="BirkNext.Web.Tests.Services.SpecComparisonServiceTests.Compare_matches_requirements_by_extracted_id_and_marks_modified" computerName="BUF-5CG4423FYV" duration="00:00:00.0321984" startTime="2026-08-17T13:12:26.4012478+02:00" endTime="2026-08-17T13:12:26.4012610+02:00" testType="13cdc9d9-ddb5-4fa4-a97d-d965ccfc6d4b" outcome="Passed" testListId="8c84fa94-04c1-424b-9868-57a2d4851a1d" relativeResultsDirectory="b59b006e-02cb-4899-b57d-33b0e2f7d532" />
    <UnitTestResult executionId="c667521d-16f8-4549-8bc3-310c373e2fa3" testId="e389458c-c695-bd3b-3c86-804b4cf40615" testName="BirkNext.Web.Tests.Components.SpecComparisonPanelSaveTests.SaveButton_ApiError_ShowsInlineError" computerName="BUF-5CG4423FYV" duration="00:00:00.0116779" startTime="2026-08-17T13:12:26.7295210+02:00" endTime="2026-08-17T13:12:26.7295211+02:00" testType="13cdc9d9-ddb5-4fa4-a97d-d965ccfc6d4b" outcome="Passed" testListId="8c84fa94-04c1-424b-9868-57a2d4851a1d" relativeResultsDirectory="c667521d-16f8-4549-8bc3-310c373e2fa3" />
    <UnitTestResult executionId="784a828a-4184-4b02-a917-0966a8c0250c" testId="c0f301f4-3b84-dd5c-40a5-f2836066e78d" testName="BirkNext.Web.Tests.Components.SpecComparisonPanelSaveTests.SaveSection_AppearsAfterComparison" computerName="BUF-5CG4423FYV" duration="00:00:00.0214342" startTime="2026-08-17T13:12:26.7646712+02:00" endTime="2026-08-17T13:12:26.7646713+02:00" testType="13cdc9d9-ddb5-4fa4-a97d-d965ccfc6d4b" outcome="Passed" testListId="8c84fa94-04c1-424b-9868-57a2d4851a1d" relativeResultsDirectory="784a828a-4184-4b02-a917-0966a8c0250c" />
    <UnitTestResult executionId="7c47fd1c-34e6-4379-b116-0de337a57799" testId="7e5bda9d-c712-5dfe-1902-66dc48a88791" testName="BirkNext.Web.Tests.Components.SpecComparisonPanelTests.FilterToolbar_HasAriaLabel" computerName="BUF-5CG4423FYV" duration="00:00:00.0089566" startTime="2026-08-17T13:12:26.6929232+02:00" endTime="2026-08-17T13:12:26.6929234+02:00" testType="13cdc9d9-ddb5-4fa4-a97d-d965ccfc6d4b" outcome="Passed" testListId="8c84fa94-04c1-424b-9868-57a2d4851a1d" relativeResultsDirectory="7c47fd1c-34e6-4379-b116-0de337a57799" />
    <UnitTestResult executionId="3724eb28-32f7-434b-ac82-79fd9cba164a" testId="64dd24ee-777a-9b50-4115-2c3d4d3561c9" testName="BirkNext.Web.Tests.Components.SpecComparisonPanelTests.SpecInputTextareas_HaveAriaLabels" computerName="BUF-5CG4423FYV" duration="00:00:00.0023975" startTime="2026-08-17T13:12:26.8086826+02:00" endTime="2026-08-17T13:12:26.8086826+02:00" testType="13cdc9d9-ddb5-4fa4-a97d-d965ccfc6d4b" outcome="Passed" testListId="8c84fa94-04c1-424b-9868-57a2d4851a1d" relativeResultsDirectory="3724eb28-32f7-434b-ac82-79fd9cba164a" />
    <UnitTestResult executionId="a7c03ab5-2173-4779-8033-8b3ce46bb11d" testId="1ed7bf5e-9306-f1a5-188b-a16fdfb560b5" testName="BirkNext.Web.Tests.Pages.CompareReviewDetailTests.Page_RendersTitle_FromLoadedReview" computerName="BUF-5CG4423FYV" duration="00:00:00.0027816" startTime="2026-08-17T13:12:26.6425415+02:00" endTime="2026-08-17T13:12:26.6425416+02:00" testType="13cdc9d9-ddb5-4fa4-a97d-d965ccfc6d4b" outcome="Passed" testListId="8c84fa94-04c1-424b-9868-57a2d4851a1d" relativeResultsDirectory="a7c03ab5-2173-4779-8033-8b3ce46bb11d" />
    <UnitTestResult executionId="40551147-c258-4fe8-8a11-bce7a84fd5f6" testId="eca735bf-03e6-d584-9b07-b258108633fb" testName="BirkNext.Web.Tests.Components.QaDeltaReviewListTests.EmptyList_ShowsEmptyState" computerName="BUF-5CG4423FYV" duration="00:00:00.0017442" startTime="2026-08-17T13:12:26.6875742+02:00" endTime="2026-08-17T13:12:26.6875744+02:00" testType="13cdc9d9-ddb5-4fa4-a97d-d965ccfc6d4b" outcome="Passed" testListId="8c84fa94-04c1-424b-9868-57a2d4851a1d" relativeResultsDirectory="40551147-c258-4fe8-8a11-bce7a84fd5f6" />
    <UnitTestResult executionId="4dd1ca7e-98a7-468e-9336-66ab359890f3" testId="00ee26eb-e6df-4bbe-f6d2-b5c7e3b51027" testName="BirkNext.Web.Tests.Components.SpecComparisonPanelTests.DeltaCards_AreRenderedAfterComparison" computerName="BUF-5CG4423FYV" duration="00:00:00.0087122" startTime="2026-08-17T13:12:26.7214473+02:00" endTime="2026-08-17T13:12:26.7214474+02:00" testType="13cdc9d9-ddb5-4fa4-a97d-d965ccfc6d4b" outcome="Passed" testListId="8c84fa94-04c1-424b-9868-57a2d4851a1d" relativeResultsDirectory="4dd1ca7e-98a7-468e-9336-66ab359890f3" />
    <UnitTestResult executionId="7c61bf1c-9871-4993-b3f2-bd7000ae4392" testId="3e192285-0ca7-e56c-0c70-86bb6144c98f" testName="BirkNext.Web.Tests.Components.QaDeltaReviewListTests.OpenLink_HasCorrectHref" computerName="BUF-5CG4423FYV" duration="00:00:00.0024762" startTime="2026-08-17T13:12:26.6901120+02:00" endTime="2026-08-17T13:12:26.6901121+02:00" testType="13cdc9d9-ddb5-4fa4-a97d-d965ccfc6d4b" outcome="Passed" testListId="8c84fa94-04c1-424b-9868-57a2d4851a1d" relativeResultsDirectory="7c61bf1c-9871-4993-b3f2-bd7000ae4392" />
    <UnitTestResult executionId="a298325e-aba8-42c2-a8c8-287ca5f55c7c" testId="2c80280c-9728-dc8d-8e68-33ddbcb31b3a" testName="BirkNext.Web.Tests.Components.SpecComparisonPanelTests.ChangeExplorer_ShowsEmptyState_WhenKindFilterHasNoMatches" computerName="BUF-5CG4423FYV" duration="00:00:00.0100378" startTime="2026-08-17T13:12:26.7338773+02:00" endTime="2026-08-17T13:12:26.7338775+02:00" testType="13cdc9d9-ddb5-4fa4-a97d-d965ccfc6d4b" outcome="Passed" testListId="8c84fa94-04c1-424b-9868-57a2d4851a1d" relativeResultsDirectory="a298325e-aba8-42c2-a8c8-287ca5f55c7c" />
    <UnitTestResult executionId="0035c136-21c6-4480-bab7-250ae17ca519" testId="dbc31587-0c8c-e62f-52c9-017bbb4cc65b" testName="BirkNext.Web.Tests.Components.SpecComparisonPanelTests.FilterChips_HaveAriaPressed" computerName="BUF-5CG4423FYV" duration="00:00:00.0089395" startTime="2026-08-17T13:12:26.8346650+02:00" endTime="2026-08-17T13:12:26.8346651+02:00" testType="13cdc9d9-ddb5-4fa4-a97d-d965ccfc6d4b" outcome="Passed" testListId="8c84fa94-04c1-424b-9868-57a2d4851a1d" relativeResultsDirectory="0035c136-21c6-4480-bab7-250ae17ca519" />
    <UnitTestResult executionId="8b0a4218-bb96-4dc7-b2e3-f76b6d66d519" testId="3ec1e308-72c9-b9d9-ed82-2529bb2e8e45" testName="BirkNext.Web.Tests.Components.SpecComparisonPanelTests.FilterChip_AllTypes_IsActiveByDefault" computerName="BUF-5CG4423FYV" duration="00:00:00.0100120" startTime="2026-08-17T13:12:26.6488912+02:00" endTime="2026-08-17T13:12:26.6488913+02:00" testType="13cdc9d9-ddb5-4fa4-a97d-d965ccfc6d4b" outcome="Passed" testListId="8c84fa94-04c1-424b-9868-57a2d4851a1d" relativeResultsDirectory="8b0a4218-bb96-4dc7-b2e3-f76b6d66d519" />
    <UnitTestResult executionId="1a1fc6cc-7f6e-47f8-aa13-8d9899d08e12" testId="09415457-0940-1d58-b398-a3a1d8c1605c" testName="BirkNext.Web.Tests.Services.QaDeltaReviewSerializerTests.RoundTrip_PreservesRemovedItemTitle" computerName="BUF-5CG4423FYV" duration="00:00:00.0003314" startTime="2026-08-17T13:12:26.4400934+02:00" endTime="2026-08-17T13:12:26.4400935+02:00" testType="13cdc9d9-ddb5-4fa4-a97d-d965ccfc6d4b" outcome="Passed" testListId="8c84fa94-04c1-424b-9868-57a2d4851a1d" relativeResultsDirectory="1a1fc6cc-7f6e-47f8-aa13-8d9899d08e12" />
    <UnitTestResult executionId="32da72d3-9b28-45f2-8548-71219170dfa2" testId="6884907d-cbbc-0420-ef35-4a17f0715e06" testName="BirkNext.Web.Tests.Components.SpecComparisonPanelTests.ChangeExplorer_HidesEmptyState_WhenResultsExist" computerName="BUF-5CG4423FYV" duration="00:00:00.0081447" startTime="2026-08-17T13:12:26.7771059+02:00" endTime="2026-08-17T13:12:26.7771060+02:00" testType="13cdc9d9-ddb5-4fa4-a97d-d965ccfc6d4b" outcome="Passed" testListId="8c84fa94-04c1-424b-9868-57a2d4851a1d" relativeResultsDirectory="32da72d3-9b28-45f2-8548-71219170dfa2" />
    <UnitTestResult executionId="77a3829e-61ea-462d-a0bc-8f604d167129" testId="277e1293-8074-9e83-f5bf-212d7b4ff5aa" testName="BirkNext.Web.Tests.Pages.CompareSpecsPageTests.CompareSpecs_RedirectsToSpecDrift" computerName="BUF-5CG4423FYV" duration="00:00:00.2069851" startTime="2026-08-17T13:12:26.5707694+02:00" endTime="2026-08-17T13:12:26.5707696+02:00" testType="13cdc9d9-ddb5-4fa4-a97d-d965ccfc6d4b" outcome="Passed" testListId="8c84fa94-04c1-424b-9868-57a2d4851a1d" relativeResultsDirectory="77a3829e-61ea-462d-a0bc-8f604d167129" />
    <UnitTestResult executionId="7a588566-cf61-46d7-8f18-3830748283f6" testId="d4e6cbd9-d45d-5e06-a5fb-aafac4afb6e0" testName="BirkNext.Web.Tests.Components.SpecComparisonPanelTests.DeltaCard_Added_ShowsSingleTextWithoutDiffGrid" computerName="BUF-5CG4423FYV" duration="00:00:00.0091244" startTime="2026-08-17T13:12:26.8607396+02:00" endTime="2026-08-17T13:12:26.8607397+02:00" testType="13cdc9d9-ddb5-4fa4-a97d-d965ccfc6d4b" outcome="Passed" testListId="8c84fa94-04c1-424b-9868-57a2d4851a1d" relativeResultsDirectory="7a588566-cf61-46d7-8f18-3830748283f6" />
    <UnitTestResult executionId="e1205736-6d9d-460e-9b87-75090269bac1" testId="f19f8748-9252-b563-e93a-3f41d015cb89" testName="BirkNext.Web.Tests.Components.QaDeltaReviewListTests.DeleteError_ShowsInline" computerName="BUF-5CG4423FYV" duration="00:00:00.0267766" startTime="2026-08-17T13:12:26.6195372+02:00" endTime="2026-08-17T13:12:26.6195372+02:00" testType="13cdc9d9-ddb5-4fa4-a97d-d965ccfc6d4b" outcome="Passed" testListId="8c84fa94-04c1-424b-9868-57a2d4851a1d" relativeResultsDirectory="e1205736-6d9d-460e-9b87-75090269bac1" />
    <UnitTestResult executionId="9b89549b-a57d-4aa6-a562-c6c83b46bcd6" testId="e8ab4f6f-4b30-d28f-213d-92a9b4858d50" testName="BirkNext.Web.Tests.Components.SpecComparisonPanelTests.ChangeExplorer_SectionHeading_HasSeparateCountElement" computerName="BUF-5CG4423FYV" duration="00:00:00.0084274" startTime="2026-08-17T13:12:26.6838962+02:00" endTime="2026-08-17T13:12:26.6838963+02:00" testType="13cdc9d9-ddb5-4fa4-a97d-d965ccfc6d4b" outcome="Passed" testListId="8c84fa94-04c1-424b-9868-57a2d4851a1d" relativeResultsDirectory="9b89549b-a57d-4aa6-a562-c6c83b46bcd6" />
    <UnitTestResult executionId="0927d10c-7282-4ecb-88e4-c0f3e1728aba" testId="9bb6d036-afea-c7f7-7951-c4b9e28366b0" testName="BirkNext.Web.Tests.Components.SpecComparisonPanelSaveTests.SaveButton_EmptyTitle_ShowsValidationError_AndDoesNotCallMutation" computerName="BUF-5CG4423FYV" duration="00:00:00.0371221" startTime="2026-08-17T13:12:26.6764906+02:00" endTime="2026-08-17T13:12:26.6764907+02:00" testType="13cdc9d9-ddb5-4fa4-a97d-d965ccfc6d4b" outcome="Passed" testListId="8c84fa94-04c1-424b-9868-57a2d4851a1d" relativeResultsDirectory="0927d10c-7282-4ecb-88e4-c0f3e1728aba" />
    <UnitTestResult executionId="893fee9a-79fa-46a9-8925-e6db32f8d1ad" testId="e0f83168-323c-06ea-6c9a-31f6281fc72b" testName="BirkNext.Web.Tests.Components.SpecComparisonPanelTests.DeltaCard_StatusAndKindBadges_AreRenderedAsSeparateElements" computerName="BUF-5CG4423FYV" duration="00:00:00.0168714" startTime="2026-08-17T13:12:26.8256124+02:00" endTime="2026-08-17T13:12:26.8256125+02:00" testType="13cdc9d9-ddb5-4fa4-a97d-d965ccfc6d4b" outcome="Passed" testListId="8c84fa94-04c1-424b-9868-57a2d4851a1d" relativeResultsDirectory="893fee9a-79fa-46a9-8925-e6db32f8d1ad" />
    <UnitTestResult executionId="f69536ca-614e-489e-b8d5-1eec30c13c03" testId="b86bfd99-f9ff-5b4b-0ee1-d93d9704b31b" testName="BirkNext.Web.Tests.Components.SpecComparisonPanelTests.ChangeExplorer_SectionHeading_ContainsRequirementsText" computerName="BUF-5CG4423FYV" duration="00:00:00.0085692" startTime="2026-08-17T13:12:26.8515291+02:00" endTime="2026-08-17T13:12:26.8515292+02:00" testType="13cdc9d9-ddb5-4fa4-a97d-d965ccfc6d4b" outcome="Passed" testListId="8c84fa94-04c1-424b-9868-57a2d4851a1d" relativeResultsDirectory="f69536ca-614e-489e-b8d5-1eec30c13c03" />
    <UnitTestResult executionId="c76829b1-0a6e-431b-8241-2d9692b70389" testId="85d80911-8653-7803-a698-303c0c36e1e4" testName="BirkNext.Web.Tests.Services.QaDeltaReviewSerializerTests.RoundTrip_PreservesAddedItemTitle" computerName="BUF-5CG4423FYV" duration="00:00:00.0006246" startTime="2026-08-17T13:12:26.4319641+02:00" endTime="2026-08-17T13:12:26.4319642+02:00" testType="13cdc9d9-ddb5-4fa4-a97d-d965ccfc6d4b" outcome="Passed" testListId="8c84fa94-04c1-424b-9868-57a2d4851a1d" relativeResultsDirectory="c76829b1-0a6e-431b-8241-2d9692b70389" />
    <UnitTestResult executionId="a0012a50-7224-4be3-a831-b77a83fa5a86" testId="669c4bd2-88a0-301f-2fda-19ed864dfd71" testName="BirkNext.Web.Tests.Pages.ArchitectureViewTests.ArchitectureView_ConnectsToSpecDrift" computerName="BUF-5CG4423FYV" duration="00:00:00.3357887" startTime="2026-08-17T13:12:26.6994323+02:00" endTime="2026-08-17T13:12:26.6994324+02:00" testType="13cdc9d9-ddb5-4fa4-a97d-d965ccfc6d4b" outcome="Passed" testListId="8c84fa94-04c1-424b-9868-57a2d4851a1d" relativeResultsDirectory="a0012a50-7224-4be3-a831-b77a83fa5a86" />
    <UnitTestResult executionId="49c4b926-83ae-412e-848b-722c256c415e" testId="dce0a4d2-9a95-297d-14f9-e69939b1a587" testName="BirkNext.Web.Tests.Components.SpecComparisonPanelSaveTests.SaveButton_SuccessfulSave_CallsMutationOnce" computerName="BUF-5CG4423FYV" duration="00:00:00.0135756" startTime="2026-08-17T13:12:26.7432213+02:00" endTime="2026-08-17T13:12:26.7432215+02:00" testType="13cdc9d9-ddb5-4fa4-a97d-d965ccfc6d4b" outcome="Passed" testListId="8c84fa94-04c1-424b-9868-57a2d4851a1d" relativeResultsDirectory="49c4b926-83ae-412e-848b-722c256c415e" />
    <UnitTestResult executionId="676b84b8-63ce-42a5-bc3e-df356d10b677" testId="49051878-368f-7e34-5d7f-db18e8031df3" testName="BirkNext.Web.Tests.Services.QaDeltaReviewSerializerTests.RoundTrip_PreservesSummaryCounts" computerName="BUF-5CG4423FYV" duration="00:00:00.0574062" startTime="2026-08-17T13:12:26.4246303+02:00" endTime="2026-08-17T13:12:26.4246304+02:00" testType="13cdc9d9-ddb5-4fa4-a97d-d965ccfc6d4b" outcome="Passed" testListId="8c84fa94-04c1-424b-9868-57a2d4851a1d" relativeResultsDirectory="676b84b8-63ce-42a5-bc3e-df356d10b677" />
    <UnitTestResult executionId="7be3ed22-b79a-4948-8c77-2332b738e624" testId="1d1046b8-17e7-c2f6-6a77-dc1801d03025" testName="BirkNext.Web.Tests.Components.SpecComparisonPanelSaveTests.SaveButton_SuccessfulSave_ShowsSuccessMessage" computerName="BUF-5CG4423FYV" duration="00:00:00.0288888" startTime="2026-08-17T13:12:26.7177679+02:00" endTime="2026-08-17T13:12:26.7177680+02:00" testType="13cdc9d9-ddb5-4fa4-a97d-d965ccfc6d4b" outcome="Passed" testListId="8c84fa94-04c1-424b-9868-57a2d4851a1d" relativeResultsDirectory="7be3ed22-b79a-4948-8c77-2332b738e624" />
    <UnitTestResult executionId="f79bbfb3-fa51-44bb-8f5c-569482295e29" testId="d76eef3e-fd60-bad9-b072-d965c0761a84" testName="BirkNext.Web.Tests.Services.QaDeltaReviewSerializerTests.RoundTrip_PreservesDeltaItemCounts" computerName="BUF-5CG4423FYV" duration="00:00:00.0004874" startTime="2026-08-17T13:12:26.4401078+02:00" endTime="2026-08-17T13:12:26.4401078+02:00" testType="13cdc9d9-ddb5-4fa4-a97d-d965ccfc6d4b" outcome="Passed" testListId="8c84fa94-04c1-424b-9868-57a2d4851a1d" relativeResultsDirectory="f79bbfb3-fa51-44bb-8f5c-569482295e29" />
    <UnitTestResult executionId="89c5cbd5-2442-4e10-8525-6371ddf43047" testId="461c627f-dc0e-6d29-0985-f45737332cdd" testName="BirkNext.Web.Tests.Components.SpecComparisonPanelTests.SpecInputsSection_RendersWithoutRunningComparison" computerName="BUF-5CG4423FYV" duration="00:00:00.0024730" startTime="2026-08-17T13:12:26.8062224+02:00" endTime="2026-08-17T13:12:26.8062225+02:00" testType="13cdc9d9-ddb5-4fa4-a97d-d965ccfc6d4b" outcome="Passed" testListId="8c84fa94-04c1-424b-9868-57a2d4851a1d" relativeResultsDirectory="89c5cbd5-2442-4e10-8525-6371ddf43047" />
    <UnitTestResult executionId="ddb4fc75-7a91-48f1-bbe7-cc573ecb7a9d" testId="9a295cd7-85a8-a320-dac4-bcd88c8f36cb" testName="BirkNext.Web.Tests.Services.SpecComparisonServiceTests.Compare_counts_uncovered_added_requirements_without_same_context_tests" computerName="BUF-5CG4423FYV" duration="00:00:00.0008134" startTime="2026-08-17T13:12:26.4031779+02:00" endTime="2026-08-17T13:12:26.4031779+02:00" testType="13cdc9d9-ddb5-4fa4-a97d-d965ccfc6d4b" outcome="Passed" testListId="8c84fa94-04c1-424b-9868-57a2d4851a1d" relativeResultsDirectory="ddb4fc75-7a91-48f1-bbe7-cc573ecb7a9d" />
    <UnitTestResult executionId="b5f3700a-3a5b-4849-8f5a-f4dfbabd7b49" testId="eb8bf906-474b-ce85-0510-403b595269ca" testName="BirkNext.Web.Tests.Pages.CompareReviewsPageTests.CompareReviews_RedirectsToSpecDrift" computerName="BUF-5CG4423FYV" duration="00:00:00.2070911" startTime="2026-08-17T13:12:26.5707914+02:00" endTime="2026-08-17T13:12:26.5707915+02:00" testType="13cdc9d9-ddb5-4fa4-a97d-d965ccfc6d4b" outcome="Passed" testListId="8c84fa94-04c1-424b-9868-57a2d4851a1d" relativeResultsDirectory="b5f3700a-3a5b-4849-8f5a-f4dfbabd7b49" />
    <UnitTestResult executionId="5fea3cc9-a637-4a3c-90ee-a22d4c7708d2" testId="36d0279c-ee53-22f4-c09b-9ad0c8d24e75" testName="BirkNext.Web.Tests.Services.QaDeltaReviewSerializerTests.RoundTrip_EmptyDeltaLists_SerializeAndDeserializeCleanly" computerName="BUF-5CG4423FYV" duration="00:00:00.0010126" startTime="2026-08-17T13:12:26.4320308+02:00" endTime="2026-08-17T13:12:26.4320308+02:00" testType="13cdc9d9-ddb5-4fa4-a97d-d965ccfc6d4b" outcome="Passed" testListId="8c84fa94-04c1-424b-9868-57a2d4851a1d" relativeResultsDirectory="5fea3cc9-a637-4a3c-90ee-a22d4c7708d2" />
    <UnitTestResult executionId="1efa0458-5590-4ca5-8e79-e320f018cc3c" testId="e7b67031-1984-52f2-4f27-9a1b7b6bfb61" testName="BirkNext.Web.Tests.Services.QaDeltaReviewSerializerTests.RoundTrip_ImpactHintsPreserved" computerName="BUF-5CG4423FYV" duration="00:00:00.0107996" startTime="2026-08-17T13:12:26.4400553+02:00" endTime="2026-08-17T13:12:26.4400555+02:00" testType="13cdc9d9-ddb5-4fa4-a97d-d965ccfc6d4b" outcome="Passed" testListId="8c84fa94-04c1-424b-9868-57a2d4851a1d" relativeResultsDirectory="1efa0458-5590-4ca5-8e79-e320f018cc3c" />
    <UnitTestResult executionId="725d8529-2019-4731-b867-d6f058742382" testId="27b93b95-05eb-812f-f1e7-a336418f2b6e" testName="BirkNext.Web.Tests.Components.SpecComparisonPanelTests.DeltaDashboard_HasAriaLabel" computerName="BUF-5CG4423FYV" duration="00:00:00.0080102" startTime="2026-08-17T13:12:26.7852232+02:00" endTime="2026-08-17T13:12:26.7852234+02:00" testType="13cdc9d9-ddb5-4fa4-a97d-d965ccfc6d4b" outcome="Passed" testListId="8c84fa94-04c1-424b-9868-57a2d4851a1d" relativeResultsDirectory="725d8529-2019-4731-b867-d6f058742382" />
    <UnitTestResult executionId="39d31c1a-cca0-4c8b-a6fa-731a105264d9" testId="2bd6c91b-6d35-1f44-9642-e83abc7da438" testName="BirkNext.Web.Tests.Components.SpecComparisonPanelTests.FilterChip_KindFilter_HidesOtherKindCards" computerName="BUF-5CG4423FYV" duration="00:00:00.0241076" startTime="2026-08-17T13:12:26.7581132+02:00" endTime="2026-08-17T13:12:26.7581133+02:00" testType="13cdc9d9-ddb5-4fa4-a97d-d965ccfc6d4b" outcome="Passed" testListId="8c84fa94-04c1-424b-9868-57a2d4851a1d" relativeResultsDirectory="39d31c1a-cca0-4c8b-a6fa-731a105264d9" />
    <UnitTestResult executionId="85eaf428-da2d-4437-bff2-136f4f1e8177" testId="f11c9485-7144-4f65-ff53-b16ce2b3a59d" testName="BirkNext.Web.Tests.Pages.CompareReviewDetailTests.Page_FilterChips_WorkOnReopenedReview" computerName="BUF-5CG4423FYV" duration="00:00:00.2648887" startTime="2026-08-17T13:12:26.6285494+02:00" endTime="2026-08-17T13:12:26.6285496+02:00" testType="13cdc9d9-ddb5-4fa4-a97d-d965ccfc6d4b" outcome="Passed" testListId="8c84fa94-04c1-424b-9868-57a2d4851a1d" relativeResultsDirectory="85eaf428-da2d-4437-bff2-136f4f1e8177" />
    <UnitTestResult executionId="7fa35ff3-2c77-47d3-8dfc-02ecfd814d81" testId="ac7fe1bb-aa80-3ace-b756-43696dbc9bab" testName="BirkNext.Web.Tests.Components.SpecComparisonPanelTests.DeltaCard_Markup_DoesNotContainConcatenatedBadgeText" computerName="BUF-5CG4423FYV" duration="00:00:00.2730774" startTime="2026-08-17T13:12:26.6382877+02:00" endTime="2026-08-17T13:12:26.6382878+02:00" testType="13cdc9d9-ddb5-4fa4-a97d-d965ccfc6d4b" outcome="Passed" testListId="8c84fa94-04c1-424b-9868-57a2d4851a1d" relativeResultsDirectory="7fa35ff3-2c77-47d3-8dfc-02ecfd814d81" />
  </Results>
  <TestDefinitions>
    <UnitTest name="BirkNext.Web.Tests.Components.SpecComparisonPanelTests.FilterChip_Added_BecomesActiveWhenClicked" storage="c:\users\ajaan\source\sdd-repos\birknext\aiassisted\frontend\birknext.web.tests\bin\debug\net8.0\birknext.web.tests.dll" id="74ef9b65-a295-5566-a60c-1497060f7f8e">
      <Execution id="f1a57547-d299-4c3f-b4b9-28f908a8b90d" />
      <TestMethod codeBase="C:\Users\ajaan\source\sdd-repos\BirkNext\AIAssisted\frontend\BirkNext.Web.Tests\bin\Debug\net8.0\BirkNext.Web.Tests.dll" adapterTypeName="executor://xunit/VsTestRunner2/netcoreapp" className="BirkNext.Web.Tests.Components.SpecComparisonPanelTests" name="FilterChip_Added_BecomesActiveWhenClicked" />
    </UnitTest>
    <UnitTest name="BirkNext.Web.Tests.Services.QaDeltaReviewSerializerTests.RoundTrip_PreservesRemovedItemTitle" storage="c:\users\ajaan\source\sdd-repos\birknext\aiassisted\frontend\birknext.web.tests\bin\debug\net8.0\birknext.web.tests.dll" id="09415457-0940-1d58-b398-a3a1d8c1605c">
      <Execution id="1a1fc6cc-7f6e-47f8-aa13-8d9899d08e12" />
      <TestMethod codeBase="C:\Users\ajaan\source\sdd-repos\BirkNext\AIAssisted\frontend\BirkNext.Web.Tests\bin\Debug\net8.0\BirkNext.Web.Tests.dll" adapterTypeName="executor://xunit/VsTestRunner2/netcoreapp" className="BirkNext.Web.Tests.Services.QaDeltaReviewSerializerTests" name="RoundTrip_PreservesRemovedItemTitle" />
    </UnitTest>
    <UnitTest name="BirkNext.Web.Tests.Components.SpecComparisonPanelSaveTests.SaveButton_SuccessfulSave_ShowsSuccessMessage" storage="c:\users\ajaan\source\sdd-repos\birknext\aiassisted\frontend\birknext.web.tests\bin\debug\net8.0\birknext.web.tests.dll" id="1d1046b8-17e7-c2f6-6a77-dc1801d03025">
      <Execution id="7be3ed22-b79a-4948-8c77-2332b738e624" />
      <TestMethod codeBase="C:\Users\ajaan\source\sdd-repos\BirkNext\AIAssisted\frontend\BirkNext.Web.Tests\bin\Debug\net8.0\BirkNext.Web.Tests.dll" adapterTypeName="executor://xunit/VsTestRunner2/netcoreapp" className="BirkNext.Web.Tests.Components.SpecComparisonPanelSaveTests" name="SaveButton_SuccessfulSave_ShowsSuccessMessage" />
    </UnitTest>
    <UnitTest name="BirkNext.Web.Tests.Services.SpecComparisonServiceTests.Compare_counts_uncovered_added_requirements_without_same_context_tests" storage="c:\users\ajaan\source\sdd-repos\birknext\aiassisted\frontend\birknext.web.tests\bin\debug\net8.0\birknext.web.tests.dll" id="9a295cd7-85a8-a320-dac4-bcd88c8f36cb">
      <Execution id="ddb4fc75-7a91-48f1-bbe7-cc573ecb7a9d" />
      <TestMethod codeBase="C:\Users\ajaan\source\sdd-repos\BirkNext\AIAssisted\frontend\BirkNext.Web.Tests\bin\Debug\net8.0\BirkNext.Web.Tests.dll" adapterTypeName="executor://xunit/VsTestRunner2/netcoreapp" className="BirkNext.Web.Tests.Services.SpecComparisonServiceTests" name="Compare_counts_uncovered_added_requirements_without_same_context_tests" />
    </UnitTest>
    <UnitTest name="BirkNext.Web.Tests.Components.SpecComparisonPanelTests.ChangeExplorer_ShowsEmptyState_WhenKindFilterHasNoMatches" storage="c:\users\ajaan\source\sdd-repos\birknext\aiassisted\frontend\birknext.web.tests\bin\debug\net8.0\birknext.web.tests.dll" id="2c80280c-9728-dc8d-8e68-33ddbcb31b3a">
      <Execution id="a298325e-aba8-42c2-a8c8-287ca5f55c7c" />
      <TestMethod codeBase="C:\Users\ajaan\source\sdd-repos\BirkNext\AIAssisted\frontend\BirkNext.Web.Tests\bin\Debug\net8.0\BirkNext.Web.Tests.dll" adapterTypeName="executor://xunit/VsTestRunner2/netcoreapp" className="BirkNext.Web.Tests.Components.SpecComparisonPanelTests" name="ChangeExplorer_ShowsEmptyState_WhenKindFilterHasNoMatches" />
    </UnitTest>
    <UnitTest name="BirkNext.Web.Tests.Components.SpecComparisonPanelTests.FilterToolbar_HasAriaLabel" storage="c:\users\ajaan\source\sdd-repos\birknext\aiassisted\frontend\birknext.web.tests\bin\debug\net8.0\birknext.web.tests.dll" id="7e5bda9d-c712-5dfe-1902-66dc48a88791">
      <Execution id="7c47fd1c-34e6-4379-b116-0de337a57799" />
      <TestMethod codeBase="C:\Users\ajaan\source\sdd-repos\BirkNext\AIAssisted\frontend\BirkNext.Web.Tests\bin\Debug\net8.0\BirkNext.Web.Tests.dll" adapterTypeName="executor://xunit/VsTestRunner2/netcoreapp" className="BirkNext.Web.Tests.Components.SpecComparisonPanelTests" name="FilterToolbar_HasAriaLabel" />
    </UnitTest>
    <UnitTest name="BirkNext.Web.Tests.Components.SpecComparisonPanelTests.FilterChips_HaveAriaPressed" storage="c:\users\ajaan\source\sdd-repos\birknext\aiassisted\frontend\birknext.web.tests\bin\debug\net8.0\birknext.web.tests.dll" id="dbc31587-0c8c-e62f-52c9-017bbb4cc65b">
      <Execution id="0035c136-21c6-4480-bab7-250ae17ca519" />
      <TestMethod codeBase="C:\Users\ajaan\source\sdd-repos\BirkNext\AIAssisted\frontend\BirkNext.Web.Tests\bin\Debug\net8.0\BirkNext.Web.Tests.dll" adapterTypeName="executor://xunit/VsTestRunner2/netcoreapp" className="BirkNext.Web.Tests.Components.SpecComparisonPanelTests" name="FilterChips_HaveAriaPressed" />
    </UnitTest>
    <UnitTest name="BirkNext.Web.Tests.Components.SpecComparisonPanelTests.DeltaCard_Modified_ShowsDiffGrid" storage="c:\users\ajaan\source\sdd-repos\birknext\aiassisted\frontend\birknext.web.tests\bin\debug\net8.0\birknext.web.tests.dll" id="12016d22-3c47-5469-c0c7-51a3b9f92520">
      <Execution id="3d8e9150-1ae4-4850-a126-2aae9cc99109" />
      <TestMethod codeBase="C:\Users\ajaan\source\sdd-repos\BirkNext\AIAssisted\frontend\BirkNext.Web.Tests\bin\Debug\net8.0\BirkNext.Web.Tests.dll" adapterTypeName="executor://xunit/VsTestRunner2/netcoreapp" className="BirkNext.Web.Tests.Components.SpecComparisonPanelTests" name="DeltaCard_Modified_ShowsDiffGrid" />
    </UnitTest>
    <UnitTest name="BirkNext.Web.Tests.Services.QaDeltaReviewSerializerTests.RoundTrip_PreservesDeltaItemCounts" storage="c:\users\ajaan\source\sdd-repos\birknext\aiassisted\frontend\birknext.web.tests\bin\debug\net8.0\birknext.web.tests.dll" id="d76eef3e-fd60-bad9-b072-d965c0761a84">
      <Execution id="f79bbfb3-fa51-44bb-8f5c-569482295e29" />
      <TestMethod codeBase="C:\Users\ajaan\source\sdd-repos\BirkNext\AIAssisted\frontend\BirkNext.Web.Tests\bin\Debug\net8.0\BirkNext.Web.Tests.dll" adapterTypeName="executor://xunit/VsTestRunner2/netcoreapp" className="BirkNext.Web.Tests.Services.QaDeltaReviewSerializerTests" name="RoundTrip_PreservesDeltaItemCounts" />
    </UnitTest>
    <UnitTest name="BirkNext.Web.Tests.Pages.CompareReviewDetailTests.Page_RendersDeltaCards_FromDeserializedJson" storage="c:\users\ajaan\source\sdd-repos\birknext\aiassisted\frontend\birknext.web.tests\bin\debug\net8.0\birknext.web.tests.dll" id="29cf307d-604d-1fe8-6ca6-aac5365e693b">
      <Execution id="b8645c4d-c642-4eab-b328-8897f69f1d10" />
      <TestMethod codeBase="C:\Users\ajaan\source\sdd-repos\BirkNext\AIAssisted\frontend\BirkNext.Web.Tests\bin\Debug\net8.0\BirkNext.Web.Tests.dll" adapterTypeName="executor://xunit/VsTestRunner2/netcoreapp" className="BirkNext.Web.Tests.Pages.CompareReviewDetailTests" name="Page_RendersDeltaCards_FromDeserializedJson" />
    </UnitTest>
    <UnitTest name="BirkNext.Web.Tests.Components.SpecComparisonPanelTests.DeltaCard_Added_ShowsSingleTextWithoutDiffGrid" storage="c:\users\ajaan\source\sdd-repos\birknext\aiassisted\frontend\birknext.web.tests\bin\debug\net8.0\birknext.web.tests.dll" id="d4e6cbd9-d45d-5e06-a5fb-aafac4afb6e0">
      <Execution id="7a588566-cf61-46d7-8f18-3830748283f6" />
      <TestMethod codeBase="C:\Users\ajaan\source\sdd-repos\BirkNext\AIAssisted\frontend\BirkNext.Web.Tests\bin\Debug\net8.0\BirkNext.Web.Tests.dll" adapterTypeName="executor://xunit/VsTestRunner2/netcoreapp" className="BirkNext.Web.Tests.Components.SpecComparisonPanelTests" name="DeltaCard_Added_ShowsSingleTextWithoutDiffGrid" />
    </UnitTest>
    <UnitTest name="BirkNext.Web.Tests.Components.SpecComparisonPanelTests.FilterChip_AllTypes_IsActiveByDefault" storage="c:\users\ajaan\source\sdd-repos\birknext\aiassisted\frontend\birknext.web.tests\bin\debug\net8.0\birknext.web.tests.dll" id="3ec1e308-72c9-b9d9-ed82-2529bb2e8e45">
      <Execution id="8b0a4218-bb96-4dc7-b2e3-f76b6d66d519" />
      <TestMethod codeBase="C:\Users\ajaan\source\sdd-repos\BirkNext\AIAssisted\frontend\BirkNext.Web.Tests\bin\Debug\net8.0\BirkNext.Web.Tests.dll" adapterTypeName="executor://xunit/VsTestRunner2/netcoreapp" className="BirkNext.Web.Tests.Components.SpecComparisonPanelTests" name="FilterChip_AllTypes_IsActiveByDefault" />
    </UnitTest>
    <UnitTest name="BirkNext.Web.Tests.Services.SpecComparisonServiceTests.Compare_counts_unresolved_clarification_risk" storage="c:\users\ajaan\source\sdd-repos\birknext\aiassisted\frontend\birknext.web.tests\bin\debug\net8.0\birknext.web.tests.dll" id="02553e0c-26af-8824-7eea-b6098d18c184">
      <Execution id="e7b05e42-4e06-40c3-9036-54236a4d3e78" />
      <TestMethod codeBase="C:\Users\ajaan\source\sdd-repos\BirkNext\AIAssisted\frontend\BirkNext.Web.Tests\bin\Debug\net8.0\BirkNext.Web.Tests.dll" adapterTypeName="executor://xunit/VsTestRunner2/netcoreapp" className="BirkNext.Web.Tests.Services.SpecComparisonServiceTests" name="Compare_counts_unresolved_clarification_risk" />
    </UnitTest>
    <UnitTest name="BirkNext.Web.Tests.Components.QaDeltaReviewListTests.Reviews_ShowsSummaryMetrics" storage="c:\users\ajaan\source\sdd-repos\birknext\aiassisted\frontend\birknext.web.tests\bin\debug\net8.0\birknext.web.tests.dll" id="abb76f5d-081d-349e-02cc-3543e94bcd11">
      <Execution id="78a5afd5-2202-4a9c-9f6e-20262421eef7" />
      <TestMethod codeBase="C:\Users\ajaan\source\sdd-repos\BirkNext\AIAssisted\frontend\BirkNext.Web.Tests\bin\Debug\net8.0\BirkNext.Web.Tests.dll" adapterTypeName="executor://xunit/VsTestRunner2/netcoreapp" className="BirkNext.Web.Tests.Components.QaDeltaReviewListTests" name="Reviews_ShowsSummaryMetrics" />
    </UnitTest>
    <UnitTest name="BirkNext.Web.Tests.Components.SpecComparisonPanelTests.ChangeExplorer_SectionHeading_ContainsRequirementsText" storage="c:\users\ajaan\source\sdd-repos\birknext\aiassisted\frontend\birknext.web.tests\bin\debug\net8.0\birknext.web.tests.dll" id="b86bfd99-f9ff-5b4b-0ee1-d93d9704b31b">
      <Execution id="f69536ca-614e-489e-b8d5-1eec30c13c03" />
      <TestMethod codeBase="C:\Users\ajaan\source\sdd-repos\BirkNext\AIAssisted\frontend\BirkNext.Web.Tests\bin\Debug\net8.0\BirkNext.Web.Tests.dll" adapterTypeName="executor://xunit/VsTestRunner2/netcoreapp" className="BirkNext.Web.Tests.Components.SpecComparisonPanelTests" name="ChangeExplorer_SectionHeading_ContainsRequirementsText" />
    </UnitTest>
    <UnitTest name="BirkNext.Web.Tests.Pages.ExtractionAcceptanceCriteriaTests.ExtractionPage_DoesNotRenderSpecComparisonUi" storage="c:\users\ajaan\source\sdd-repos\birknext\aiassisted\frontend\birknext.web.tests\bin\debug\net8.0\birknext.web.tests.dll" id="a08a902a-e20d-d32e-f0aa-55df88d8f08e">
      <Execution id="60948eb0-1c65-4ccd-ba72-77b5ba8b5ccf" />
      <TestMethod codeBase="C:\Users\ajaan\source\sdd-repos\BirkNext\AIAssisted\frontend\BirkNext.Web.Tests\bin\Debug\net8.0\BirkNext.Web.Tests.dll" adapterTypeName="executor://xunit/VsTestRunner2/netcoreapp" className="BirkNext.Web.Tests.Pages.ExtractionAcceptanceCriteriaTests" name="ExtractionPage_DoesNotRenderSpecComparisonUi" />
    </UnitTest>
    <UnitTest name="BirkNext.Web.Tests.Components.SpecComparisonPanelTests.DeltaDashboard_HasAriaLabel" storage="c:\users\ajaan\source\sdd-repos\birknext\aiassisted\frontend\birknext.web.tests\bin\debug\net8.0\birknext.web.tests.dll" id="27b93b95-05eb-812f-f1e7-a336418f2b6e">
      <Execution id="725d8529-2019-4731-b867-d6f058742382" />
      <TestMethod codeBase="C:\Users\ajaan\source\sdd-repos\BirkNext\AIAssisted\frontend\BirkNext.Web.Tests\bin\Debug\net8.0\BirkNext.Web.Tests.dll" adapterTypeName="executor://xunit/VsTestRunner2/netcoreapp" className="BirkNext.Web.Tests.Components.SpecComparisonPanelTests" name="DeltaDashboard_HasAriaLabel" />
    </UnitTest>
    <UnitTest name="BirkNext.Web.Tests.Components.SpecComparisonPanelSaveTests.SaveSection_NotPresent_BeforeComparison" storage="c:\users\ajaan\source\sdd-repos\birknext\aiassisted\frontend\birknext.web.tests\bin\debug\net8.0\birknext.web.tests.dll" id="5403c129-2c29-10a7-93ce-f05b00f138bf">
      <Execution id="9d619ae5-43de-4ab5-a6ea-1df51013d201" />
      <TestMethod codeBase="C:\Users\ajaan\source\sdd-repos\BirkNext\AIAssisted\frontend\BirkNext.Web.Tests\bin\Debug\net8.0\BirkNext.Web.Tests.dll" adapterTypeName="executor://xunit/VsTestRunner2/netcoreapp" className="BirkNext.Web.Tests.Components.SpecComparisonPanelSaveTests" name="SaveSection_NotPresent_BeforeComparison" />
    </UnitTest>
    <UnitTest name="BirkNext.Web.Tests.Components.SpecComparisonPanelSaveTests.ReviewTitleInput_HasDefaultValueWithComparisonPrefix" storage="c:\users\ajaan\source\sdd-repos\birknext\aiassisted\frontend\birknext.web.tests\bin\debug\net8.0\birknext.web.tests.dll" id="31270317-9d0b-92c0-42a2-82d5ce8c82a0">
      <Execution id="37223c28-31de-46c6-888b-f32e896483ad" />
      <TestMethod codeBase="C:\Users\ajaan\source\sdd-repos\BirkNext\AIAssisted\frontend\BirkNext.Web.Tests\bin\Debug\net8.0\BirkNext.Web.Tests.dll" adapterTypeName="executor://xunit/VsTestRunner2/netcoreapp" className="BirkNext.Web.Tests.Components.SpecComparisonPanelSaveTests" name="ReviewTitleInput_HasDefaultValueWithComparisonPrefix" />
    </UnitTest>
    <UnitTest name="BirkNext.Web.Tests.Components.SpecComparisonPanelTests.FilterChip_AllDeltas_IsActiveByDefault" storage="c:\users\ajaan\source\sdd-repos\birknext\aiassisted\frontend\birknext.web.tests\bin\debug\net8.0\birknext.web.tests.dll" id="b19c56cb-61b8-1306-79f6-9f3d733db9db">
      <Execution id="df91abbc-b95e-4a9c-ab0a-26501518f94e" />
      <TestMethod codeBase="C:\Users\ajaan\source\sdd-repos\BirkNext\AIAssisted\frontend\BirkNext.Web.Tests\bin\Debug\net8.0\BirkNext.Web.Tests.dll" adapterTypeName="executor://xunit/VsTestRunner2/netcoreapp" className="BirkNext.Web.Tests.Components.SpecComparisonPanelTests" name="FilterChip_AllDeltas_IsActiveByDefault" />
    </UnitTest>
    <UnitTest name="BirkNext.Web.Tests.Services.QaDeltaReviewSerializerTests.RoundTrip_ClassificationsGroupedCorrectly" storage="c:\users\ajaan\source\sdd-repos\birknext\aiassisted\frontend\birknext.web.tests\bin\debug\net8.0\birknext.web.tests.dll" id="f879cac6-bb42-991c-c945-1634f6fbc201">
      <Execution id="c40c7378-0725-41ec-8a76-88c9fbd4b4db" />
      <TestMethod codeBase="C:\Users\ajaan\source\sdd-repos\BirkNext\AIAssisted\frontend\BirkNext.Web.Tests\bin\Debug\net8.0\BirkNext.Web.Tests.dll" adapterTypeName="executor://xunit/VsTestRunner2/netcoreapp" className="BirkNext.Web.Tests.Services.QaDeltaReviewSerializerTests" name="RoundTrip_ClassificationsGroupedCorrectly" />
    </UnitTest>
    <UnitTest name="BirkNext.Web.Tests.Pages.CompareReviewDetailTests.Page_RendersDeltaSummary_FromDeserializedJson" storage="c:\users\ajaan\source\sdd-repos\birknext\aiassisted\frontend\birknext.web.tests\bin\debug\net8.0\birknext.web.tests.dll" id="1103d4ac-4586-bc72-7396-6b6ae949f17e">
      <Execution id="54453881-ffb0-435f-a8e3-e237531d0ab8" />
      <TestMethod codeBase="C:\Users\ajaan\source\sdd-repos\BirkNext\AIAssisted\frontend\BirkNext.Web.Tests\bin\Debug\net8.0\BirkNext.Web.Tests.dll" adapterTypeName="executor://xunit/VsTestRunner2/netcoreapp" className="BirkNext.Web.Tests.Pages.CompareReviewDetailTests" name="Page_RendersDeltaSummary_FromDeserializedJson" />
    </UnitTest>
    <UnitTest name="BirkNext.Web.Tests.Components.QaDeltaReviewListTests.Reviews_RendersOneCardPerReview" storage="c:\users\ajaan\source\sdd-repos\birknext\aiassisted\frontend\birknext.web.tests\bin\debug\net8.0\birknext.web.tests.dll" id="938a8609-ae37-1af6-5c3e-127d348f8023">
      <Execution id="ee032a01-373e-4bf2-beea-82ba6f9e2d42" />
      <TestMethod codeBase="C:\Users\ajaan\source\sdd-repos\BirkNext\AIAssisted\frontend\BirkNext.Web.Tests\bin\Debug\net8.0\BirkNext.Web.Tests.dll" adapterTypeName="executor://xunit/VsTestRunner2/netcoreapp" className="BirkNext.Web.Tests.Components.QaDeltaReviewListTests" name="Reviews_RendersOneCardPerReview" />
    </UnitTest>
    <UnitTest name="BirkNext.Web.Tests.Components.SpecComparisonPanelSaveTests.SaveButton_NetworkException_ShowsInlineError" storage="c:\users\ajaan\source\sdd-repos\birknext\aiassisted\frontend\birknext.web.tests\bin\debug\net8.0\birknext.web.tests.dll" id="498b4556-d84b-166f-722e-de5a50f870a2">
      <Execution id="e63aac7b-580d-41d5-88fd-2447fb62b71d" />
      <TestMethod codeBase="C:\Users\ajaan\source\sdd-repos\BirkNext\AIAssisted\frontend\BirkNext.Web.Tests\bin\Debug\net8.0\BirkNext.Web.Tests.dll" adapterTypeName="executor://xunit/VsTestRunner2/netcoreapp" className="BirkNext.Web.Tests.Components.SpecComparisonPanelSaveTests" name="SaveButton_NetworkException_ShowsInlineError" />
    </UnitTest>
    <UnitTest name="BirkNext.Web.Tests.Pages.AnalysisNavigationTests.NoDuplicateSpecComparisonEntryExists" storage="c:\users\ajaan\source\sdd-repos\birknext\aiassisted\frontend\birknext.web.tests\bin\debug\net8.0\birknext.web.tests.dll" id="e777a9bb-2b68-a4b8-e4bf-88ed0ce3d7ee">
      <Execution id="b0020335-903d-4d46-8e5e-721be93de67f" />
      <TestMethod codeBase="C:\Users\ajaan\source\sdd-repos\BirkNext\AIAssisted\frontend\BirkNext.Web.Tests\bin\Debug\net8.0\BirkNext.Web.Tests.dll" adapterTypeName="executor://xunit/VsTestRunner2/netcoreapp" className="BirkNext.Web.Tests.Pages.AnalysisNavigationTests" name="NoDuplicateSpecComparisonEntryExists" />
    </UnitTest>
    <UnitTest name="BirkNext.Web.Tests.Pages.CompareReviewDetailTests.Page_RendersTitle_FromLoadedReview" storage="c:\users\ajaan\source\sdd-repos\birknext\aiassisted\frontend\birknext.web.tests\bin\debug\net8.0\birknext.web.tests.dll" id="1ed7bf5e-9306-f1a5-188b-a16fdfb560b5">
      <Execution id="a7c03ab5-2173-4779-8033-8b3ce46bb11d" />
      <TestMethod codeBase="C:\Users\ajaan\source\sdd-repos\BirkNext\AIAssisted\frontend\BirkNext.Web.Tests\bin\Debug\net8.0\BirkNext.Web.Tests.dll" adapterTypeName="executor://xunit/VsTestRunner2/netcoreapp" className="BirkNext.Web.Tests.Pages.CompareReviewDetailTests" name="Page_RendersTitle_FromLoadedReview" />
    </UnitTest>
    <UnitTest name="BirkNext.Web.Tests.Pages.CompareSpecsPageTests.CompareSpecs_RedirectsToSpecDrift" storage="c:\users\ajaan\source\sdd-repos\birknext\aiassisted\frontend\birknext.web.tests\bin\debug\net8.0\birknext.web.tests.dll" id="277e1293-8074-9e83-f5bf-212d7b4ff5aa">
      <Execution id="77a3829e-61ea-462d-a0bc-8f604d167129" />
      <TestMethod codeBase="C:\Users\ajaan\source\sdd-repos\BirkNext\AIAssisted\frontend\BirkNext.Web.Tests\bin\Debug\net8.0\BirkNext.Web.Tests.dll" adapterTypeName="executor://xunit/VsTestRunner2/netcoreapp" className="BirkNext.Web.Tests.Pages.CompareSpecsPageTests" name="CompareSpecs_RedirectsToSpecDrift" />
    </UnitTest>
    <UnitTest name="BirkNext.Web.Tests.Components.SpecComparisonPanelTests.SpecInputsSection_RendersWithoutRunningComparison" storage="c:\users\ajaan\source\sdd-repos\birknext\aiassisted\frontend\birknext.web.tests\bin\debug\net8.0\birknext.web.tests.dll" id="461c627f-dc0e-6d29-0985-f45737332cdd">
      <Execution id="89c5cbd5-2442-4e10-8525-6371ddf43047" />
      <TestMethod codeBase="C:\Users\ajaan\source\sdd-repos\BirkNext\AIAssisted\frontend\BirkNext.Web.Tests\bin\Debug\net8.0\BirkNext.Web.Tests.dll" adapterTypeName="executor://xunit/VsTestRunner2/netcoreapp" className="BirkNext.Web.Tests.Components.SpecComparisonPanelTests" name="SpecInputsSection_RendersWithoutRunningComparison" />
    </UnitTest>
    <UnitTest name="BirkNext.Web.Tests.Components.QaDeltaReviewListTests.Review_WithCoverageImpact_ShowsAttentionStatus" storage="c:\users\ajaan\source\sdd-repos\birknext\aiassisted\frontend\birknext.web.tests\bin\debug\net8.0\birknext.web.tests.dll" id="8748ece6-8a1f-70e0-cb62-a004a2ac44c8">
      <Execution id="601c2ae1-9b93-4c38-a49a-4d0b15584caa" />
      <TestMethod codeBase="C:\Users\ajaan\source\sdd-repos\BirkNext\AIAssisted\frontend\BirkNext.Web.Tests\bin\Debug\net8.0\BirkNext.Web.Tests.dll" adapterTypeName="executor://xunit/VsTestRunner2/netcoreapp" className="BirkNext.Web.Tests.Components.QaDeltaReviewListTests" name="Review_WithCoverageImpact_ShowsAttentionStatus" />
    </UnitTest>
    <UnitTest name="BirkNext.Web.Tests.Components.QaDeltaReviewListTests.DeleteButton_Click_ThenConfirm_InvokesCallback" storage="c:\users\ajaan\source\sdd-repos\birknext\aiassisted\frontend\birknext.web.tests\bin\debug\net8.0\birknext.web.tests.dll" id="6e50b20f-b40a-cc5a-e2d8-8bb6dbdfed2f">
      <Execution id="b56eca8d-2911-45f4-a394-cd382376f402" />
      <TestMethod codeBase="C:\Users\ajaan\source\sdd-repos\BirkNext\AIAssisted\frontend\BirkNext.Web.Tests\bin\Debug\net8.0\BirkNext.Web.Tests.dll" adapterTypeName="executor://xunit/VsTestRunner2/netcoreapp" className="BirkNext.Web.Tests.Components.QaDeltaReviewListTests" name="DeleteButton_Click_ThenConfirm_InvokesCallback" />
    </UnitTest>
    <UnitTest name="BirkNext.Web.Tests.Services.SpecComparisonServiceTests.Compare_detects_added_removed_and_unchanged_items_deterministically" storage="c:\users\ajaan\source\sdd-repos\birknext\aiassisted\frontend\birknext.web.tests\bin\debug\net8.0\birknext.web.tests.dll" id="7af706ff-fc0c-a455-dfe8-5f6ce89d7e31">
      <Execution id="b41f07ca-00a9-4b0b-8cf4-c935729a2b3e" />
      <TestMethod codeBase="C:\Users\ajaan\source\sdd-repos\BirkNext\AIAssisted\frontend\BirkNext.Web.Tests\bin\Debug\net8.0\BirkNext.Web.Tests.dll" adapterTypeName="executor://xunit/VsTestRunner2/netcoreapp" className="BirkNext.Web.Tests.Services.SpecComparisonServiceTests" name="Compare_detects_added_removed_and_unchanged_items_deterministically" />
    </UnitTest>
    <UnitTest name="BirkNext.Web.Tests.Components.SpecComparisonPanelTests.DeltaCard_StatusAndKindBadges_AreRenderedAsSeparateElements" storage="c:\users\ajaan\source\sdd-repos\birknext\aiassisted\frontend\birknext.web.tests\bin\debug\net8.0\birknext.web.tests.dll" id="e0f83168-323c-06ea-6c9a-31f6281fc72b">
      <Execution id="893fee9a-79fa-46a9-8925-e6db32f8d1ad" />
      <TestMethod codeBase="C:\Users\ajaan\source\sdd-repos\BirkNext\AIAssisted\frontend\BirkNext.Web.Tests\bin\Debug\net8.0\BirkNext.Web.Tests.dll" adapterTypeName="executor://xunit/VsTestRunner2/netcoreapp" className="BirkNext.Web.Tests.Components.SpecComparisonPanelTests" name="DeltaCard_StatusAndKindBadges_AreRenderedAsSeparateElements" />
    </UnitTest>
    <UnitTest name="BirkNext.Web.Tests.Components.QaDeltaReviewListTests.OpenLink_HasCorrectHref" storage="c:\users\ajaan\source\sdd-repos\birknext\aiassisted\frontend\birknext.web.tests\bin\debug\net8.0\birknext.web.tests.dll" id="3e192285-0ca7-e56c-0c70-86bb6144c98f">
      <Execution id="7c61bf1c-9871-4993-b3f2-bd7000ae4392" />
      <TestMethod codeBase="C:\Users\ajaan\source\sdd-repos\BirkNext\AIAssisted\frontend\BirkNext.Web.Tests\bin\Debug\net8.0\BirkNext.Web.Tests.dll" adapterTypeName="executor://xunit/VsTestRunner2/netcoreapp" className="BirkNext.Web.Tests.Components.QaDeltaReviewListTests" name="OpenLink_HasCorrectHref" />
    </UnitTest>
    <UnitTest name="BirkNext.Web.Tests.Services.SpecComparisonServiceTests.Compare_uses_manual_links_for_impacted_tests_and_removed_requirement_hints" storage="c:\users\ajaan\source\sdd-repos\birknext\aiassisted\frontend\birknext.web.tests\bin\debug\net8.0\birknext.web.tests.dll" id="f5bbf6ef-c8a1-8f77-b408-bee4d70e5480">
      <Execution id="36f9d179-dfd4-4d68-bcd6-c87236e94d6a" />
      <TestMethod codeBase="C:\Users\ajaan\source\sdd-repos\BirkNext\AIAssisted\frontend\BirkNext.Web.Tests\bin\Debug\net8.0\BirkNext.Web.Tests.dll" adapterTypeName="executor://xunit/VsTestRunner2/netcoreapp" className="BirkNext.Web.Tests.Services.SpecComparisonServiceTests" name="Compare_uses_manual_links_for_impacted_tests_and_removed_requirement_hints" />
    </UnitTest>
    <UnitTest name="BirkNext.Web.Tests.Pages.CompareReviewDetailTests.Page_SpecFileNames_ShownInHeader" storage="c:\users\ajaan\source\sdd-repos\birknext\aiassisted\frontend\birknext.web.tests\bin\debug\net8.0\birknext.web.tests.dll" id="99736aa5-d15d-364c-a79e-f13d93fcdb6c">
      <Execution id="a3d16e3a-85a6-4f27-aefe-9bb6c7352806" />
      <TestMethod codeBase="C:\Users\ajaan\source\sdd-repos\BirkNext\AIAssisted\frontend\BirkNext.Web.Tests\bin\Debug\net8.0\BirkNext.Web.Tests.dll" adapterTypeName="executor://xunit/VsTestRunner2/netcoreapp" className="BirkNext.Web.Tests.Pages.CompareReviewDetailTests" name="Page_SpecFileNames_ShownInHeader" />
    </UnitTest>
    <UnitTest name="BirkNext.Web.Tests.Services.QaDeltaReviewSerializerTests.RoundTrip_PreservesAddedItemTitle" storage="c:\users\ajaan\source\sdd-repos\birknext\aiassisted\frontend\birknext.web.tests\bin\debug\net8.0\birknext.web.tests.dll" id="85d80911-8653-7803-a698-303c0c36e1e4">
      <Execution id="c76829b1-0a6e-431b-8241-2d9692b70389" />
      <TestMethod codeBase="C:\Users\ajaan\source\sdd-repos\BirkNext\AIAssisted\frontend\BirkNext.Web.Tests\bin\Debug\net8.0\BirkNext.Web.Tests.dll" adapterTypeName="executor://xunit/VsTestRunner2/netcoreapp" className="BirkNext.Web.Tests.Services.QaDeltaReviewSerializerTests" name="RoundTrip_PreservesAddedItemTitle" />
    </UnitTest>
    <UnitTest name="BirkNext.Web.Tests.Components.SpecComparisonPanelTests.DeltaCards_AreRenderedAfterComparison" storage="c:\users\ajaan\source\sdd-repos\birknext\aiassisted\frontend\birknext.web.tests\bin\debug\net8.0\birknext.web.tests.dll" id="00ee26eb-e6df-4bbe-f6d2-b5c7e3b51027">
      <Execution id="4dd1ca7e-98a7-468e-9336-66ab359890f3" />
      <TestMethod codeBase="C:\Users\ajaan\source\sdd-repos\BirkNext\AIAssisted\frontend\BirkNext.Web.Tests\bin\Debug\net8.0\BirkNext.Web.Tests.dll" adapterTypeName="executor://xunit/VsTestRunner2/netcoreapp" className="BirkNext.Web.Tests.Components.SpecComparisonPanelTests" name="DeltaCards_AreRenderedAfterComparison" />
    </UnitTest>
    <UnitTest name="BirkNext.Web.Tests.Components.SpecComparisonPanelTests.DeltaCard_Markup_DoesNotContainConcatenatedBadgeText" storage="c:\users\ajaan\source\sdd-repos\birknext\aiassisted\frontend\birknext.web.tests\bin\debug\net8.0\birknext.web.tests.dll" id="ac7fe1bb-aa80-3ace-b756-43696dbc9bab">
      <Execution id="7fa35ff3-2c77-47d3-8dfc-02ecfd814d81" />
      <TestMethod codeBase="C:\Users\ajaan\source\sdd-repos\BirkNext\AIAssisted\frontend\BirkNext.Web.Tests\bin\Debug\net8.0\BirkNext.Web.Tests.dll" adapterTypeName="executor://xunit/VsTestRunner2/netcoreapp" className="BirkNext.Web.Tests.Components.SpecComparisonPanelTests" name="DeltaCard_Markup_DoesNotContainConcatenatedBadgeText" />
    </UnitTest>
    <UnitTest name="BirkNext.Web.Tests.Services.QaDeltaReviewSerializerTests.RoundTrip_EmptyDeltaLists_SerializeAndDeserializeCleanly" storage="c:\users\ajaan\source\sdd-repos\birknext\aiassisted\frontend\birknext.web.tests\bin\debug\net8.0\birknext.web.tests.dll" id="36d0279c-ee53-22f4-c09b-9ad0c8d24e75">
      <Execution id="5fea3cc9-a637-4a3c-90ee-a22d4c7708d2" />
      <TestMethod codeBase="C:\Users\ajaan\source\sdd-repos\BirkNext\AIAssisted\frontend\BirkNext.Web.Tests\bin\Debug\net8.0\BirkNext.Web.Tests.dll" adapterTypeName="executor://xunit/VsTestRunner2/netcoreapp" className="BirkNext.Web.Tests.Services.QaDeltaReviewSerializerTests" name="RoundTrip_EmptyDeltaLists_SerializeAndDeserializeCleanly" />
    </UnitTest>
    <UnitTest name="BirkNext.Web.Tests.Components.QaDeltaReviewListTests.EmptyList_ShowsEmptyState" storage="c:\users\ajaan\source\sdd-repos\birknext\aiassisted\frontend\birknext.web.tests\bin\debug\net8.0\birknext.web.tests.dll" id="eca735bf-03e6-d584-9b07-b258108633fb">
      <Execution id="40551147-c258-4fe8-8a11-bce7a84fd5f6" />
      <TestMethod codeBase="C:\Users\ajaan\source\sdd-repos\BirkNext\AIAssisted\frontend\BirkNext.Web.Tests\bin\Debug\net8.0\BirkNext.Web.Tests.dll" adapterTypeName="executor://xunit/VsTestRunner2/netcoreapp" className="BirkNext.Web.Tests.Components.QaDeltaReviewListTests" name="EmptyList_ShowsEmptyState" />
    </UnitTest>
    <UnitTest name="BirkNext.Web.Tests.Pages.CompareReviewDetailTests.Page_LoadError_ShowsInlineError" storage="c:\users\ajaan\source\sdd-repos\birknext\aiassisted\frontend\birknext.web.tests\bin\debug\net8.0\birknext.web.tests.dll" id="900e0a17-8baf-f670-5fbb-63653dacaca0">
      <Execution id="194588a1-f9fb-43cc-93af-aa5cb0d58b03" />
      <TestMethod codeBase="C:\Users\ajaan\source\sdd-repos\BirkNext\AIAssisted\frontend\BirkNext.Web.Tests\bin\Debug\net8.0\BirkNext.Web.Tests.dll" adapterTypeName="executor://xunit/VsTestRunner2/netcoreapp" className="BirkNext.Web.Tests.Pages.CompareReviewDetailTests" name="Page_LoadError_ShowsInlineError" />
    </UnitTest>
    <UnitTest name="BirkNext.Web.Tests.Pages.AnalysisNavigationTests.SpecDrift_IncludesChangesTab" storage="c:\users\ajaan\source\sdd-repos\birknext\aiassisted\frontend\birknext.web.tests\bin\debug\net8.0\birknext.web.tests.dll" id="77e583ad-6fdc-3047-8ac4-4c23f99f53dc">
      <Execution id="3787efd1-0645-42e5-b2a4-c7a4daedd2db" />
      <TestMethod codeBase="C:\Users\ajaan\source\sdd-repos\BirkNext\AIAssisted\frontend\BirkNext.Web.Tests\bin\Debug\net8.0\BirkNext.Web.Tests.dll" adapterTypeName="executor://xunit/VsTestRunner2/netcoreapp" className="BirkNext.Web.Tests.Pages.AnalysisNavigationTests" name="SpecDrift_IncludesChangesTab" />
    </UnitTest>
    <UnitTest name="BirkNext.Web.Tests.Components.QaDeltaReviewListTests.DeleteError_ShowsInline" storage="c:\users\ajaan\source\sdd-repos\birknext\aiassisted\frontend\birknext.web.tests\bin\debug\net8.0\birknext.web.tests.dll" id="f19f8748-9252-b563-e93a-3f41d015cb89">
      <Execution id="e1205736-6d9d-460e-9b87-75090269bac1" />
      <TestMethod codeBase="C:\Users\ajaan\source\sdd-repos\BirkNext\AIAssisted\frontend\BirkNext.Web.Tests\bin\Debug\net8.0\BirkNext.Web.Tests.dll" adapterTypeName="executor://xunit/VsTestRunner2/netcoreapp" className="BirkNext.Web.Tests.Components.QaDeltaReviewListTests" name="DeleteError_ShowsInline" />
    </UnitTest>
    <UnitTest name="BirkNext.Web.Tests.Components.SpecComparisonPanelSaveTests.SaveButton_ApiError_ShowsInlineError" storage="c:\users\ajaan\source\sdd-repos\birknext\aiassisted\frontend\birknext.web.tests\bin\debug\net8.0\birknext.web.tests.dll" id="e389458c-c695-bd3b-3c86-804b4cf40615">
      <Execution id="c667521d-16f8-4549-8bc3-310c373e2fa3" />
      <TestMethod codeBase="C:\Users\ajaan\source\sdd-repos\BirkNext\AIAssisted\frontend\BirkNext.Web.Tests\bin\Debug\net8.0\BirkNext.Web.Tests.dll" adapterTypeName="executor://xunit/VsTestRunner2/netcoreapp" className="BirkNext.Web.Tests.Components.SpecComparisonPanelSaveTests" name="SaveButton_ApiError_ShowsInlineError" />
    </UnitTest>
    <UnitTest name="BirkNext.Web.Tests.Components.SpecComparisonPanelSaveTests.SaveButton_EmptyTitle_ShowsValidationError_AndDoesNotCallMutation" storage="c:\users\ajaan\source\sdd-repos\birknext\aiassisted\frontend\birknext.web.tests\bin\debug\net8.0\birknext.web.tests.dll" id="9bb6d036-afea-c7f7-7951-c4b9e28366b0">
      <Execution id="0927d10c-7282-4ecb-88e4-c0f3e1728aba" />
      <TestMethod codeBase="C:\Users\ajaan\source\sdd-repos\BirkNext\AIAssisted\frontend\BirkNext.Web.Tests\bin\Debug\net8.0\BirkNext.Web.Tests.dll" adapterTypeName="executor://xunit/VsTestRunner2/netcoreapp" className="BirkNext.Web.Tests.Components.SpecComparisonPanelSaveTests" name="SaveButton_EmptyTitle_ShowsValidationError_AndDoesNotCallMutation" />
    </UnitTest>
    <UnitTest name="BirkNext.Web.Tests.Services.QaDeltaReviewSerializerTests.RoundTrip_PreservesSummaryCounts" storage="c:\users\ajaan\source\sdd-repos\birknext\aiassisted\frontend\birknext.web.tests\bin\debug\net8.0\birknext.web.tests.dll" id="49051878-368f-7e34-5d7f-db18e8031df3">
      <Execution id="676b84b8-63ce-42a5-bc3e-df356d10b677" />
      <TestMethod codeBase="C:\Users\ajaan\source\sdd-repos\BirkNext\AIAssisted\frontend\BirkNext.Web.Tests\bin\Debug\net8.0\BirkNext.Web.Tests.dll" adapterTypeName="executor://xunit/VsTestRunner2/netcoreapp" className="BirkNext.Web.Tests.Services.QaDeltaReviewSerializerTests" name="RoundTrip_PreservesSummaryCounts" />
    </UnitTest>
    <UnitTest name="BirkNext.Web.Tests.Components.SpecComparisonPanelTests.DeltaSummaryAndChangeExplorer_AppearAfterComparison" storage="c:\users\ajaan\source\sdd-repos\birknext\aiassisted\frontend\birknext.web.tests\bin\debug\net8.0\birknext.web.tests.dll" id="672b9162-6c66-2d06-460c-3c175afbf0a6">
      <Execution id="1506c184-d06f-481b-a43a-99828c6778cd" />
      <TestMethod codeBase="C:\Users\ajaan\source\sdd-repos\BirkNext\AIAssisted\frontend\BirkNext.Web.Tests\bin\Debug\net8.0\BirkNext.Web.Tests.dll" adapterTypeName="executor://xunit/VsTestRunner2/netcoreapp" className="BirkNext.Web.Tests.Components.SpecComparisonPanelTests" name="DeltaSummaryAndChangeExplorer_AppearAfterComparison" />
    </UnitTest>
    <UnitTest name="BirkNext.Web.Tests.Services.QaDeltaReviewSerializerTests.RoundTrip_PreservesOldAndNewTitles" storage="c:\users\ajaan\source\sdd-repos\birknext\aiassisted\frontend\birknext.web.tests\bin\debug\net8.0\birknext.web.tests.dll" id="a7f0df14-0361-ebae-8543-4b3112e70bc8">
      <Execution id="2eb622bb-9b6e-4d92-ab53-0505ccbc1d35" />
      <TestMethod codeBase="C:\Users\ajaan\source\sdd-repos\BirkNext\AIAssisted\frontend\BirkNext.Web.Tests\bin\Debug\net8.0\BirkNext.Web.Tests.dll" adapterTypeName="executor://xunit/VsTestRunner2/netcoreapp" className="BirkNext.Web.Tests.Services.QaDeltaReviewSerializerTests" name="RoundTrip_PreservesOldAndNewTitles" />
    </UnitTest>
    <UnitTest name="BirkNext.Web.Tests.Pages.CompareReviewsPageTests.CompareReviews_RedirectsToSpecDrift" storage="c:\users\ajaan\source\sdd-repos\birknext\aiassisted\frontend\birknext.web.tests\bin\debug\net8.0\birknext.web.tests.dll" id="eb8bf906-474b-ce85-0510-403b595269ca">
      <Execution id="b5f3700a-3a5b-4849-8f5a-f4dfbabd7b49" />
      <TestMethod codeBase="C:\Users\ajaan\source\sdd-repos\BirkNext\AIAssisted\frontend\BirkNext.Web.Tests\bin\Debug\net8.0\BirkNext.Web.Tests.dll" adapterTypeName="executor://xunit/VsTestRunner2/netcoreapp" className="BirkNext.Web.Tests.Pages.CompareReviewsPageTests" name="CompareReviews_RedirectsToSpecDrift" />
    </UnitTest>
    <UnitTest name="BirkNext.Web.Tests.Pages.AnalysisNavigationTests.OldRoutes_RedirectToSpecDrift" storage="c:\users\ajaan\source\sdd-repos\birknext\aiassisted\frontend\birknext.web.tests\bin\debug\net8.0\birknext.web.tests.dll" id="9bfb8581-9a7a-39ee-4971-9104b14c9d27">
      <Execution id="6d1a34e0-2120-4327-99bf-c63b079410c8" />
      <TestMethod codeBase="C:\Users\ajaan\source\sdd-repos\BirkNext\AIAssisted\frontend\BirkNext.Web.Tests\bin\Debug\net8.0\BirkNext.Web.Tests.dll" adapterTypeName="executor://xunit/VsTestRunner2/netcoreapp" className="BirkNext.Web.Tests.Pages.AnalysisNavigationTests" name="OldRoutes_RedirectToSpecDrift" />
    </UnitTest>
    <UnitTest name="BirkNext.Web.Tests.Components.SpecComparisonPanelTests.SpecInputTextareas_HaveAriaLabels" storage="c:\users\ajaan\source\sdd-repos\birknext\aiassisted\frontend\birknext.web.tests\bin\debug\net8.0\birknext.web.tests.dll" id="64dd24ee-777a-9b50-4115-2c3d4d3561c9">
      <Execution id="3724eb28-32f7-434b-ac82-79fd9cba164a" />
      <TestMethod codeBase="C:\Users\ajaan\source\sdd-repos\BirkNext\AIAssisted\frontend\BirkNext.Web.Tests\bin\Debug\net8.0\BirkNext.Web.Tests.dll" adapterTypeName="executor://xunit/VsTestRunner2/netcoreapp" className="BirkNext.Web.Tests.Components.SpecComparisonPanelTests" name="SpecInputTextareas_HaveAriaLabels" />
    </UnitTest>
    <UnitTest name="BirkNext.Web.Tests.Components.SpecComparisonPanelSaveTests.SaveSection_AppearsAfterComparison" storage="c:\users\ajaan\source\sdd-repos\birknext\aiassisted\frontend\birknext.web.tests\bin\debug\net8.0\birknext.web.tests.dll" id="c0f301f4-3b84-dd5c-40a5-f2836066e78d">
      <Execution id="784a828a-4184-4b02-a917-0966a8c0250c" />
      <TestMethod codeBase="C:\Users\ajaan\source\sdd-repos\BirkNext\AIAssisted\frontend\BirkNext.Web.Tests\bin\Debug\net8.0\BirkNext.Web.Tests.dll" adapterTypeName="executor://xunit/VsTestRunner2/netcoreapp" className="BirkNext.Web.Tests.Components.SpecComparisonPanelSaveTests" name="SaveSection_AppearsAfterComparison" />
    </UnitTest>
    <UnitTest name="BirkNext.Web.Tests.Pages.CompareReviewDetailTests.Page_FilterChips_WorkOnReopenedReview" storage="c:\users\ajaan\source\sdd-repos\birknext\aiassisted\frontend\birknext.web.tests\bin\debug\net8.0\birknext.web.tests.dll" id="f11c9485-7144-4f65-ff53-b16ce2b3a59d">
      <Execution id="85eaf428-da2d-4437-bff2-136f4f1e8177" />
      <TestMethod codeBase="C:\Users\ajaan\source\sdd-repos\BirkNext\AIAssisted\frontend\BirkNext.Web.Tests\bin\Debug\net8.0\BirkNext.Web.Tests.dll" adapterTypeName="executor://xunit/VsTestRunner2/netcoreapp" className="BirkNext.Web.Tests.Pages.CompareReviewDetailTests" name="Page_FilterChips_WorkOnReopenedReview" />
    </UnitTest>
    <UnitTest name="BirkNext.Web.Tests.Pages.CompareReviewDetailTests.Page_EmptyDeltas_ShowsChangeExplorerEmpty" storage="c:\users\ajaan\source\sdd-repos\birknext\aiassisted\frontend\birknext.web.tests\bin\debug\net8.0\birknext.web.tests.dll" id="623242aa-9c1d-b833-0d69-832fadd21461">
      <Execution id="9abf9b35-431a-4aff-a399-9883d2cec928" />
      <TestMethod codeBase="C:\Users\ajaan\source\sdd-repos\BirkNext\AIAssisted\frontend\BirkNext.Web.Tests\bin\Debug\net8.0\BirkNext.Web.Tests.dll" adapterTypeName="executor://xunit/VsTestRunner2/netcoreapp" className="BirkNext.Web.Tests.Pages.CompareReviewDetailTests" name="Page_EmptyDeltas_ShowsChangeExplorerEmpty" />
    </UnitTest>
    <UnitTest name="BirkNext.Web.Tests.Components.SpecComparisonPanelTests.EmptyDeltaResultsAndProfileCards_RenderBeforeComparison" storage="c:\users\ajaan\source\sdd-repos\birknext\aiassisted\frontend\birknext.web.tests\bin\debug\net8.0\birknext.web.tests.dll" id="092b9bf1-23bf-741f-9592-5b093dba0ec1">
      <Execution id="1ce98961-9b47-4b29-a5d1-d793a72e9cc3" />
      <TestMethod codeBase="C:\Users\ajaan\source\sdd-repos\BirkNext\AIAssisted\frontend\BirkNext.Web.Tests\bin\Debug\net8.0\BirkNext.Web.Tests.dll" adapterTypeName="executor://xunit/VsTestRunner2/netcoreapp" className="BirkNext.Web.Tests.Components.SpecComparisonPanelTests" name="EmptyDeltaResultsAndProfileCards_RenderBeforeComparison" />
    </UnitTest>
    <UnitTest name="BirkNext.Web.Tests.Components.SpecComparisonPanelTests.ChangeExplorer_SectionHeading_HasSeparateCountElement" storage="c:\users\ajaan\source\sdd-repos\birknext\aiassisted\frontend\birknext.web.tests\bin\debug\net8.0\birknext.web.tests.dll" id="e8ab4f6f-4b30-d28f-213d-92a9b4858d50">
      <Execution id="9b89549b-a57d-4aa6-a562-c6c83b46bcd6" />
      <TestMethod codeBase="C:\Users\ajaan\source\sdd-repos\BirkNext\AIAssisted\frontend\BirkNext.Web.Tests\bin\Debug\net8.0\BirkNext.Web.Tests.dll" adapterTypeName="executor://xunit/VsTestRunner2/netcoreapp" className="BirkNext.Web.Tests.Components.SpecComparisonPanelTests" name="ChangeExplorer_SectionHeading_HasSeparateCountElement" />
    </UnitTest>
    <UnitTest name="BirkNext.Web.Tests.Components.SpecComparisonPanelTests.FilterChip_Requirements_BecomesActiveWhenClicked" storage="c:\users\ajaan\source\sdd-repos\birknext\aiassisted\frontend\birknext.web.tests\bin\debug\net8.0\birknext.web.tests.dll" id="99e99bba-c6d6-1922-850d-16323ed25a9a">
      <Execution id="a894490f-dffa-4a92-892c-4ceb6b608f02" />
      <TestMethod codeBase="C:\Users\ajaan\source\sdd-repos\BirkNext\AIAssisted\frontend\BirkNext.Web.Tests\bin\Debug\net8.0\BirkNext.Web.Tests.dll" adapterTypeName="executor://xunit/VsTestRunner2/netcoreapp" className="BirkNext.Web.Tests.Components.SpecComparisonPanelTests" name="FilterChip_Requirements_BecomesActiveWhenClicked" />
    </UnitTest>
    <UnitTest name="BirkNext.Web.Tests.Pages.AnalysisNavigationTests.SpecDriftIsOnlySpecChangeEntryPoint" storage="c:\users\ajaan\source\sdd-repos\birknext\aiassisted\frontend\birknext.web.tests\bin\debug\net8.0\birknext.web.tests.dll" id="cbe349bd-855d-af59-fd00-bbca9d94a735">
      <Execution id="f3fba3c8-afe3-44d8-8846-6de3f252e422" />
      <TestMethod codeBase="C:\Users\ajaan\source\sdd-repos\BirkNext\AIAssisted\frontend\BirkNext.Web.Tests\bin\Debug\net8.0\BirkNext.Web.Tests.dll" adapterTypeName="executor://xunit/VsTestRunner2/netcoreapp" className="BirkNext.Web.Tests.Pages.AnalysisNavigationTests" name="SpecDriftIsOnlySpecChangeEntryPoint" />
    </UnitTest>
    <UnitTest name="BirkNext.Web.Tests.Services.QaDeltaReviewSerializerTests.RoundTrip_ImpactHintsPreserved" storage="c:\users\ajaan\source\sdd-repos\birknext\aiassisted\frontend\birknext.web.tests\bin\debug\net8.0\birknext.web.tests.dll" id="e7b67031-1984-52f2-4f27-9a1b7b6bfb61">
      <Execution id="1efa0458-5590-4ca5-8e79-e320f018cc3c" />
      <TestMethod codeBase="C:\Users\ajaan\source\sdd-repos\BirkNext\AIAssisted\frontend\BirkNext.Web.Tests\bin\Debug\net8.0\BirkNext.Web.Tests.dll" adapterTypeName="executor://xunit/VsTestRunner2/netcoreapp" className="BirkNext.Web.Tests.Services.QaDeltaReviewSerializerTests" name="RoundTrip_ImpactHintsPreserved" />
    </UnitTest>
    <UnitTest name="BirkNext.Web.Tests.Components.SpecComparisonPanelSaveTests.SaveButton_SuccessfulSave_CallsMutationOnce" storage="c:\users\ajaan\source\sdd-repos\birknext\aiassisted\frontend\birknext.web.tests\bin\debug\net8.0\birknext.web.tests.dll" id="dce0a4d2-9a95-297d-14f9-e69939b1a587">
      <Execution id="49c4b926-83ae-412e-848b-722c256c415e" />
      <TestMethod codeBase="C:\Users\ajaan\source\sdd-repos\BirkNext\AIAssisted\frontend\BirkNext.Web.Tests\bin\Debug\net8.0\BirkNext.Web.Tests.dll" adapterTypeName="executor://xunit/VsTestRunner2/netcoreapp" className="BirkNext.Web.Tests.Components.SpecComparisonPanelSaveTests" name="SaveButton_SuccessfulSave_CallsMutationOnce" />
    </UnitTest>
    <UnitTest name="BirkNext.Web.Tests.Components.SpecComparisonPanelTests.ChangeExplorer_ShowsEmptyState_WhenDeltaFilterHasNoMatches" storage="c:\users\ajaan\source\sdd-repos\birknext\aiassisted\frontend\birknext.web.tests\bin\debug\net8.0\birknext.web.tests.dll" id="a2c7bf97-867d-948c-f864-9c15a99532b8">
      <Execution id="b841a1ff-eecf-4dc3-b2d2-1de743895620" />
      <TestMethod codeBase="C:\Users\ajaan\source\sdd-repos\BirkNext\AIAssisted\frontend\BirkNext.Web.Tests\bin\Debug\net8.0\BirkNext.Web.Tests.dll" adapterTypeName="executor://xunit/VsTestRunner2/netcoreapp" className="BirkNext.Web.Tests.Components.SpecComparisonPanelTests" name="ChangeExplorer_ShowsEmptyState_WhenDeltaFilterHasNoMatches" />
    </UnitTest>
    <UnitTest name="BirkNext.Web.Tests.Pages.ArchitectureViewTests.ArchitectureView_ConnectsToSpecDrift" storage="c:\users\ajaan\source\sdd-repos\birknext\aiassisted\frontend\birknext.web.tests\bin\debug\net8.0\birknext.web.tests.dll" id="669c4bd2-88a0-301f-2fda-19ed864dfd71">
      <Execution id="a0012a50-7224-4be3-a831-b77a83fa5a86" />
      <TestMethod codeBase="C:\Users\ajaan\source\sdd-repos\BirkNext\AIAssisted\frontend\BirkNext.Web.Tests\bin\Debug\net8.0\BirkNext.Web.Tests.dll" adapterTypeName="executor://xunit/VsTestRunner2/netcoreapp" className="BirkNext.Web.Tests.Pages.ArchitectureViewTests" name="ArchitectureView_ConnectsToSpecDrift" />
    </UnitTest>
    <UnitTest name="BirkNext.Web.Tests.Components.SpecComparisonPanelTests.ChangeExplorer_HidesEmptyState_WhenResultsExist" storage="c:\users\ajaan\source\sdd-repos\birknext\aiassisted\frontend\birknext.web.tests\bin\debug\net8.0\birknext.web.tests.dll" id="6884907d-cbbc-0420-ef35-4a17f0715e06">
      <Execution id="32da72d3-9b28-45f2-8548-71219170dfa2" />
      <TestMethod codeBase="C:\Users\ajaan\source\sdd-repos\BirkNext\AIAssisted\frontend\BirkNext.Web.Tests\bin\Debug\net8.0\BirkNext.Web.Tests.dll" adapterTypeName="executor://xunit/VsTestRunner2/netcoreapp" className="BirkNext.Web.Tests.Components.SpecComparisonPanelTests" name="ChangeExplorer_HidesEmptyState_WhenResultsExist" />
    </UnitTest>
    <UnitTest name="BirkNext.Web.Tests.Services.SpecComparisonServiceTests.Compare_matches_requirements_by_extracted_id_and_marks_modified" storage="c:\users\ajaan\source\sdd-repos\birknext\aiassisted\frontend\birknext.web.tests\bin\debug\net8.0\birknext.web.tests.dll" id="4da17da7-7e92-1aed-1102-f845dfa0e5ae">
      <Execution id="b59b006e-02cb-4899-b57d-33b0e2f7d532" />
      <TestMethod codeBase="C:\Users\ajaan\source\sdd-repos\BirkNext\AIAssisted\frontend\BirkNext.Web.Tests\bin\Debug\net8.0\BirkNext.Web.Tests.dll" adapterTypeName="executor://xunit/VsTestRunner2/netcoreapp" className="BirkNext.Web.Tests.Services.SpecComparisonServiceTests" name="Compare_matches_requirements_by_extracted_id_and_marks_modified" />
    </UnitTest>
    <UnitTest name="BirkNext.Web.Tests.Components.SpecComparisonPanelTests.FilterChip_KindFilter_HidesOtherKindCards" storage="c:\users\ajaan\source\sdd-repos\birknext\aiassisted\frontend\birknext.web.tests\bin\debug\net8.0\birknext.web.tests.dll" id="2bd6c91b-6d35-1f44-9642-e83abc7da438">
      <Execution id="39d31c1a-cca0-4c8b-a6fa-731a105264d9" />
      <TestMethod codeBase="C:\Users\ajaan\source\sdd-repos\BirkNext\AIAssisted\frontend\BirkNext.Web.Tests\bin\Debug\net8.0\BirkNext.Web.Tests.dll" adapterTypeName="executor://xunit/VsTestRunner2/netcoreapp" className="BirkNext.Web.Tests.Components.SpecComparisonPanelTests" name="FilterChip_KindFilter_HidesOtherKindCards" />
    </UnitTest>
  </TestDefinitions>
  <TestEntries>
    <TestEntry testId="498b4556-d84b-166f-722e-de5a50f870a2" executionId="e63aac7b-580d-41d5-88fd-2447fb62b71d" testListId="8c84fa94-04c1-424b-9868-57a2d4851a1d" />
    <TestEntry testId="092b9bf1-23bf-741f-9592-5b093dba0ec1" executionId="1ce98961-9b47-4b29-a5d1-d793a72e9cc3" testListId="8c84fa94-04c1-424b-9868-57a2d4851a1d" />
    <TestEntry testId="f5bbf6ef-c8a1-8f77-b408-bee4d70e5480" executionId="36f9d179-dfd4-4d68-bcd6-c87236e94d6a" testListId="8c84fa94-04c1-424b-9868-57a2d4851a1d" />
    <TestEntry testId="5403c129-2c29-10a7-93ce-f05b00f138bf" executionId="9d619ae5-43de-4ab5-a6ea-1df51013d201" testListId="8c84fa94-04c1-424b-9868-57a2d4851a1d" />
    <TestEntry testId="02553e0c-26af-8824-7eea-b6098d18c184" executionId="e7b05e42-4e06-40c3-9036-54236a4d3e78" testListId="8c84fa94-04c1-424b-9868-57a2d4851a1d" />
    <TestEntry testId="31270317-9d0b-92c0-42a2-82d5ce8c82a0" executionId="37223c28-31de-46c6-888b-f32e896483ad" testListId="8c84fa94-04c1-424b-9868-57a2d4851a1d" />
    <TestEntry testId="99736aa5-d15d-364c-a79e-f13d93fcdb6c" executionId="a3d16e3a-85a6-4f27-aefe-9bb6c7352806" testListId="8c84fa94-04c1-424b-9868-57a2d4851a1d" />
    <TestEntry testId="a7f0df14-0361-ebae-8543-4b3112e70bc8" executionId="2eb622bb-9b6e-4d92-ab53-0505ccbc1d35" testListId="8c84fa94-04c1-424b-9868-57a2d4851a1d" />
    <TestEntry testId="7af706ff-fc0c-a455-dfe8-5f6ce89d7e31" executionId="b41f07ca-00a9-4b0b-8cf4-c935729a2b3e" testListId="8c84fa94-04c1-424b-9868-57a2d4851a1d" />
    <TestEntry testId="abb76f5d-081d-349e-02cc-3543e94bcd11" executionId="78a5afd5-2202-4a9c-9f6e-20262421eef7" testListId="8c84fa94-04c1-424b-9868-57a2d4851a1d" />
    <TestEntry testId="900e0a17-8baf-f670-5fbb-63653dacaca0" executionId="194588a1-f9fb-43cc-93af-aa5cb0d58b03" testListId="8c84fa94-04c1-424b-9868-57a2d4851a1d" />
    <TestEntry testId="672b9162-6c66-2d06-460c-3c175afbf0a6" executionId="1506c184-d06f-481b-a43a-99828c6778cd" testListId="8c84fa94-04c1-424b-9868-57a2d4851a1d" />
    <TestEntry testId="f879cac6-bb42-991c-c945-1634f6fbc201" executionId="c40c7378-0725-41ec-8a76-88c9fbd4b4db" testListId="8c84fa94-04c1-424b-9868-57a2d4851a1d" />
    <TestEntry testId="938a8609-ae37-1af6-5c3e-127d348f8023" executionId="ee032a01-373e-4bf2-beea-82ba6f9e2d42" testListId="8c84fa94-04c1-424b-9868-57a2d4851a1d" />
    <TestEntry testId="12016d22-3c47-5469-c0c7-51a3b9f92520" executionId="3d8e9150-1ae4-4850-a126-2aae9cc99109" testListId="8c84fa94-04c1-424b-9868-57a2d4851a1d" />
    <TestEntry testId="623242aa-9c1d-b833-0d69-832fadd21461" executionId="9abf9b35-431a-4aff-a399-9883d2cec928" testListId="8c84fa94-04c1-424b-9868-57a2d4851a1d" />
    <TestEntry testId="b19c56cb-61b8-1306-79f6-9f3d733db9db" executionId="df91abbc-b95e-4a9c-ab0a-26501518f94e" testListId="8c84fa94-04c1-424b-9868-57a2d4851a1d" />
    <TestEntry testId="1103d4ac-4586-bc72-7396-6b6ae949f17e" executionId="54453881-ffb0-435f-a8e3-e237531d0ab8" testListId="8c84fa94-04c1-424b-9868-57a2d4851a1d" />
    <TestEntry testId="77e583ad-6fdc-3047-8ac4-4c23f99f53dc" executionId="3787efd1-0645-42e5-b2a4-c7a4daedd2db" testListId="8c84fa94-04c1-424b-9868-57a2d4851a1d" />
    <TestEntry testId="99e99bba-c6d6-1922-850d-16323ed25a9a" executionId="a894490f-dffa-4a92-892c-4ceb6b608f02" testListId="8c84fa94-04c1-424b-9868-57a2d4851a1d" />
    <TestEntry testId="74ef9b65-a295-5566-a60c-1497060f7f8e" executionId="f1a57547-d299-4c3f-b4b9-28f908a8b90d" testListId="8c84fa94-04c1-424b-9868-57a2d4851a1d" />
    <TestEntry testId="a2c7bf97-867d-948c-f864-9c15a99532b8" executionId="b841a1ff-eecf-4dc3-b2d2-1de743895620" testListId="8c84fa94-04c1-424b-9868-57a2d4851a1d" />
    <TestEntry testId="9bfb8581-9a7a-39ee-4971-9104b14c9d27" executionId="6d1a34e0-2120-4327-99bf-c63b079410c8" testListId="8c84fa94-04c1-424b-9868-57a2d4851a1d" />
    <TestEntry testId="6e50b20f-b40a-cc5a-e2d8-8bb6dbdfed2f" executionId="b56eca8d-2911-45f4-a394-cd382376f402" testListId="8c84fa94-04c1-424b-9868-57a2d4851a1d" />
    <TestEntry testId="a08a902a-e20d-d32e-f0aa-55df88d8f08e" executionId="60948eb0-1c65-4ccd-ba72-77b5ba8b5ccf" testListId="8c84fa94-04c1-424b-9868-57a2d4851a1d" />
    <TestEntry testId="e777a9bb-2b68-a4b8-e4bf-88ed0ce3d7ee" executionId="b0020335-903d-4d46-8e5e-721be93de67f" testListId="8c84fa94-04c1-424b-9868-57a2d4851a1d" />
    <TestEntry testId="8748ece6-8a1f-70e0-cb62-a004a2ac44c8" executionId="601c2ae1-9b93-4c38-a49a-4d0b15584caa" testListId="8c84fa94-04c1-424b-9868-57a2d4851a1d" />
    <TestEntry testId="29cf307d-604d-1fe8-6ca6-aac5365e693b" executionId="b8645c4d-c642-4eab-b328-8897f69f1d10" testListId="8c84fa94-04c1-424b-9868-57a2d4851a1d" />
    <TestEntry testId="cbe349bd-855d-af59-fd00-bbca9d94a735" executionId="f3fba3c8-afe3-44d8-8846-6de3f252e422" testListId="8c84fa94-04c1-424b-9868-57a2d4851a1d" />
    <TestEntry testId="4da17da7-7e92-1aed-1102-f845dfa0e5ae" executionId="b59b006e-02cb-4899-b57d-33b0e2f7d532" testListId="8c84fa94-04c1-424b-9868-57a2d4851a1d" />
    <TestEntry testId="e389458c-c695-bd3b-3c86-804b4cf40615" executionId="c667521d-16f8-4549-8bc3-310c373e2fa3" testListId="8c84fa94-04c1-424b-9868-57a2d4851a1d" />
    <TestEntry testId="c0f301f4-3b84-dd5c-40a5-f2836066e78d" executionId="784a828a-4184-4b02-a917-0966a8c0250c" testListId="8c84fa94-04c1-424b-9868-57a2d4851a1d" />
    <TestEntry testId="7e5bda9d-c712-5dfe-1902-66dc48a88791" executionId="7c47fd1c-34e6-4379-b116-0de337a57799" testListId="8c84fa94-04c1-424b-9868-57a2d4851a1d" />
    <TestEntry testId="64dd24ee-777a-9b50-4115-2c3d4d3561c9" executionId="3724eb28-32f7-434b-ac82-79fd9cba164a" testListId="8c84fa94-04c1-424b-9868-57a2d4851a1d" />
    <TestEntry testId="1ed7bf5e-9306-f1a5-188b-a16fdfb560b5" executionId="a7c03ab5-2173-4779-8033-8b3ce46bb11d" testListId="8c84fa94-04c1-424b-9868-57a2d4851a1d" />
    <TestEntry testId="eca735bf-03e6-d584-9b07-b258108633fb" executionId="40551147-c258-4fe8-8a11-bce7a84fd5f6" testListId="8c84fa94-04c1-424b-9868-57a2d4851a1d" />
    <TestEntry testId="00ee26eb-e6df-4bbe-f6d2-b5c7e3b51027" executionId="4dd1ca7e-98a7-468e-9336-66ab359890f3" testListId="8c84fa94-04c1-424b-9868-57a2d4851a1d" />
    <TestEntry testId="3e192285-0ca7-e56c-0c70-86bb6144c98f" executionId="7c61bf1c-9871-4993-b3f2-bd7000ae4392" testListId="8c84fa94-04c1-424b-9868-57a2d4851a1d" />
    <TestEntry testId="2c80280c-9728-dc8d-8e68-33ddbcb31b3a" executionId="a298325e-aba8-42c2-a8c8-287ca5f55c7c" testListId="8c84fa94-04c1-424b-9868-57a2d4851a1d" />
    <TestEntry testId="dbc31587-0c8c-e62f-52c9-017bbb4cc65b" executionId="0035c136-21c6-4480-bab7-250ae17ca519" testListId="8c84fa94-04c1-424b-9868-57a2d4851a1d" />
    <TestEntry testId="3ec1e308-72c9-b9d9-ed82-2529bb2e8e45" executionId="8b0a4218-bb96-4dc7-b2e3-f76b6d66d519" testListId="8c84fa94-04c1-424b-9868-57a2d4851a1d" />
    <TestEntry testId="09415457-0940-1d58-b398-a3a1d8c1605c" executionId="1a1fc6cc-7f6e-47f8-aa13-8d9899d08e12" testListId="8c84fa94-04c1-424b-9868-57a2d4851a1d" />
    <TestEntry testId="6884907d-cbbc-0420-ef35-4a17f0715e06" executionId="32da72d3-9b28-45f2-8548-71219170dfa2" testListId="8c84fa94-04c1-424b-9868-57a2d4851a1d" />
    <TestEntry testId="277e1293-8074-9e83-f5bf-212d7b4ff5aa" executionId="77a3829e-61ea-462d-a0bc-8f604d167129" testListId="8c84fa94-04c1-424b-9868-57a2d4851a1d" />
    <TestEntry testId="d4e6cbd9-d45d-5e06-a5fb-aafac4afb6e0" executionId="7a588566-cf61-46d7-8f18-3830748283f6" testListId="8c84fa94-04c1-424b-9868-57a2d4851a1d" />
    <TestEntry testId="f19f8748-9252-b563-e93a-3f41d015cb89" executionId="e1205736-6d9d-460e-9b87-75090269bac1" testListId="8c84fa94-04c1-424b-9868-57a2d4851a1d" />
    <TestEntry testId="e8ab4f6f-4b30-d28f-213d-92a9b4858d50" executionId="9b89549b-a57d-4aa6-a562-c6c83b46bcd6" testListId="8c84fa94-04c1-424b-9868-57a2d4851a1d" />
    <TestEntry testId="9bb6d036-afea-c7f7-7951-c4b9e28366b0" executionId="0927d10c-7282-4ecb-88e4-c0f3e1728aba" testListId="8c84fa94-04c1-424b-9868-57a2d4851a1d" />
    <TestEntry testId="e0f83168-323c-06ea-6c9a-31f6281fc72b" executionId="893fee9a-79fa-46a9-8925-e6db32f8d1ad" testListId="8c84fa94-04c1-424b-9868-57a2d4851a1d" />
    <TestEntry testId="b86bfd99-f9ff-5b4b-0ee1-d93d9704b31b" executionId="f69536ca-614e-489e-b8d5-1eec30c13c03" testListId="8c84fa94-04c1-424b-9868-57a2d4851a1d" />
    <TestEntry testId="85d80911-8653-7803-a698-303c0c36e1e4" executionId="c76829b1-0a6e-431b-8241-2d9692b70389" testListId="8c84fa94-04c1-424b-9868-57a2d4851a1d" />
    <TestEntry testId="669c4bd2-88a0-301f-2fda-19ed864dfd71" executionId="a0012a50-7224-4be3-a831-b77a83fa5a86" testListId="8c84fa94-04c1-424b-9868-57a2d4851a1d" />
    <TestEntry testId="dce0a4d2-9a95-297d-14f9-e69939b1a587" executionId="49c4b926-83ae-412e-848b-722c256c415e" testListId="8c84fa94-04c1-424b-9868-57a2d4851a1d" />
    <TestEntry testId="49051878-368f-7e34-5d7f-db18e8031df3" executionId="676b84b8-63ce-42a5-bc3e-df356d10b677" testListId="8c84fa94-04c1-424b-9868-57a2d4851a1d" />
    <TestEntry testId="1d1046b8-17e7-c2f6-6a77-dc1801d03025" executionId="7be3ed22-b79a-4948-8c77-2332b738e624" testListId="8c84fa94-04c1-424b-9868-57a2d4851a1d" />
    <TestEntry testId="d76eef3e-fd60-bad9-b072-d965c0761a84" executionId="f79bbfb3-fa51-44bb-8f5c-569482295e29" testListId="8c84fa94-04c1-424b-9868-57a2d4851a1d" />
    <TestEntry testId="461c627f-dc0e-6d29-0985-f45737332cdd" executionId="89c5cbd5-2442-4e10-8525-6371ddf43047" testListId="8c84fa94-04c1-424b-9868-57a2d4851a1d" />
    <TestEntry testId="9a295cd7-85a8-a320-dac4-bcd88c8f36cb" executionId="ddb4fc75-7a91-48f1-bbe7-cc573ecb7a9d" testListId="8c84fa94-04c1-424b-9868-57a2d4851a1d" />
    <TestEntry testId="eb8bf906-474b-ce85-0510-403b595269ca" executionId="b5f3700a-3a5b-4849-8f5a-f4dfbabd7b49" testListId="8c84fa94-04c1-424b-9868-57a2d4851a1d" />
    <TestEntry testId="36d0279c-ee53-22f4-c09b-9ad0c8d24e75" executionId="5fea3cc9-a637-4a3c-90ee-a22d4c7708d2" testListId="8c84fa94-04c1-424b-9868-57a2d4851a1d" />
    <TestEntry testId="e7b67031-1984-52f2-4f27-9a1b7b6bfb61" executionId="1efa0458-5590-4ca5-8e79-e320f018cc3c" testListId="8c84fa94-04c1-424b-9868-57a2d4851a1d" />
    <TestEntry testId="27b93b95-05eb-812f-f1e7-a336418f2b6e" executionId="725d8529-2019-4731-b867-d6f058742382" testListId="8c84fa94-04c1-424b-9868-57a2d4851a1d" />
    <TestEntry testId="2bd6c91b-6d35-1f44-9642-e83abc7da438" executionId="39d31c1a-cca0-4c8b-a6fa-731a105264d9" testListId="8c84fa94-04c1-424b-9868-57a2d4851a1d" />
    <TestEntry testId="f11c9485-7144-4f65-ff53-b16ce2b3a59d" executionId="85eaf428-da2d-4437-bff2-136f4f1e8177" testListId="8c84fa94-04c1-424b-9868-57a2d4851a1d" />
    <TestEntry testId="ac7fe1bb-aa80-3ace-b756-43696dbc9bab" executionId="7fa35ff3-2c77-47d3-8dfc-02ecfd814d81" testListId="8c84fa94-04c1-424b-9868-57a2d4851a1d" />
  </TestEntries>
  <TestLists>
    <TestList name="Results Not in a List" id="8c84fa94-04c1-424b-9868-57a2d4851a1d" />
    <TestList name="All Loaded Results" id="19431567-8539-422a-85d7-44ee4e166bda" />
  </TestLists>
  <ResultSummary outcome="Completed">
    <Counters total="65" executed="65" passed="65" failed="0" error="0" timeout="0" aborted="0" inconclusive="0" passedButRunAborted="0" notRunnable="0" notExecuted="0" disconnected="0" warning="0" completed="0" inProgress="0" pending="0" />
    <Output>
      <StdOut>[xUnit.net 00:00:00.00] xUnit.net VSTest Adapter v2.5.3.1+6b60a9e56a (64-bit .NET 8.0.16)&#xD;
[xUnit.net 00:00:00.07]   Discovering: BirkNext.Web.Tests&#xD;
[xUnit.net 00:00:00.19]   Discovered:  BirkNext.Web.Tests&#xD;
[xUnit.net 00:00:00.19]   Starting:    BirkNext.Web.Tests&#xD;
     Warning:&#xD;
     The component "Fluent Assertions" is governed by the rules defined in the Xceed License Agreement and&#xD;
     the Xceed Fluent Assertions Community License. You may use Fluent Assertions free of charge for&#xD;
     non-commercial use only. An active subscription is required to use Fluent Assertions for commercial use.&#xD;
     Please contact Xceed Sales mailto:sales@xceed.com to acquire a subscription at a very low cost.&#xD;
     A paid commercial license supports the development and continued increasing support of&#xD;
     Fluent Assertions users under both commercial and community licenses. Help us&#xD;
     keep Fluent Assertions at the forefront of unit testing.&#xD;
     For more information, visit https://xceed.com/products/unit-testing/fluent-assertions/&#xD;
[xUnit.net 00:00:00.72]   Finished:    BirkNext.Web.Tests&#xD;
</StdOut>
    </Output>
  </ResultSummary>
</TestRun>